Info: Starting: Create block symbol file (.bsf)
Info: qsys-generate C:\Users\USER\Desktop\2025_2_NioII_SoC_Lab\Lab4_DE10\Nios2.qsys --block-symbol-file --output-directory=C:\Users\USER\Desktop\2025_2_NioII_SoC_Lab\Lab4_DE10\Nios2 --family="Cyclone V" --part=5CSXFC6D6F31C6
Progress: Loading Lab4_DE10/Nios2.qsys
Progress: Reading input file
Progress: Adding CLK [clock_source 18.1]
Progress: Parameterizing module CLK
Progress: Adding CPU [altera_nios2_gen2 18.1]
Progress: Parameterizing module CPU
Progress: Adding JUART [altera_avalon_jtag_uart 18.1]
Progress: Parameterizing module JUART
Progress: Adding PIO_LED [altera_avalon_pio 18.1]
Progress: Parameterizing module PIO_LED
Progress: Adding PIO_SW [altera_avalon_pio 18.1]
Progress: Parameterizing module PIO_SW
Progress: Adding PLL [altera_pll 18.1]
Progress: Parameterizing module PLL
Progress: Adding RAM [altera_avalon_onchip_memory2 18.1]
Progress: Parameterizing module RAM
Progress: Adding SDRAM [altera_avalon_new_sdram_controller 18.1]
Progress: Parameterizing module SDRAM
Progress: Adding SEG7_0 [altera_avalon_pio 18.1]
Progress: Parameterizing module SEG7_0
Progress: Adding SEG7_1 [altera_avalon_pio 18.1]
Progress: Parameterizing module SEG7_1
Progress: Adding SEG7_2 [altera_avalon_pio 18.1]
Progress: Parameterizing module SEG7_2
Progress: Adding SEG7_3 [altera_avalon_pio 18.1]
Progress: Parameterizing module SEG7_3
Progress: Adding sysid_qsys_0 [altera_avalon_sysid_qsys 18.1]
Progress: Parameterizing module sysid_qsys_0
Progress: Building connections
Progress: Parameterizing connections
Progress: Validating
Progress: Done reading input file
Info: Nios2.JUART: JTAG UART IP input clock need to be at least double (2x) the operating frequency of JTAG TCK on board
Info: Nios2.PIO_SW: PIO inputs are not hardwired in test bench. Undefined values will be read from PIO inputs during simulation.
Info: Nios2.PLL: The legal reference clock frequency is 5.0 MHz..800.0 MHz
Warning: Nios2.PLL: Able to implement PLL - Actual settings differ from Requested settings
Info: Nios2.SDRAM: SDRAM Controller will only be supported in Quartus Prime Standard Edition in the future release.
Info: Nios2.sysid_qsys_0: System ID is not assigned automatically. Edit the System ID parameter to provide a unique ID
Info: Nios2.sysid_qsys_0: Time stamp will be automatically updated when this component is generated.
Info: qsys-generate succeeded.
Info: Finished: Create block symbol file (.bsf)
Info: 
Info: Starting: Create HDL design files for synthesis
Info: qsys-generate C:\Users\USER\Desktop\2025_2_NioII_SoC_Lab\Lab4_DE10\Nios2.qsys --synthesis=VHDL --output-directory=C:\Users\USER\Desktop\2025_2_NioII_SoC_Lab\Lab4_DE10\Nios2\synthesis --family="Cyclone V" --part=5CSXFC6D6F31C6
Progress: Loading Lab4_DE10/Nios2.qsys
Progress: Reading input file
Progress: Adding CLK [clock_source 18.1]
Progress: Parameterizing module CLK
Progress: Adding CPU [altera_nios2_gen2 18.1]
Progress: Parameterizing module CPU
Progress: Adding JUART [altera_avalon_jtag_uart 18.1]
Progress: Parameterizing module JUART
Progress: Adding PIO_LED [altera_avalon_pio 18.1]
Progress: Parameterizing module PIO_LED
Progress: Adding PIO_SW [altera_avalon_pio 18.1]
Progress: Parameterizing module PIO_SW
Progress: Adding PLL [altera_pll 18.1]
Progress: Parameterizing module PLL
Progress: Adding RAM [altera_avalon_onchip_memory2 18.1]
Progress: Parameterizing module RAM
Progress: Adding SDRAM [altera_avalon_new_sdram_controller 18.1]
Progress: Parameterizing module SDRAM
Progress: Adding SEG7_0 [altera_avalon_pio 18.1]
Progress: Parameterizing module SEG7_0
Progress: Adding SEG7_1 [altera_avalon_pio 18.1]
Progress: Parameterizing module SEG7_1
Progress: Adding SEG7_2 [altera_avalon_pio 18.1]
Progress: Parameterizing module SEG7_2
Progress: Adding SEG7_3 [altera_avalon_pio 18.1]
Progress: Parameterizing module SEG7_3
Progress: Adding sysid_qsys_0 [altera_avalon_sysid_qsys 18.1]
Progress: Parameterizing module sysid_qsys_0
Progress: Building connections
Progress: Parameterizing connections
Progress: Validating
Progress: Done reading input file
Info: Nios2.JUART: JTAG UART IP input clock need to be at least double (2x) the operating frequency of JTAG TCK on board
Info: Nios2.PIO_SW: PIO inputs are not hardwired in test bench. Undefined values will be read from PIO inputs during simulation.
Info: Nios2.PLL: The legal reference clock frequency is 5.0 MHz..800.0 MHz
Warning: Nios2.PLL: Able to implement PLL - Actual settings differ from Requested settings
Info: Nios2.SDRAM: SDRAM Controller will only be supported in Quartus Prime Standard Edition in the future release.
Info: Nios2.sysid_qsys_0: System ID is not assigned automatically. Edit the System ID parameter to provide a unique ID
Info: Nios2.sysid_qsys_0: Time stamp will be automatically updated when this component is generated.
Info: Nios2: Generating Nios2 "Nios2" for QUARTUS_SYNTH
Info: Inserting clock-crossing logic between cmd_demux.src6 and cmd_mux_006.sink0
Info: Inserting clock-crossing logic between cmd_demux_001.src6 and cmd_mux_006.sink1
Info: Inserting clock-crossing logic between rsp_demux_006.src0 and rsp_mux.sink6
Info: Inserting clock-crossing logic between rsp_demux_006.src1 and rsp_mux_001.sink6
Info: CPU: "Nios2" instantiated altera_nios2_gen2 "CPU"
Info: JUART: Starting RTL generation for module 'Nios2_JUART'
Info: JUART:   Generation command is [exec K:/quartus18/quartus/bin64/perl/bin/perl.exe -I K:/quartus18/quartus/bin64/perl/lib -I K:/quartus18/quartus/sopc_builder/bin/europa -I K:/quartus18/quartus/sopc_builder/bin/perl_lib -I K:/quartus18/quartus/sopc_builder/bin -I K:/quartus18/quartus/../ip/altera/sopc_builder_ip/common -I K:/quartus18/quartus/../ip/altera/sopc_builder_ip/altera_avalon_jtag_uart -- K:/quartus18/quartus/../ip/altera/sopc_builder_ip/altera_avalon_jtag_uart/generate_rtl.pl --name=Nios2_JUART --dir=C:/Users/USER/AppData/Local/Temp/alt0514_5290383345523591418.dir/0002_JUART_gen/ --quartus_dir=K:/quartus18/quartus --verilog --config=C:/Users/USER/AppData/Local/Temp/alt0514_5290383345523591418.dir/0002_JUART_gen//Nios2_JUART_component_configuration.pl  --do_build_sim=0  ]
Info: JUART: Done RTL generation for module 'Nios2_JUART'
Info: JUART: "Nios2" instantiated altera_avalon_jtag_uart "JUART"
Info: PIO_LED: Starting RTL generation for module 'Nios2_PIO_LED'
Info: PIO_LED:   Generation command is [exec K:/quartus18/quartus/bin64/perl/bin/perl.exe -I K:/quartus18/quartus/bin64/perl/lib -I K:/quartus18/quartus/sopc_builder/bin/europa -I K:/quartus18/quartus/sopc_builder/bin/perl_lib -I K:/quartus18/quartus/sopc_builder/bin -I K:/quartus18/quartus/../ip/altera/sopc_builder_ip/common -I K:/quartus18/quartus/../ip/altera/sopc_builder_ip/altera_avalon_pio -- K:/quartus18/quartus/../ip/altera/sopc_builder_ip/altera_avalon_pio/generate_rtl.pl --name=Nios2_PIO_LED --dir=C:/Users/USER/AppData/Local/Temp/alt0514_5290383345523591418.dir/0003_PIO_LED_gen/ --quartus_dir=K:/quartus18/quartus --verilog --config=C:/Users/USER/AppData/Local/Temp/alt0514_5290383345523591418.dir/0003_PIO_LED_gen//Nios2_PIO_LED_component_configuration.pl  --do_build_sim=0  ]
Info: PIO_LED: Done RTL generation for module 'Nios2_PIO_LED'
Info: PIO_LED: "Nios2" instantiated altera_avalon_pio "PIO_LED"
Info: PIO_SW: Starting RTL generation for module 'Nios2_PIO_SW'
Info: PIO_SW:   Generation command is [exec K:/quartus18/quartus/bin64/perl/bin/perl.exe -I K:/quartus18/quartus/bin64/perl/lib -I K:/quartus18/quartus/sopc_builder/bin/europa -I K:/quartus18/quartus/sopc_builder/bin/perl_lib -I K:/quartus18/quartus/sopc_builder/bin -I K:/quartus18/quartus/../ip/altera/sopc_builder_ip/common -I K:/quartus18/quartus/../ip/altera/sopc_builder_ip/altera_avalon_pio -- K:/quartus18/quartus/../ip/altera/sopc_builder_ip/altera_avalon_pio/generate_rtl.pl --name=Nios2_PIO_SW --dir=C:/Users/USER/AppData/Local/Temp/alt0514_5290383345523591418.dir/0004_PIO_SW_gen/ --quartus_dir=K:/quartus18/quartus --verilog --config=C:/Users/USER/AppData/Local/Temp/alt0514_5290383345523591418.dir/0004_PIO_SW_gen//Nios2_PIO_SW_component_configuration.pl  --do_build_sim=0  ]
Info: PIO_SW: Done RTL generation for module 'Nios2_PIO_SW'
Info: PIO_SW: "Nios2" instantiated altera_avalon_pio "PIO_SW"
Info: PLL: "Nios2" instantiated altera_pll "PLL"
Info: RAM: Starting RTL generation for module 'Nios2_RAM'
Info: RAM:   Generation command is [exec K:/quartus18/quartus/bin64/perl/bin/perl.exe -I K:/quartus18/quartus/bin64/perl/lib -I K:/quartus18/quartus/sopc_builder/bin/europa -I K:/quartus18/quartus/sopc_builder/bin/perl_lib -I K:/quartus18/quartus/sopc_builder/bin -I K:/quartus18/quartus/../ip/altera/sopc_builder_ip/common -I K:/quartus18/quartus/../ip/altera/sopc_builder_ip/altera_avalon_onchip_memory2 -- K:/quartus18/quartus/../ip/altera/sopc_builder_ip/altera_avalon_onchip_memory2/generate_rtl.pl --name=Nios2_RAM --dir=C:/Users/USER/AppData/Local/Temp/alt0514_5290383345523591418.dir/0006_RAM_gen/ --quartus_dir=K:/quartus18/quartus --verilog --config=C:/Users/USER/AppData/Local/Temp/alt0514_5290383345523591418.dir/0006_RAM_gen//Nios2_RAM_component_configuration.pl  --do_build_sim=0  ]
Info: RAM: Done RTL generation for module 'Nios2_RAM'
Info: RAM: "Nios2" instantiated altera_avalon_onchip_memory2 "RAM"
Info: SDRAM: Starting RTL generation for module 'Nios2_SDRAM'
Info: SDRAM:   Generation command is [exec K:/quartus18/quartus/bin64/perl/bin/perl.exe -I K:/quartus18/quartus/bin64/perl/lib -I K:/quartus18/quartus/sopc_builder/bin/europa -I K:/quartus18/quartus/sopc_builder/bin/perl_lib -I K:/quartus18/quartus/sopc_builder/bin -I K:/quartus18/quartus/../ip/altera/sopc_builder_ip/common -I K:/quartus18/quartus/../ip/altera/sopc_builder_ip/altera_avalon_new_sdram_controller -- K:/quartus18/quartus/../ip/altera/sopc_builder_ip/altera_avalon_new_sdram_controller/generate_rtl.pl --name=Nios2_SDRAM --dir=C:/Users/USER/AppData/Local/Temp/alt0514_5290383345523591418.dir/0007_SDRAM_gen/ --quartus_dir=K:/quartus18/quartus --verilog --config=C:/Users/USER/AppData/Local/Temp/alt0514_5290383345523591418.dir/0007_SDRAM_gen//Nios2_SDRAM_component_configuration.pl  --do_build_sim=0  ]
Info: SDRAM: Done RTL generation for module 'Nios2_SDRAM'
Info: SDRAM: "Nios2" instantiated altera_avalon_new_sdram_controller "SDRAM"
Info: SEG7_0: Starting RTL generation for module 'Nios2_SEG7_0'
Info: SEG7_0:   Generation command is [exec K:/quartus18/quartus/bin64/perl/bin/perl.exe -I K:/quartus18/quartus/bin64/perl/lib -I K:/quartus18/quartus/sopc_builder/bin/europa -I K:/quartus18/quartus/sopc_builder/bin/perl_lib -I K:/quartus18/quartus/sopc_builder/bin -I K:/quartus18/quartus/../ip/altera/sopc_builder_ip/common -I K:/quartus18/quartus/../ip/altera/sopc_builder_ip/altera_avalon_pio -- K:/quartus18/quartus/../ip/altera/sopc_builder_ip/altera_avalon_pio/generate_rtl.pl --name=Nios2_SEG7_0 --dir=C:/Users/USER/AppData/Local/Temp/alt0514_5290383345523591418.dir/0008_SEG7_0_gen/ --quartus_dir=K:/quartus18/quartus --verilog --config=C:/Users/USER/AppData/Local/Temp/alt0514_5290383345523591418.dir/0008_SEG7_0_gen//Nios2_SEG7_0_component_configuration.pl  --do_build_sim=0  ]
Info: SEG7_0: Done RTL generation for module 'Nios2_SEG7_0'
Info: SEG7_0: "Nios2" instantiated altera_avalon_pio "SEG7_0"
Info: sysid_qsys_0: "Nios2" instantiated altera_avalon_sysid_qsys "sysid_qsys_0"
Info: avalon_st_adapter: Inserting error_adapter: error_adapter_0
Info: avalon_st_adapter_001: Inserting error_adapter: error_adapter_0
Info: avalon_st_adapter_002: Inserting error_adapter: error_adapter_0
Info: avalon_st_adapter_003: Inserting error_adapter: error_adapter_0
Info: avalon_st_adapter_004: Inserting error_adapter: error_adapter_0
Info: avalon_st_adapter_005: Inserting error_adapter: error_adapter_0
Info: avalon_st_adapter_006: Inserting error_adapter: error_adapter_0
Info: avalon_st_adapter_007: Inserting error_adapter: error_adapter_0
Info: avalon_st_adapter_008: Inserting error_adapter: error_adapter_0
Info: avalon_st_adapter_009: Inserting error_adapter: error_adapter_0
Info: avalon_st_adapter_010: Inserting error_adapter: error_adapter_0
Info: mm_interconnect_0: "Nios2" instantiated altera_mm_interconnect "mm_interconnect_0"
Info: irq_mapper: "Nios2" instantiated altera_irq_mapper "irq_mapper"
Info: rst_controller: "Nios2" instantiated altera_reset_controller "rst_controller"
Info: cpu: Starting RTL generation for module 'Nios2_CPU_cpu'
Info: cpu:   Generation command is [exec K:/Quartus18/quartus/bin64//eperlcmd.exe -I K:/Quartus18/quartus/bin64//perl/lib -I K:/quartus18/quartus/sopc_builder/bin/europa -I K:/quartus18/quartus/sopc_builder/bin/perl_lib -I K:/quartus18/quartus/sopc_builder/bin -I K:/quartus18/quartus/../ip/altera/nios2_ip/altera_nios2_gen2/cpu_lib -I K:/quartus18/quartus/../ip/altera/nios2_ip/altera_nios2_gen2/nios_lib -I K:/quartus18/quartus/../ip/altera/nios2_ip/altera_nios2_gen2 -I K:/quartus18/quartus/../ip/altera/nios2_ip/altera_nios2_gen2 -- K:/quartus18/quartus/../ip/altera/nios2_ip/altera_nios2_gen2/generate_rtl.epl --name=Nios2_CPU_cpu --dir=C:/Users/USER/AppData/Local/Temp/alt0514_5290383345523591418.dir/0012_cpu_gen/ --quartus_bindir=K:/Quartus18/quartus/bin64/ --verilog --config=C:/Users/USER/AppData/Local/Temp/alt0514_5290383345523591418.dir/0012_cpu_gen//Nios2_CPU_cpu_processor_configuration.pl  --do_build_sim=0  ]
Info: cpu: # 2026.03.02 15:47:18 (*) Starting Nios II generation
Info: cpu: # 2026.03.02 15:47:18 (*)   Checking for plaintext license.
Info: cpu: # 2026.03.02 15:47:19 (*)   Couldn't query license setup in Quartus directory K:/Quartus18/quartus/bin64/
Info: cpu: # 2026.03.02 15:47:19 (*)   Defaulting to contents of LM_LICENSE_FILE environment variable
Info: cpu: # 2026.03.02 15:47:19 (*)   Plaintext license not found.
Info: cpu: # 2026.03.02 15:47:19 (*)   No license required to generate encrypted Nios II/e.
Info: cpu: # 2026.03.02 15:47:19 (*)   Elaborating CPU configuration settings
Info: cpu: # 2026.03.02 15:47:19 (*)   Creating all objects for CPU
Info: cpu: # 2026.03.02 15:47:20 (*)   Generating RTL from CPU objects
Info: cpu: # 2026.03.02 15:47:20 (*)   Creating plain-text RTL
Info: cpu: # 2026.03.02 15:47:21 (*) Done Nios II generation
Info: cpu: Done RTL generation for module 'Nios2_CPU_cpu'
Info: cpu: "CPU" instantiated altera_nios2_gen2_unit "cpu"
Info: CPU_data_master_translator: "mm_interconnect_0" instantiated altera_merlin_master_translator "CPU_data_master_translator"
Info: JUART_avalon_jtag_slave_translator: "mm_interconnect_0" instantiated altera_merlin_slave_translator "JUART_avalon_jtag_slave_translator"
Info: CPU_data_master_agent: "mm_interconnect_0" instantiated altera_merlin_master_agent "CPU_data_master_agent"
Info: JUART_avalon_jtag_slave_agent: "mm_interconnect_0" instantiated altera_merlin_slave_agent "JUART_avalon_jtag_slave_agent"
Info: JUART_avalon_jtag_slave_agent_rsp_fifo: "mm_interconnect_0" instantiated altera_avalon_sc_fifo "JUART_avalon_jtag_slave_agent_rsp_fifo"
Info: router: "mm_interconnect_0" instantiated altera_merlin_router "router"
Info: router_002: "mm_interconnect_0" instantiated altera_merlin_router "router_002"
Info: router_008: "mm_interconnect_0" instantiated altera_merlin_router "router_008"
Info: SDRAM_s1_burst_adapter: "mm_interconnect_0" instantiated altera_merlin_burst_adapter "SDRAM_s1_burst_adapter"
Info: cmd_demux: "mm_interconnect_0" instantiated altera_merlin_demultiplexer "cmd_demux"
Info: cmd_mux: "mm_interconnect_0" instantiated altera_merlin_multiplexer "cmd_mux"
Info: rsp_demux: "mm_interconnect_0" instantiated altera_merlin_demultiplexer "rsp_demux"
Info: rsp_demux_006: "mm_interconnect_0" instantiated altera_merlin_demultiplexer "rsp_demux_006"
Info: rsp_mux: "mm_interconnect_0" instantiated altera_merlin_multiplexer "rsp_mux"
Info: Reusing file C:/Users/USER/Desktop/2025_2_NioII_SoC_Lab/Lab4_DE10/Nios2/synthesis/submodules/altera_merlin_arbitrator.sv
Info: SDRAM_s1_rsp_width_adapter: "mm_interconnect_0" instantiated altera_merlin_width_adapter "SDRAM_s1_rsp_width_adapter"
Info: Reusing file C:/Users/USER/Desktop/2025_2_NioII_SoC_Lab/Lab4_DE10/Nios2/synthesis/submodules/altera_merlin_address_alignment.sv
Info: Reusing file C:/Users/USER/Desktop/2025_2_NioII_SoC_Lab/Lab4_DE10/Nios2/synthesis/submodules/altera_merlin_burst_uncompressor.sv
Info: crosser: "mm_interconnect_0" instantiated altera_avalon_st_handshake_clock_crosser "crosser"
Info: Reusing file C:/Users/USER/Desktop/2025_2_NioII_SoC_Lab/Lab4_DE10/Nios2/synthesis/submodules/altera_avalon_st_pipeline_base.v
Info: avalon_st_adapter: "mm_interconnect_0" instantiated altera_avalon_st_adapter "avalon_st_adapter"
Info: avalon_st_adapter_006: "mm_interconnect_0" instantiated altera_avalon_st_adapter "avalon_st_adapter_006"
Info: error_adapter_0: "avalon_st_adapter" instantiated error_adapter "error_adapter_0"
Info: error_adapter_0: "avalon_st_adapter_006" instantiated error_adapter "error_adapter_0"
Info: Nios2: Done "Nios2" with 34 modules, 63 files
Info: qsys-generate succeeded.
Info: Finished: Create HDL design files for synthesis
