Archive member included to satisfy reference by file (symbol)

../Lab5_bsp/\libhal_bsp.a(alt_load.o)
                              ../Lab5_bsp//obj/HAL/src/crt0.o (alt_load)
../Lab5_bsp/\libhal_bsp.a(alt_main.o)
                              ../Lab5_bsp//obj/HAL/src/crt0.o (alt_main)
../Lab5_bsp/\libhal_bsp.a(alt_sys_init.o)
                              ../Lab5_bsp/\libhal_bsp.a(alt_main.o) (alt_irq_init)
../Lab5_bsp/\libhal_bsp.a(altera_avalon_jtag_uart_fd.o)
                              ../Lab5_bsp/\libhal_bsp.a(alt_sys_init.o) (altera_avalon_jtag_uart_read_fd)
../Lab5_bsp/\libhal_bsp.a(altera_avalon_jtag_uart_init.o)
                              ../Lab5_bsp/\libhal_bsp.a(alt_sys_init.o) (altera_avalon_jtag_uart_init)
../Lab5_bsp/\libhal_bsp.a(altera_avalon_jtag_uart_ioctl.o)
                              ../Lab5_bsp/\libhal_bsp.a(altera_avalon_jtag_uart_fd.o) (altera_avalon_jtag_uart_ioctl)
../Lab5_bsp/\libhal_bsp.a(altera_avalon_jtag_uart_read.o)
                              ../Lab5_bsp/\libhal_bsp.a(altera_avalon_jtag_uart_fd.o) (altera_avalon_jtag_uart_read)
../Lab5_bsp/\libhal_bsp.a(altera_avalon_jtag_uart_write.o)
                              ../Lab5_bsp/\libhal_bsp.a(altera_avalon_jtag_uart_fd.o) (altera_avalon_jtag_uart_write)
../Lab5_bsp/\libhal_bsp.a(altera_avalon_timer_sc.o)
                              ../Lab5_bsp/\libhal_bsp.a(alt_sys_init.o) (alt_avalon_timer_sc_init)
../Lab5_bsp/\libhal_bsp.a(alt_alarm_start.o)
                              ../Lab5_bsp/\libhal_bsp.a(altera_avalon_jtag_uart_init.o) (alt_alarm_start)
../Lab5_bsp/\libhal_bsp.a(alt_close.o)
                              ../Lab5_bsp/\libhal_bsp.a(alt_main.o) (close)
../Lab5_bsp/\libhal_bsp.a(alt_dcache_flush_all.o)
                              ../Lab5_bsp/\libhal_bsp.a(alt_load.o) (alt_dcache_flush_all)
../Lab5_bsp/\libhal_bsp.a(alt_dev.o)
                              ../Lab5_bsp/\libhal_bsp.a(alt_sys_init.o) (alt_dev_list)
../Lab5_bsp/\libhal_bsp.a(alt_dev_llist_insert.o)
                              ../Lab5_bsp/\libhal_bsp.a(alt_sys_init.o) (alt_dev_llist_insert)
../Lab5_bsp/\libhal_bsp.a(alt_do_ctors.o)
                              ../Lab5_bsp/\libhal_bsp.a(alt_main.o) (_do_ctors)
../Lab5_bsp/\libhal_bsp.a(alt_do_dtors.o)
                              ../Lab5_bsp/\libhal_bsp.a(alt_main.o) (_do_dtors)
../Lab5_bsp/\libhal_bsp.a(alt_errno.o)
                              ../Lab5_bsp/\libhal_bsp.a(alt_close.o) (alt_errno)
../Lab5_bsp/\libhal_bsp.a(alt_icache_flush_all.o)
                              ../Lab5_bsp/\libhal_bsp.a(alt_load.o) (alt_icache_flush_all)
../Lab5_bsp/\libhal_bsp.a(alt_iic.o)
                              ../Lab5_bsp/\libhal_bsp.a(altera_avalon_jtag_uart_init.o) (alt_ic_isr_register)
../Lab5_bsp/\libhal_bsp.a(alt_iic_isr_register.o)
                              ../Lab5_bsp/\libhal_bsp.a(alt_iic.o) (alt_iic_isr_register)
../Lab5_bsp/\libhal_bsp.a(alt_io_redirect.o)
                              ../Lab5_bsp/\libhal_bsp.a(alt_main.o) (alt_io_redirect)
../Lab5_bsp/\libhal_bsp.a(alt_irq_entry.o)
                              ../Lab5_bsp/\libhal_bsp.a(alt_iic_isr_register.o) (alt_irq_entry)
../Lab5_bsp/\libhal_bsp.a(alt_irq_handler.o)
                              ../Lab5_bsp/\libhal_bsp.a(alt_iic_isr_register.o) (alt_irq)
../Lab5_bsp/\libhal_bsp.a(alt_irq_vars.o)
                              ../Lab5_bsp/\libhal_bsp.a(alt_iic.o) (alt_irq_active)
../Lab5_bsp/\libhal_bsp.a(alt_open.o)
                              ../Lab5_bsp/\libhal_bsp.a(alt_io_redirect.o) (open)
../Lab5_bsp/\libhal_bsp.a(alt_release_fd.o)
                              ../Lab5_bsp/\libhal_bsp.a(alt_close.o) (alt_release_fd)
../Lab5_bsp/\libhal_bsp.a(alt_tick.o)
                              ../Lab5_bsp/\libhal_bsp.a(altera_avalon_jtag_uart_init.o) (_alt_tick_rate)
../Lab5_bsp/\libhal_bsp.a(altera_nios2_gen2_irq.o)
                              ../Lab5_bsp/\libhal_bsp.a(alt_sys_init.o) (altera_nios2_gen2_irq_init)
../Lab5_bsp/\libhal_bsp.a(alt_exception_entry.o)
                              ../Lab5_bsp/\libhal_bsp.a(alt_irq_entry.o) (alt_exception)
../Lab5_bsp/\libhal_bsp.a(alt_find_dev.o)
                              ../Lab5_bsp/\libhal_bsp.a(alt_open.o) (alt_find_dev)
../Lab5_bsp/\libhal_bsp.a(alt_find_file.o)
                              ../Lab5_bsp/\libhal_bsp.a(alt_open.o) (alt_find_file)
../Lab5_bsp/\libhal_bsp.a(alt_get_fd.o)
                              ../Lab5_bsp/\libhal_bsp.a(alt_open.o) (alt_get_fd)
../Lab5_bsp/\libhal_bsp.a(alt_instruction_exception_entry.o)
                              ../Lab5_bsp/\libhal_bsp.a(alt_exception_entry.o) (alt_instruction_exception_entry)
k:/quartus18/nios2eds/bin/gnu/h-x86_64-mingw32/bin/../lib/gcc/nios2-elf/5.3.0/../../../../../H-x86_64-mingw32/nios2-elf/lib/mno-hw-mul\libc.a(lib_a-atexit.o)
                              ../Lab5_bsp/\libhal_bsp.a(alt_main.o) (atexit)
k:/quartus18/nios2eds/bin/gnu/h-x86_64-mingw32/bin/../lib/gcc/nios2-elf/5.3.0/../../../../../H-x86_64-mingw32/nios2-elf/lib/mno-hw-mul\libc.a(lib_a-exit.o)
                              ../Lab5_bsp/\libhal_bsp.a(alt_main.o) (exit)
k:/quartus18/nios2eds/bin/gnu/h-x86_64-mingw32/bin/../lib/gcc/nios2-elf/5.3.0/../../../../../H-x86_64-mingw32/nios2-elf/lib/mno-hw-mul\libc.a(lib_a-impure.o)
                              k:/quartus18/nios2eds/bin/gnu/h-x86_64-mingw32/bin/../lib/gcc/nios2-elf/5.3.0/../../../../../H-x86_64-mingw32/nios2-elf/lib/mno-hw-mul\libc.a(lib_a-exit.o) (_global_impure_ptr)
k:/quartus18/nios2eds/bin/gnu/h-x86_64-mingw32/bin/../lib/gcc/nios2-elf/5.3.0/../../../../../H-x86_64-mingw32/nios2-elf/lib/mno-hw-mul\libc.a(lib_a-int_errno.o)
                              ../Lab5_bsp/\libhal_bsp.a(alt_close.o) (errno)
k:/quartus18/nios2eds/bin/gnu/h-x86_64-mingw32/bin/../lib/gcc/nios2-elf/5.3.0/../../../../../H-x86_64-mingw32/nios2-elf/lib/mno-hw-mul\libc.a(lib_a-memcmp.o)
                              ../Lab5_bsp/\libhal_bsp.a(alt_find_dev.o) (memcmp)
k:/quartus18/nios2eds/bin/gnu/h-x86_64-mingw32/bin/../lib/gcc/nios2-elf/5.3.0/../../../../../H-x86_64-mingw32/nios2-elf/lib/mno-hw-mul\libc.a(lib_a-memcpy.o)
                              ../Lab5_bsp/\libhal_bsp.a(altera_avalon_jtag_uart_read.o) (memcpy)
k:/quartus18/nios2eds/bin/gnu/h-x86_64-mingw32/bin/../lib/gcc/nios2-elf/5.3.0/../../../../../H-x86_64-mingw32/nios2-elf/lib/mno-hw-mul\libc.a(lib_a-strlen.o)
                              ../Lab5_bsp/\libhal_bsp.a(alt_find_dev.o) (strlen)
k:/quartus18/nios2eds/bin/gnu/h-x86_64-mingw32/bin/../lib/gcc/nios2-elf/5.3.0/../../../../../H-x86_64-mingw32/nios2-elf/lib/mno-hw-mul\libc.a(lib_a-__atexit.o)
                              k:/quartus18/nios2eds/bin/gnu/h-x86_64-mingw32/bin/../lib/gcc/nios2-elf/5.3.0/../../../../../H-x86_64-mingw32/nios2-elf/lib/mno-hw-mul\libc.a(lib_a-atexit.o) (__register_exitproc)
k:/quartus18/nios2eds/bin/gnu/h-x86_64-mingw32/bin/../lib/gcc/nios2-elf/5.3.0/../../../../../H-x86_64-mingw32/nios2-elf/lib/mno-hw-mul\libc.a(lib_a-__call_atexit.o)
                              k:/quartus18/nios2eds/bin/gnu/h-x86_64-mingw32/bin/../lib/gcc/nios2-elf/5.3.0/../../../../../H-x86_64-mingw32/nios2-elf/lib/mno-hw-mul\libc.a(lib_a-exit.o) (__call_exitprocs)
k:/quartus18/nios2eds/bin/gnu/h-x86_64-mingw32/bin/../lib/gcc/nios2-elf/5.3.0/mno-hw-mul\libgcc.a(lib2-mul.o)
                              ../Lab5_bsp/\libhal_bsp.a(alt_close.o) (__mulsi3)
../Lab5_bsp/\libhal_bsp.a(alt_exit.o)
                              k:/quartus18/nios2eds/bin/gnu/h-x86_64-mingw32/bin/../lib/gcc/nios2-elf/5.3.0/../../../../../H-x86_64-mingw32/nios2-elf/lib/mno-hw-mul\libc.a(lib_a-exit.o) (_exit)

Allocating common symbols
Common symbol       size              file

alt_irq             0x100             ../Lab5_bsp/\libhal_bsp.a(alt_irq_handler.o)
errno               0x4               k:/quartus18/nios2eds/bin/gnu/h-x86_64-mingw32/bin/../lib/gcc/nios2-elf/5.3.0/../../../../../H-x86_64-mingw32/nios2-elf/lib/mno-hw-mul\libc.a(lib_a-int_errno.o)

Memory Configuration

Name             Origin             Length             Attributes
reset            0x0000000000800000 0x0000000000000020
SDRAM            0x0000000000800020 0x00000000007fffe0
RAM              0x0000000001020000 0x000000000001e000
*default*        0x0000000000000000 0xffffffffffffffff

Linker script and memory map

LOAD ../Lab5_bsp//obj/HAL/src/crt0.o
LOAD obj/default/Lab5.o
LOAD k:/quartus18/nios2eds/bin/gnu/h-x86_64-mingw32/bin/../lib/gcc/nios2-elf/5.3.0/../../../../../H-x86_64-mingw32/nios2-elf/lib/mno-hw-mul\libstdc++.a
LOAD k:/quartus18/nios2eds/bin/gnu/h-x86_64-mingw32/bin/../lib/gcc/nios2-elf/5.3.0/../../../../../H-x86_64-mingw32/nios2-elf/lib/mno-hw-mul\libm.a
LOAD k:/quartus18/nios2eds/bin/gnu/h-x86_64-mingw32/bin/../lib/gcc/nios2-elf/5.3.0/mno-hw-mul\libgcc.a
START GROUP
LOAD k:/quartus18/nios2eds/bin/gnu/h-x86_64-mingw32/bin/../lib/gcc/nios2-elf/5.3.0/../../../../../H-x86_64-mingw32/nios2-elf/lib/mno-hw-mul\libc.a
LOAD k:/quartus18/nios2eds/bin/gnu/h-x86_64-mingw32/bin/../lib/gcc/nios2-elf/5.3.0/mno-hw-mul\libgcc.a
LOAD ../Lab5_bsp/\libhal_bsp.a
LOAD k:/quartus18/nios2eds/bin/gnu/h-x86_64-mingw32/bin/../lib/gcc/nios2-elf/5.3.0/../../../../../H-x86_64-mingw32/nios2-elf/lib/mno-hw-mul\libm.a
END GROUP
LOAD k:/quartus18/nios2eds/bin/gnu/h-x86_64-mingw32/bin/../lib/gcc/nios2-elf/5.3.0/mno-hw-mul\libgcc.a
                0x0000000000800000                __alt_mem_SDRAM = 0x800000
                0x0000000001020000                __alt_mem_RAM = 0x1020000

.entry          0x0000000000800000       0x20
 *(.entry)
 .entry         0x0000000000800000       0x20 ../Lab5_bsp//obj/HAL/src/crt0.o
                0x0000000000800000                __reset

.exceptions     0x0000000000800020      0x210
                0x0000000000800020                PROVIDE (__ram_exceptions_start, ABSOLUTE (.))
                0x0000000000800020                . = ALIGN (0x20)
 *(.irq)
 *(.exceptions.entry.label)
 .exceptions.entry.label
                0x0000000000800020        0x0 ../Lab5_bsp/\libhal_bsp.a(alt_irq_entry.o)
                0x0000000000800020                alt_irq_entry
 .exceptions.entry.label
                0x0000000000800020        0x0 ../Lab5_bsp/\libhal_bsp.a(alt_exception_entry.o)
                0x0000000000800020                alt_exception
 *(.exceptions.entry.user)
 *(.exceptions.entry.ecc_fatal)
 *(.exceptions.entry)
 .exceptions.entry
                0x0000000000800020       0x54 ../Lab5_bsp/\libhal_bsp.a(alt_exception_entry.o)
 *(.exceptions.irqtest.user)
 *(.exceptions.irqtest)
 .exceptions.irqtest
                0x0000000000800074       0x10 ../Lab5_bsp/\libhal_bsp.a(alt_irq_entry.o)
 *(.exceptions.irqhandler.user)
 *(.exceptions.irqhandler)
 .exceptions.irqhandler
                0x0000000000800084        0x4 ../Lab5_bsp/\libhal_bsp.a(alt_irq_entry.o)
 *(.exceptions.irqreturn.user)
 *(.exceptions.irqreturn)
 .exceptions.irqreturn
                0x0000000000800088        0x4 ../Lab5_bsp/\libhal_bsp.a(alt_irq_entry.o)
 *(.exceptions.notirq.label)
 .exceptions.notirq.label
                0x000000000080008c        0x0 ../Lab5_bsp/\libhal_bsp.a(alt_irq_entry.o)
 *(.exceptions.notirq.user)
 *(.exceptions.notirq)
 .exceptions.notirq
                0x000000000080008c        0x8 ../Lab5_bsp/\libhal_bsp.a(alt_exception_entry.o)
 *(.exceptions.soft.user)
 *(.exceptions.soft)
 *(.exceptions.unknown.user)
 *(.exceptions.unknown)
 .exceptions.unknown
                0x0000000000800094       0x14 ../Lab5_bsp/\libhal_bsp.a(alt_exception_entry.o)
 *(.exceptions.exit.label)
 .exceptions.exit.label
                0x00000000008000a8        0x0 ../Lab5_bsp/\libhal_bsp.a(alt_irq_entry.o)
 .exceptions.exit.label
                0x00000000008000a8        0x0 ../Lab5_bsp/\libhal_bsp.a(alt_exception_entry.o)
 *(.exceptions.exit.user)
 *(.exceptions.exit)
 .exceptions.exit
                0x00000000008000a8       0x54 ../Lab5_bsp/\libhal_bsp.a(alt_exception_entry.o)
 *(.exceptions)
 .exceptions    0x00000000008000fc       0xd4 ../Lab5_bsp/\libhal_bsp.a(alt_irq_handler.o)
                0x00000000008000fc                alt_irq_handler
 .exceptions    0x00000000008001d0       0x60 ../Lab5_bsp/\libhal_bsp.a(alt_instruction_exception_entry.o)
                0x00000000008001d0                alt_instruction_exception_entry
                0x0000000000800230                PROVIDE (__ram_exceptions_end, ABSOLUTE (.))
                0x0000000000800020                PROVIDE (__flash_exceptions_start, LOADADDR (.exceptions))

.text           0x0000000000800230     0x24dc
                [!provide]                        PROVIDE (stext, ABSOLUTE (.))
 *(.interp)
 *(.hash)
 *(.dynsym)
 *(.dynstr)
 *(.gnu.version)
 *(.gnu.version_d)
 *(.gnu.version_r)
 *(.rel.init)
 *(.rela.init)
 *(.rel.text .rel.text.* .rel.gnu.linkonce.t.*)
 *(.rela.text .rela.text.* .rela.gnu.linkonce.t.*)
 *(.rel.fini)
 *(.rela.fini)
 *(.rel.rodata .rel.rodata.* .rel.gnu.linkonce.r.*)
 *(.rela.rodata .rela.rodata.* .rela.gnu.linkonce.r.*)
 *(.rel.data .rel.data.* .rel.gnu.linkonce.d.*)
 *(.rela.data .rela.data.* .rela.gnu.linkonce.d.*)
 *(.rel.tdata .rel.tdata.* .rel.gnu.linkonce.td.*)
 *(.rela.tdata .rela.tdata.* .rela.gnu.linkonce.td.*)
 *(.rel.tbss .rel.tbss.* .rel.gnu.linkonce.tb.*)
 *(.rela.tbss .rela.tbss.* .rela.gnu.linkonce.tb.*)
 *(.rel.ctors)
 *(.rela.ctors)
 *(.rel.dtors)
 *(.rela.dtors)
 *(.rel.got)
 *(.rela.got)
 *(.rel.sdata .rel.sdata.* .rel.gnu.linkonce.s.*)
 *(.rela.sdata .rela.sdata.* .rela.gnu.linkonce.s.*)
 *(.rel.sbss .rel.sbss.* .rel.gnu.linkonce.sb.*)
 *(.rela.sbss .rela.sbss.* .rela.gnu.linkonce.sb.*)
 *(.rel.sdata2 .rel.sdata2.* .rel.gnu.linkonce.s2.*)
 *(.rela.sdata2 .rela.sdata2.* .rela.gnu.linkonce.s2.*)
 *(.rel.sbss2 .rel.sbss2.* .rel.gnu.linkonce.sb2.*)
 *(.rela.sbss2 .rela.sbss2.* .rela.gnu.linkonce.sb2.*)
 *(.rel.bss .rel.bss.* .rel.gnu.linkonce.b.*)
 *(.rela.bss .rela.bss.* .rela.gnu.linkonce.b.*)
 *(.rel.plt)
 *(.rela.plt)
 *(.rel.dyn)
 *(.init)
 *(.plt)
 *(.text .stub .text.* .gnu.linkonce.t.*)
 .text          0x0000000000800230       0x3c ../Lab5_bsp//obj/HAL/src/crt0.o
                0x0000000000800230                _start
 .text          0x000000000080026c      0x15c obj/default/Lab5.o
                0x000000000080026c                main
 .text          0x00000000008003c8       0xec ../Lab5_bsp/\libhal_bsp.a(alt_load.o)
                0x0000000000800430                alt_load
 .text          0x00000000008004b4       0x7c ../Lab5_bsp/\libhal_bsp.a(alt_main.o)
                0x00000000008004b4                alt_main
 .text          0x0000000000800530       0xd0 ../Lab5_bsp/\libhal_bsp.a(alt_sys_init.o)
                0x0000000000800564                alt_irq_init
                0x000000000080059c                alt_sys_init
 .text          0x0000000000800600      0x164 ../Lab5_bsp/\libhal_bsp.a(altera_avalon_jtag_uart_fd.o)
                0x0000000000800600                altera_avalon_jtag_uart_read_fd
                0x0000000000800660                altera_avalon_jtag_uart_write_fd
                0x00000000008006c0                altera_avalon_jtag_uart_close_fd
                0x0000000000800710                altera_avalon_jtag_uart_ioctl_fd
 .text          0x0000000000800764      0x3d4 ../Lab5_bsp/\libhal_bsp.a(altera_avalon_jtag_uart_init.o)
                0x0000000000800764                altera_avalon_jtag_uart_init
                0x0000000000800ad0                altera_avalon_jtag_uart_close
 .text          0x0000000000800b38       0xf0 ../Lab5_bsp/\libhal_bsp.a(altera_avalon_jtag_uart_ioctl.o)
                0x0000000000800b38                altera_avalon_jtag_uart_ioctl
 .text          0x0000000000800c28      0x21c ../Lab5_bsp/\libhal_bsp.a(altera_avalon_jtag_uart_read.o)
                0x0000000000800c28                altera_avalon_jtag_uart_read
 .text          0x0000000000800e44      0x224 ../Lab5_bsp/\libhal_bsp.a(altera_avalon_jtag_uart_write.o)
                0x0000000000800e44                altera_avalon_jtag_uart_write
 .text          0x0000000000801068       0xf4 ../Lab5_bsp/\libhal_bsp.a(altera_avalon_timer_sc.o)
                0x00000000008010e0                alt_avalon_timer_sc_init
 .text          0x000000000080115c      0x12c ../Lab5_bsp/\libhal_bsp.a(alt_alarm_start.o)
                0x000000000080115c                alt_alarm_start
 .text          0x0000000000801288      0x114 ../Lab5_bsp/\libhal_bsp.a(alt_close.o)
                0x00000000008012c4                close
 .text          0x000000000080139c       0x20 ../Lab5_bsp/\libhal_bsp.a(alt_dcache_flush_all.o)
                0x000000000080139c                alt_dcache_flush_all
 .text          0x00000000008013bc       0x2c ../Lab5_bsp/\libhal_bsp.a(alt_dev.o)
 .text          0x00000000008013e8       0xe0 ../Lab5_bsp/\libhal_bsp.a(alt_dev_llist_insert.o)
                0x0000000000801424                alt_dev_llist_insert
 .text          0x00000000008014c8       0x60 ../Lab5_bsp/\libhal_bsp.a(alt_do_ctors.o)
                0x00000000008014c8                _do_ctors
 .text          0x0000000000801528       0x60 ../Lab5_bsp/\libhal_bsp.a(alt_do_dtors.o)
                0x0000000000801528                _do_dtors
 .text          0x0000000000801588        0x0 ../Lab5_bsp/\libhal_bsp.a(alt_errno.o)
 .text          0x0000000000801588       0x20 ../Lab5_bsp/\libhal_bsp.a(alt_icache_flush_all.o)
                0x0000000000801588                alt_icache_flush_all
 .text          0x00000000008015a8      0x1b0 ../Lab5_bsp/\libhal_bsp.a(alt_iic.o)
                0x00000000008015a8                alt_ic_isr_register
                0x00000000008015f8                alt_ic_irq_enable
                0x0000000000801680                alt_ic_irq_disable
                0x000000000080170c                alt_ic_irq_enabled
 .text          0x0000000000801758       0xf0 ../Lab5_bsp/\libhal_bsp.a(alt_iic_isr_register.o)
                0x0000000000801758                alt_iic_isr_register
 .text          0x0000000000801848      0x160 ../Lab5_bsp/\libhal_bsp.a(alt_io_redirect.o)
                0x000000000080192c                alt_io_redirect
 .text          0x00000000008019a8        0x0 ../Lab5_bsp/\libhal_bsp.a(alt_irq_entry.o)
 .text          0x00000000008019a8        0x0 ../Lab5_bsp/\libhal_bsp.a(alt_irq_handler.o)
 .text          0x00000000008019a8        0x0 ../Lab5_bsp/\libhal_bsp.a(alt_irq_vars.o)
 .text          0x00000000008019a8      0x284 ../Lab5_bsp/\libhal_bsp.a(alt_open.o)
                0x0000000000801ad0                open
 .text          0x0000000000801c2c       0x84 ../Lab5_bsp/\libhal_bsp.a(alt_release_fd.o)
                0x0000000000801c2c                alt_release_fd
 .text          0x0000000000801cb0      0x1a4 ../Lab5_bsp/\libhal_bsp.a(alt_tick.o)
                0x0000000000801cb0                alt_alarm_stop
                0x0000000000801d4c                alt_tick
 .text          0x0000000000801e54       0x24 ../Lab5_bsp/\libhal_bsp.a(altera_nios2_gen2_irq.o)
                0x0000000000801e54                altera_nios2_gen2_irq_init
 .text          0x0000000000801e78        0x0 ../Lab5_bsp/\libhal_bsp.a(alt_exception_entry.o)
 .text          0x0000000000801e78       0x90 ../Lab5_bsp/\libhal_bsp.a(alt_find_dev.o)
                0x0000000000801e78                alt_find_dev
 .text          0x0000000000801f08      0x108 ../Lab5_bsp/\libhal_bsp.a(alt_find_file.o)
                0x0000000000801f08                alt_find_file
 .text          0x0000000000802010       0xc4 ../Lab5_bsp/\libhal_bsp.a(alt_get_fd.o)
                0x0000000000802010                alt_get_fd
 .text          0x00000000008020d4       0x9c ../Lab5_bsp/\libhal_bsp.a(alt_instruction_exception_entry.o)
                0x00000000008020d4                alt_exception_cause_generated_bad_addr
 .text          0x0000000000802170        0x0 k:/quartus18/nios2eds/bin/gnu/h-x86_64-mingw32/bin/../lib/gcc/nios2-elf/5.3.0/../../../../../H-x86_64-mingw32/nios2-elf/lib/mno-hw-mul\libc.a(lib_a-atexit.o)
 .text.atexit   0x0000000000802170       0x14 k:/quartus18/nios2eds/bin/gnu/h-x86_64-mingw32/bin/../lib/gcc/nios2-elf/5.3.0/../../../../../H-x86_64-mingw32/nios2-elf/lib/mno-hw-mul\libc.a(lib_a-atexit.o)
                0x0000000000802170                atexit
 .text          0x0000000000802184        0x0 k:/quartus18/nios2eds/bin/gnu/h-x86_64-mingw32/bin/../lib/gcc/nios2-elf/5.3.0/../../../../../H-x86_64-mingw32/nios2-elf/lib/mno-hw-mul\libc.a(lib_a-exit.o)
 .text.exit     0x0000000000802184       0x38 k:/quartus18/nios2eds/bin/gnu/h-x86_64-mingw32/bin/../lib/gcc/nios2-elf/5.3.0/../../../../../H-x86_64-mingw32/nios2-elf/lib/mno-hw-mul\libc.a(lib_a-exit.o)
                0x0000000000802184                exit
 .text          0x00000000008021bc        0x0 k:/quartus18/nios2eds/bin/gnu/h-x86_64-mingw32/bin/../lib/gcc/nios2-elf/5.3.0/../../../../../H-x86_64-mingw32/nios2-elf/lib/mno-hw-mul\libc.a(lib_a-impure.o)
 .text          0x00000000008021bc        0x0 k:/quartus18/nios2eds/bin/gnu/h-x86_64-mingw32/bin/../lib/gcc/nios2-elf/5.3.0/../../../../../H-x86_64-mingw32/nios2-elf/lib/mno-hw-mul\libc.a(lib_a-int_errno.o)
 .text          0x00000000008021bc        0x0 k:/quartus18/nios2eds/bin/gnu/h-x86_64-mingw32/bin/../lib/gcc/nios2-elf/5.3.0/../../../../../H-x86_64-mingw32/nios2-elf/lib/mno-hw-mul\libc.a(lib_a-memcmp.o)
 .text.memcmp   0x00000000008021bc       0x7c k:/quartus18/nios2eds/bin/gnu/h-x86_64-mingw32/bin/../lib/gcc/nios2-elf/5.3.0/../../../../../H-x86_64-mingw32/nios2-elf/lib/mno-hw-mul\libc.a(lib_a-memcmp.o)
                0x00000000008021bc                memcmp
 .text          0x0000000000802238        0x0 k:/quartus18/nios2eds/bin/gnu/h-x86_64-mingw32/bin/../lib/gcc/nios2-elf/5.3.0/../../../../../H-x86_64-mingw32/nios2-elf/lib/mno-hw-mul\libc.a(lib_a-memcpy.o)
 .text.memcpy   0x0000000000802238      0x148 k:/quartus18/nios2eds/bin/gnu/h-x86_64-mingw32/bin/../lib/gcc/nios2-elf/5.3.0/../../../../../H-x86_64-mingw32/nios2-elf/lib/mno-hw-mul\libc.a(lib_a-memcpy.o)
                0x0000000000802238                memcpy
 .text          0x0000000000802380        0x0 k:/quartus18/nios2eds/bin/gnu/h-x86_64-mingw32/bin/../lib/gcc/nios2-elf/5.3.0/../../../../../H-x86_64-mingw32/nios2-elf/lib/mno-hw-mul\libc.a(lib_a-strlen.o)
 .text.strlen   0x0000000000802380       0x98 k:/quartus18/nios2eds/bin/gnu/h-x86_64-mingw32/bin/../lib/gcc/nios2-elf/5.3.0/../../../../../H-x86_64-mingw32/nios2-elf/lib/mno-hw-mul\libc.a(lib_a-strlen.o)
                0x0000000000802380                strlen
 .text          0x0000000000802418        0x0 k:/quartus18/nios2eds/bin/gnu/h-x86_64-mingw32/bin/../lib/gcc/nios2-elf/5.3.0/../../../../../H-x86_64-mingw32/nios2-elf/lib/mno-hw-mul\libc.a(lib_a-__atexit.o)
 .text.__register_exitproc
                0x0000000000802418      0x118 k:/quartus18/nios2eds/bin/gnu/h-x86_64-mingw32/bin/../lib/gcc/nios2-elf/5.3.0/../../../../../H-x86_64-mingw32/nios2-elf/lib/mno-hw-mul\libc.a(lib_a-__atexit.o)
                0x0000000000802418                __register_exitproc
 .text          0x0000000000802530        0x0 k:/quartus18/nios2eds/bin/gnu/h-x86_64-mingw32/bin/../lib/gcc/nios2-elf/5.3.0/../../../../../H-x86_64-mingw32/nios2-elf/lib/mno-hw-mul\libc.a(lib_a-__call_atexit.o)
 .text.__call_exitprocs
                0x0000000000802530      0x180 k:/quartus18/nios2eds/bin/gnu/h-x86_64-mingw32/bin/../lib/gcc/nios2-elf/5.3.0/../../../../../H-x86_64-mingw32/nios2-elf/lib/mno-hw-mul\libc.a(lib_a-__call_atexit.o)
                0x0000000000802530                __call_exitprocs
 .text          0x00000000008026b0       0x28 k:/quartus18/nios2eds/bin/gnu/h-x86_64-mingw32/bin/../lib/gcc/nios2-elf/5.3.0/mno-hw-mul\libgcc.a(lib2-mul.o)
                0x00000000008026b0                __mulsi3
 .text          0x00000000008026d8       0x34 ../Lab5_bsp/\libhal_bsp.a(alt_exit.o)
                0x00000000008026d8                _exit
 *(.gnu.warning.*)
 *(.fini)
                [!provide]                        PROVIDE (__etext, ABSOLUTE (.))
                [!provide]                        PROVIDE (_etext, ABSOLUTE (.))
                [!provide]                        PROVIDE (etext, ABSOLUTE (.))
 *(.eh_frame_hdr)
                0x000000000080270c                . = ALIGN (0x4)
                [!provide]                        PROVIDE (__preinit_array_start, ABSOLUTE (.))
 *(.preinit_array)
                [!provide]                        PROVIDE (__preinit_array_end, ABSOLUTE (.))
                [!provide]                        PROVIDE (__init_array_start, ABSOLUTE (.))
 *(.init_array)
                [!provide]                        PROVIDE (__init_array_end, ABSOLUTE (.))
                [!provide]                        PROVIDE (__fini_array_start, ABSOLUTE (.))
 *(.fini_array)
                [!provide]                        PROVIDE (__fini_array_end, ABSOLUTE (.))
 *(.eh_frame)
 *(.gcc_except_table .gcc_except_table.*)
 *(.dynamic)
                0x000000000080270c                PROVIDE (__CTOR_LIST__, ABSOLUTE (.))
 *(.ctors)
 *(SORT(.ctors.*))
                0x000000000080270c                PROVIDE (__CTOR_END__, ABSOLUTE (.))
                0x000000000080270c                PROVIDE (__DTOR_LIST__, ABSOLUTE (.))
 *(.dtors)
 *(SORT(.dtors.*))
                0x000000000080270c                PROVIDE (__DTOR_END__, ABSOLUTE (.))
 *(.jcr)
                0x000000000080270c                . = ALIGN (0x4)

.rodata         0x000000000080270c       0x28
                0x000000000080270c                PROVIDE (__ram_rodata_start, ABSOLUTE (.))
                0x000000000080270c                . = ALIGN (0x4)
 *(.rodata .rodata.* .gnu.linkonce.r.*)
 .rodata        0x000000000080270c        0xb ../Lab5_bsp/\libhal_bsp.a(alt_main.o)
 *fill*         0x0000000000802717        0x1 
 .rodata        0x0000000000802718        0xb ../Lab5_bsp/\libhal_bsp.a(alt_sys_init.o)
 *fill*         0x0000000000802723        0x1 
 .rodata        0x0000000000802724        0xa ../Lab5_bsp/\libhal_bsp.a(alt_dev.o)
 *fill*         0x000000000080272e        0x2 
 .rodata.str1.4
                0x0000000000802730        0x4 k:/quartus18/nios2eds/bin/gnu/h-x86_64-mingw32/bin/../lib/gcc/nios2-elf/5.3.0/../../../../../H-x86_64-mingw32/nios2-elf/lib/mno-hw-mul\libc.a(lib_a-impure.o)
                                          0x2 (size before relaxing)
 *(.rodata1)
                0x0000000000802734                . = ALIGN (0x4)
                0x0000000000802734                PROVIDE (__ram_rodata_end, ABSOLUTE (.))
                0x000000000080270c                PROVIDE (__flash_rodata_start, LOADADDR (.rodata))

.rwdata         0x0000000000802734     0x1658 load address 0x0000000000803d8c
                0x0000000000802734                PROVIDE (__ram_rwdata_start, ABSOLUTE (.))
                0x0000000000802734                . = ALIGN (0x4)
 *(.got.plt)
 *(.got)
 *(.data1)
 *(.data .data.* .gnu.linkonce.d.*)
 .data          0x0000000000802734        0x0 ../Lab5_bsp//obj/HAL/src/crt0.o
 .data          0x0000000000802734        0x0 obj/default/Lab5.o
 .data          0x0000000000802734        0x0 ../Lab5_bsp/\libhal_bsp.a(alt_load.o)
 .data          0x0000000000802734        0x0 ../Lab5_bsp/\libhal_bsp.a(alt_main.o)
 .data          0x0000000000802734     0x1060 ../Lab5_bsp/\libhal_bsp.a(alt_sys_init.o)
 .data          0x0000000000803794        0x0 ../Lab5_bsp/\libhal_bsp.a(altera_avalon_jtag_uart_fd.o)
 .data          0x0000000000803794        0x0 ../Lab5_bsp/\libhal_bsp.a(altera_avalon_jtag_uart_init.o)
 .data          0x0000000000803794        0x0 ../Lab5_bsp/\libhal_bsp.a(altera_avalon_jtag_uart_ioctl.o)
 .data          0x0000000000803794        0x0 ../Lab5_bsp/\libhal_bsp.a(altera_avalon_jtag_uart_read.o)
 .data          0x0000000000803794        0x0 ../Lab5_bsp/\libhal_bsp.a(altera_avalon_jtag_uart_write.o)
 .data          0x0000000000803794        0x0 ../Lab5_bsp/\libhal_bsp.a(altera_avalon_timer_sc.o)
 .data          0x0000000000803794        0x0 ../Lab5_bsp/\libhal_bsp.a(alt_alarm_start.o)
 .data          0x0000000000803794        0x0 ../Lab5_bsp/\libhal_bsp.a(alt_close.o)
 .data          0x0000000000803794        0x0 ../Lab5_bsp/\libhal_bsp.a(alt_dcache_flush_all.o)
 .data          0x0000000000803794      0x1a8 ../Lab5_bsp/\libhal_bsp.a(alt_dev.o)
                0x0000000000803794                alt_dev_null
                0x00000000008037bc                alt_fd_list
 .data          0x000000000080393c        0x0 ../Lab5_bsp/\libhal_bsp.a(alt_dev_llist_insert.o)
 .data          0x000000000080393c        0x0 ../Lab5_bsp/\libhal_bsp.a(alt_do_ctors.o)
 .data          0x000000000080393c        0x0 ../Lab5_bsp/\libhal_bsp.a(alt_do_dtors.o)
 .data          0x000000000080393c        0x0 ../Lab5_bsp/\libhal_bsp.a(alt_errno.o)
 .data          0x000000000080393c        0x0 ../Lab5_bsp/\libhal_bsp.a(alt_icache_flush_all.o)
 .data          0x000000000080393c        0x0 ../Lab5_bsp/\libhal_bsp.a(alt_iic.o)
 .data          0x000000000080393c        0x0 ../Lab5_bsp/\libhal_bsp.a(alt_iic_isr_register.o)
 .data          0x000000000080393c        0x0 ../Lab5_bsp/\libhal_bsp.a(alt_io_redirect.o)
 .data          0x000000000080393c        0x0 ../Lab5_bsp/\libhal_bsp.a(alt_irq_entry.o)
 .data          0x000000000080393c        0x0 ../Lab5_bsp/\libhal_bsp.a(alt_irq_handler.o)
 .data          0x000000000080393c        0x0 ../Lab5_bsp/\libhal_bsp.a(alt_irq_vars.o)
 .data          0x000000000080393c        0x0 ../Lab5_bsp/\libhal_bsp.a(alt_open.o)
 .data          0x000000000080393c        0x0 ../Lab5_bsp/\libhal_bsp.a(alt_release_fd.o)
 .data          0x000000000080393c        0x0 ../Lab5_bsp/\libhal_bsp.a(alt_tick.o)
 .data          0x000000000080393c        0x0 ../Lab5_bsp/\libhal_bsp.a(altera_nios2_gen2_irq.o)
 .data          0x000000000080393c        0x0 ../Lab5_bsp/\libhal_bsp.a(alt_exception_entry.o)
 .data          0x000000000080393c        0x0 ../Lab5_bsp/\libhal_bsp.a(alt_find_dev.o)
 .data          0x000000000080393c        0x0 ../Lab5_bsp/\libhal_bsp.a(alt_find_file.o)
 .data          0x000000000080393c        0x0 ../Lab5_bsp/\libhal_bsp.a(alt_get_fd.o)
 .data          0x000000000080393c        0x0 ../Lab5_bsp/\libhal_bsp.a(alt_instruction_exception_entry.o)
 .data          0x000000000080393c        0x0 k:/quartus18/nios2eds/bin/gnu/h-x86_64-mingw32/bin/../lib/gcc/nios2-elf/5.3.0/../../../../../H-x86_64-mingw32/nios2-elf/lib/mno-hw-mul\libc.a(lib_a-atexit.o)
 .data          0x000000000080393c        0x0 k:/quartus18/nios2eds/bin/gnu/h-x86_64-mingw32/bin/../lib/gcc/nios2-elf/5.3.0/../../../../../H-x86_64-mingw32/nios2-elf/lib/mno-hw-mul\libc.a(lib_a-exit.o)
 .data          0x000000000080393c        0x0 k:/quartus18/nios2eds/bin/gnu/h-x86_64-mingw32/bin/../lib/gcc/nios2-elf/5.3.0/../../../../../H-x86_64-mingw32/nios2-elf/lib/mno-hw-mul\libc.a(lib_a-impure.o)
 .data.impure_data
                0x000000000080393c      0x424 k:/quartus18/nios2eds/bin/gnu/h-x86_64-mingw32/bin/../lib/gcc/nios2-elf/5.3.0/../../../../../H-x86_64-mingw32/nios2-elf/lib/mno-hw-mul\libc.a(lib_a-impure.o)
 .data          0x0000000000803d60        0x0 k:/quartus18/nios2eds/bin/gnu/h-x86_64-mingw32/bin/../lib/gcc/nios2-elf/5.3.0/../../../../../H-x86_64-mingw32/nios2-elf/lib/mno-hw-mul\libc.a(lib_a-int_errno.o)
 .data          0x0000000000803d60        0x0 k:/quartus18/nios2eds/bin/gnu/h-x86_64-mingw32/bin/../lib/gcc/nios2-elf/5.3.0/../../../../../H-x86_64-mingw32/nios2-elf/lib/mno-hw-mul\libc.a(lib_a-memcmp.o)
 .data          0x0000000000803d60        0x0 k:/quartus18/nios2eds/bin/gnu/h-x86_64-mingw32/bin/../lib/gcc/nios2-elf/5.3.0/../../../../../H-x86_64-mingw32/nios2-elf/lib/mno-hw-mul\libc.a(lib_a-memcpy.o)
 .data          0x0000000000803d60        0x0 k:/quartus18/nios2eds/bin/gnu/h-x86_64-mingw32/bin/../lib/gcc/nios2-elf/5.3.0/../../../../../H-x86_64-mingw32/nios2-elf/lib/mno-hw-mul\libc.a(lib_a-strlen.o)
 .data          0x0000000000803d60        0x0 k:/quartus18/nios2eds/bin/gnu/h-x86_64-mingw32/bin/../lib/gcc/nios2-elf/5.3.0/../../../../../H-x86_64-mingw32/nios2-elf/lib/mno-hw-mul\libc.a(lib_a-__atexit.o)
 .data          0x0000000000803d60        0x0 k:/quartus18/nios2eds/bin/gnu/h-x86_64-mingw32/bin/../lib/gcc/nios2-elf/5.3.0/../../../../../H-x86_64-mingw32/nios2-elf/lib/mno-hw-mul\libc.a(lib_a-__call_atexit.o)
 .data          0x0000000000803d60        0x0 k:/quartus18/nios2eds/bin/gnu/h-x86_64-mingw32/bin/../lib/gcc/nios2-elf/5.3.0/mno-hw-mul\libgcc.a(lib2-mul.o)
 .data          0x0000000000803d60        0x0 ../Lab5_bsp/\libhal_bsp.a(alt_exit.o)
                0x000000000080bd60                _gp = ABSOLUTE ((. + 0x8000))
                [!provide]                        PROVIDE (gp, _gp)
 *(.rwdata .rwdata.*)
 *(.sdata .sdata.* .gnu.linkonce.s.*)
 .sdata         0x0000000000803d60       0x14 ../Lab5_bsp/\libhal_bsp.a(alt_dev.o)
                0x0000000000803d60                alt_fs_list
                0x0000000000803d68                alt_dev_list
                0x0000000000803d70                alt_max_fd
 .sdata         0x0000000000803d74        0x4 ../Lab5_bsp/\libhal_bsp.a(alt_errno.o)
                0x0000000000803d74                alt_errno
 .sdata         0x0000000000803d78        0x4 ../Lab5_bsp/\libhal_bsp.a(alt_irq_vars.o)
                0x0000000000803d78                alt_priority_mask
 .sdata         0x0000000000803d7c        0x8 ../Lab5_bsp/\libhal_bsp.a(alt_tick.o)
                0x0000000000803d7c                alt_alarm_list
 .sdata._global_impure_ptr
                0x0000000000803d84        0x4 k:/quartus18/nios2eds/bin/gnu/h-x86_64-mingw32/bin/../lib/gcc/nios2-elf/5.3.0/../../../../../H-x86_64-mingw32/nios2-elf/lib/mno-hw-mul\libc.a(lib_a-impure.o)
                0x0000000000803d84                _global_impure_ptr
 .sdata._impure_ptr
                0x0000000000803d88        0x4 k:/quartus18/nios2eds/bin/gnu/h-x86_64-mingw32/bin/../lib/gcc/nios2-elf/5.3.0/../../../../../H-x86_64-mingw32/nios2-elf/lib/mno-hw-mul\libc.a(lib_a-impure.o)
                0x0000000000803d88                _impure_ptr
 *(.sdata2 .sdata2.* .gnu.linkonce.s2.*)
                0x0000000000803d8c                . = ALIGN (0x4)
                0x0000000000803d8c                _edata = ABSOLUTE (.)
                [!provide]                        PROVIDE (edata, ABSOLUTE (.))
                0x0000000000803d8c                PROVIDE (__ram_rwdata_end, ABSOLUTE (.))
                0x0000000000803d8c                PROVIDE (__flash_rwdata_start, LOADADDR (.rwdata))

.bss            0x00000000008053e4      0x120
                0x00000000008053e4                __bss_start = ABSOLUTE (.)
                [!provide]                        PROVIDE (__sbss_start, ABSOLUTE (.))
                [!provide]                        PROVIDE (___sbss_start, ABSOLUTE (.))
 *(.dynsbss)
 *(.sbss .sbss.* .gnu.linkonce.sb.*)
 .sbss          0x00000000008053e4        0xc ../Lab5_bsp/\libhal_bsp.a(alt_main.o)
                0x00000000008053e4                alt_argc
                0x00000000008053e8                alt_argv
                0x00000000008053ec                alt_envp
 .sbss          0x00000000008053f0        0x4 ../Lab5_bsp/\libhal_bsp.a(alt_irq_vars.o)
                0x00000000008053f0                alt_irq_active
 .sbss          0x00000000008053f4        0x8 ../Lab5_bsp/\libhal_bsp.a(alt_tick.o)
                0x00000000008053f4                _alt_tick_rate
                0x00000000008053f8                _alt_nticks
 .sbss          0x00000000008053fc        0x4 ../Lab5_bsp/\libhal_bsp.a(alt_instruction_exception_entry.o)
                0x00000000008053fc                alt_instruction_exception_handler
 .sbss          0x0000000000805400        0x4 k:/quartus18/nios2eds/bin/gnu/h-x86_64-mingw32/bin/../lib/gcc/nios2-elf/5.3.0/../../../../../H-x86_64-mingw32/nios2-elf/lib/mno-hw-mul\libc.a(lib_a-int_errno.o)
                0x0000000000805400                errno
 *(.sbss2 .sbss2.* .gnu.linkonce.sb2.*)
 *(.scommon)
                [!provide]                        PROVIDE (__sbss_end, ABSOLUTE (.))
                [!provide]                        PROVIDE (___sbss_end, ABSOLUTE (.))
 *(.dynbss)
 *(.bss .bss.* .gnu.linkonce.b.*)
 .bss           0x0000000000805404        0x0 ../Lab5_bsp//obj/HAL/src/crt0.o
 .bss           0x0000000000805404        0x0 obj/default/Lab5.o
 .bss           0x0000000000805404        0x0 ../Lab5_bsp/\libhal_bsp.a(alt_load.o)
 .bss           0x0000000000805404        0x0 ../Lab5_bsp/\libhal_bsp.a(alt_main.o)
 .bss           0x0000000000805404        0x0 ../Lab5_bsp/\libhal_bsp.a(alt_sys_init.o)
 .bss           0x0000000000805404        0x0 ../Lab5_bsp/\libhal_bsp.a(altera_avalon_jtag_uart_fd.o)
 .bss           0x0000000000805404        0x0 ../Lab5_bsp/\libhal_bsp.a(altera_avalon_jtag_uart_init.o)
 .bss           0x0000000000805404        0x0 ../Lab5_bsp/\libhal_bsp.a(altera_avalon_jtag_uart_ioctl.o)
 .bss           0x0000000000805404        0x0 ../Lab5_bsp/\libhal_bsp.a(altera_avalon_jtag_uart_read.o)
 .bss           0x0000000000805404        0x0 ../Lab5_bsp/\libhal_bsp.a(altera_avalon_jtag_uart_write.o)
 .bss           0x0000000000805404        0x0 ../Lab5_bsp/\libhal_bsp.a(altera_avalon_timer_sc.o)
 .bss           0x0000000000805404        0x0 ../Lab5_bsp/\libhal_bsp.a(alt_alarm_start.o)
 .bss           0x0000000000805404        0x0 ../Lab5_bsp/\libhal_bsp.a(alt_close.o)
 .bss           0x0000000000805404        0x0 ../Lab5_bsp/\libhal_bsp.a(alt_dcache_flush_all.o)
 .bss           0x0000000000805404        0x0 ../Lab5_bsp/\libhal_bsp.a(alt_dev.o)
 .bss           0x0000000000805404        0x0 ../Lab5_bsp/\libhal_bsp.a(alt_dev_llist_insert.o)
 .bss           0x0000000000805404        0x0 ../Lab5_bsp/\libhal_bsp.a(alt_do_ctors.o)
 .bss           0x0000000000805404        0x0 ../Lab5_bsp/\libhal_bsp.a(alt_do_dtors.o)
 .bss           0x0000000000805404        0x0 ../Lab5_bsp/\libhal_bsp.a(alt_errno.o)
 .bss           0x0000000000805404        0x0 ../Lab5_bsp/\libhal_bsp.a(alt_icache_flush_all.o)
 .bss           0x0000000000805404        0x0 ../Lab5_bsp/\libhal_bsp.a(alt_iic.o)
 .bss           0x0000000000805404        0x0 ../Lab5_bsp/\libhal_bsp.a(alt_iic_isr_register.o)
 .bss           0x0000000000805404        0x0 ../Lab5_bsp/\libhal_bsp.a(alt_io_redirect.o)
 .bss           0x0000000000805404        0x0 ../Lab5_bsp/\libhal_bsp.a(alt_irq_entry.o)
 .bss           0x0000000000805404        0x0 ../Lab5_bsp/\libhal_bsp.a(alt_irq_handler.o)
 .bss           0x0000000000805404        0x0 ../Lab5_bsp/\libhal_bsp.a(alt_irq_vars.o)
 .bss           0x0000000000805404        0x0 ../Lab5_bsp/\libhal_bsp.a(alt_open.o)
 .bss           0x0000000000805404        0x0 ../Lab5_bsp/\libhal_bsp.a(alt_release_fd.o)
 .bss           0x0000000000805404        0x0 ../Lab5_bsp/\libhal_bsp.a(alt_tick.o)
 .bss           0x0000000000805404        0x0 ../Lab5_bsp/\libhal_bsp.a(altera_nios2_gen2_irq.o)
 .bss           0x0000000000805404        0x0 ../Lab5_bsp/\libhal_bsp.a(alt_exception_entry.o)
 .bss           0x0000000000805404        0x0 ../Lab5_bsp/\libhal_bsp.a(alt_find_dev.o)
 .bss           0x0000000000805404        0x0 ../Lab5_bsp/\libhal_bsp.a(alt_find_file.o)
 .bss           0x0000000000805404        0x0 ../Lab5_bsp/\libhal_bsp.a(alt_get_fd.o)
 .bss           0x0000000000805404        0x0 ../Lab5_bsp/\libhal_bsp.a(alt_instruction_exception_entry.o)
 .bss           0x0000000000805404        0x0 k:/quartus18/nios2eds/bin/gnu/h-x86_64-mingw32/bin/../lib/gcc/nios2-elf/5.3.0/../../../../../H-x86_64-mingw32/nios2-elf/lib/mno-hw-mul\libc.a(lib_a-atexit.o)
 .bss           0x0000000000805404        0x0 k:/quartus18/nios2eds/bin/gnu/h-x86_64-mingw32/bin/../lib/gcc/nios2-elf/5.3.0/../../../../../H-x86_64-mingw32/nios2-elf/lib/mno-hw-mul\libc.a(lib_a-exit.o)
 .bss           0x0000000000805404        0x0 k:/quartus18/nios2eds/bin/gnu/h-x86_64-mingw32/bin/../lib/gcc/nios2-elf/5.3.0/../../../../../H-x86_64-mingw32/nios2-elf/lib/mno-hw-mul\libc.a(lib_a-impure.o)
 .bss           0x0000000000805404        0x0 k:/quartus18/nios2eds/bin/gnu/h-x86_64-mingw32/bin/../lib/gcc/nios2-elf/5.3.0/../../../../../H-x86_64-mingw32/nios2-elf/lib/mno-hw-mul\libc.a(lib_a-int_errno.o)
 .bss           0x0000000000805404        0x0 k:/quartus18/nios2eds/bin/gnu/h-x86_64-mingw32/bin/../lib/gcc/nios2-elf/5.3.0/../../../../../H-x86_64-mingw32/nios2-elf/lib/mno-hw-mul\libc.a(lib_a-memcmp.o)
 .bss           0x0000000000805404        0x0 k:/quartus18/nios2eds/bin/gnu/h-x86_64-mingw32/bin/../lib/gcc/nios2-elf/5.3.0/../../../../../H-x86_64-mingw32/nios2-elf/lib/mno-hw-mul\libc.a(lib_a-memcpy.o)
 .bss           0x0000000000805404        0x0 k:/quartus18/nios2eds/bin/gnu/h-x86_64-mingw32/bin/../lib/gcc/nios2-elf/5.3.0/../../../../../H-x86_64-mingw32/nios2-elf/lib/mno-hw-mul\libc.a(lib_a-strlen.o)
 .bss           0x0000000000805404        0x0 k:/quartus18/nios2eds/bin/gnu/h-x86_64-mingw32/bin/../lib/gcc/nios2-elf/5.3.0/../../../../../H-x86_64-mingw32/nios2-elf/lib/mno-hw-mul\libc.a(lib_a-__atexit.o)
 .bss           0x0000000000805404        0x0 k:/quartus18/nios2eds/bin/gnu/h-x86_64-mingw32/bin/../lib/gcc/nios2-elf/5.3.0/../../../../../H-x86_64-mingw32/nios2-elf/lib/mno-hw-mul\libc.a(lib_a-__call_atexit.o)
 .bss           0x0000000000805404        0x0 k:/quartus18/nios2eds/bin/gnu/h-x86_64-mingw32/bin/../lib/gcc/nios2-elf/5.3.0/mno-hw-mul\libgcc.a(lib2-mul.o)
 .bss           0x0000000000805404        0x0 ../Lab5_bsp/\libhal_bsp.a(alt_exit.o)
 *(COMMON)
 COMMON         0x0000000000805404      0x100 ../Lab5_bsp/\libhal_bsp.a(alt_irq_handler.o)
                0x0000000000805404                alt_irq
                0x0000000000805504                . = ALIGN (0x4)
                0x0000000000805504                __bss_end = ABSOLUTE (.)

.SDRAM          0x0000000000805504        0x0
                [!provide]                        PROVIDE (_alt_partition_SDRAM_start, ABSOLUTE (.))
 *(.SDRAM .SDRAM. SDRAM.*)
                0x0000000000805504                . = ALIGN (0x4)
                [!provide]                        PROVIDE (_alt_partition_SDRAM_end, ABSOLUTE (.))
                0x0000000000805504                _end = ABSOLUTE (.)
                0x0000000000805504                end = ABSOLUTE (.)
                0x0000000000805504                __alt_stack_base = ABSOLUTE (.)
                [!provide]                        PROVIDE (_alt_partition_SDRAM_load_addr, LOADADDR (.SDRAM))

.RAM            0x0000000001020000        0x0 load address 0x0000000000805504
                [!provide]                        PROVIDE (_alt_partition_RAM_start, ABSOLUTE (.))
 *(.RAM .RAM. RAM.*)
                0x0000000001020000                . = ALIGN (0x4)
                [!provide]                        PROVIDE (_alt_partition_RAM_end, ABSOLUTE (.))
                [!provide]                        PROVIDE (_alt_partition_RAM_load_addr, LOADADDR (.RAM))

.stab
 *(.stab)

.stabstr
 *(.stabstr)

.stab.excl
 *(.stab.excl)

.stab.exclstr
 *(.stab.exclstr)

.stab.index
 *(.stab.index)

.stab.indexstr
 *(.stab.indexstr)

.comment        0x0000000000000000       0x23
 *(.comment)
 .comment       0x0000000000000000       0x23 obj/default/Lab5.o
                                         0x24 (size before relaxing)
 .comment       0x0000000000000023       0x24 ../Lab5_bsp/\libhal_bsp.a(alt_load.o)
 .comment       0x0000000000000023       0x24 ../Lab5_bsp/\libhal_bsp.a(alt_main.o)
 .comment       0x0000000000000023       0x24 ../Lab5_bsp/\libhal_bsp.a(alt_sys_init.o)
 .comment       0x0000000000000023       0x24 ../Lab5_bsp/\libhal_bsp.a(altera_avalon_jtag_uart_fd.o)
 .comment       0x0000000000000023       0x24 ../Lab5_bsp/\libhal_bsp.a(altera_avalon_jtag_uart_init.o)
 .comment       0x0000000000000023       0x24 ../Lab5_bsp/\libhal_bsp.a(altera_avalon_jtag_uart_ioctl.o)
 .comment       0x0000000000000023       0x24 ../Lab5_bsp/\libhal_bsp.a(altera_avalon_jtag_uart_read.o)
 .comment       0x0000000000000023       0x24 ../Lab5_bsp/\libhal_bsp.a(altera_avalon_jtag_uart_write.o)
 .comment       0x0000000000000023       0x24 ../Lab5_bsp/\libhal_bsp.a(altera_avalon_timer_sc.o)
 .comment       0x0000000000000023       0x24 ../Lab5_bsp/\libhal_bsp.a(alt_alarm_start.o)
 .comment       0x0000000000000023       0x24 ../Lab5_bsp/\libhal_bsp.a(alt_close.o)
 .comment       0x0000000000000023       0x24 ../Lab5_bsp/\libhal_bsp.a(alt_dcache_flush_all.o)
 .comment       0x0000000000000023       0x24 ../Lab5_bsp/\libhal_bsp.a(alt_dev.o)
 .comment       0x0000000000000023       0x24 ../Lab5_bsp/\libhal_bsp.a(alt_dev_llist_insert.o)
 .comment       0x0000000000000023       0x24 ../Lab5_bsp/\libhal_bsp.a(alt_do_ctors.o)
 .comment       0x0000000000000023       0x24 ../Lab5_bsp/\libhal_bsp.a(alt_do_dtors.o)
 .comment       0x0000000000000023       0x24 ../Lab5_bsp/\libhal_bsp.a(alt_errno.o)
 .comment       0x0000000000000023       0x24 ../Lab5_bsp/\libhal_bsp.a(alt_icache_flush_all.o)
 .comment       0x0000000000000023       0x24 ../Lab5_bsp/\libhal_bsp.a(alt_iic.o)
 .comment       0x0000000000000023       0x24 ../Lab5_bsp/\libhal_bsp.a(alt_iic_isr_register.o)
 .comment       0x0000000000000023       0x24 ../Lab5_bsp/\libhal_bsp.a(alt_io_redirect.o)
 .comment       0x0000000000000023       0x24 ../Lab5_bsp/\libhal_bsp.a(alt_irq_handler.o)
 .comment       0x0000000000000023       0x24 ../Lab5_bsp/\libhal_bsp.a(alt_irq_vars.o)
 .comment       0x0000000000000023       0x24 ../Lab5_bsp/\libhal_bsp.a(alt_open.o)
 .comment       0x0000000000000023       0x24 ../Lab5_bsp/\libhal_bsp.a(alt_release_fd.o)
 .comment       0x0000000000000023       0x24 ../Lab5_bsp/\libhal_bsp.a(alt_tick.o)
 .comment       0x0000000000000023       0x24 ../Lab5_bsp/\libhal_bsp.a(altera_nios2_gen2_irq.o)
 .comment       0x0000000000000023       0x24 ../Lab5_bsp/\libhal_bsp.a(alt_find_dev.o)
 .comment       0x0000000000000023       0x24 ../Lab5_bsp/\libhal_bsp.a(alt_find_file.o)
 .comment       0x0000000000000023       0x24 ../Lab5_bsp/\libhal_bsp.a(alt_get_fd.o)
 .comment       0x0000000000000023       0x24 ../Lab5_bsp/\libhal_bsp.a(alt_instruction_exception_entry.o)
 .comment       0x0000000000000023       0x24 k:/quartus18/nios2eds/bin/gnu/h-x86_64-mingw32/bin/../lib/gcc/nios2-elf/5.3.0/../../../../../H-x86_64-mingw32/nios2-elf/lib/mno-hw-mul\libc.a(lib_a-atexit.o)
 .comment       0x0000000000000023       0x24 k:/quartus18/nios2eds/bin/gnu/h-x86_64-mingw32/bin/../lib/gcc/nios2-elf/5.3.0/../../../../../H-x86_64-mingw32/nios2-elf/lib/mno-hw-mul\libc.a(lib_a-exit.o)
 .comment       0x0000000000000023       0x24 k:/quartus18/nios2eds/bin/gnu/h-x86_64-mingw32/bin/../lib/gcc/nios2-elf/5.3.0/../../../../../H-x86_64-mingw32/nios2-elf/lib/mno-hw-mul\libc.a(lib_a-impure.o)
 .comment       0x0000000000000023       0x24 k:/quartus18/nios2eds/bin/gnu/h-x86_64-mingw32/bin/../lib/gcc/nios2-elf/5.3.0/../../../../../H-x86_64-mingw32/nios2-elf/lib/mno-hw-mul\libc.a(lib_a-int_errno.o)
 .comment       0x0000000000000023       0x24 k:/quartus18/nios2eds/bin/gnu/h-x86_64-mingw32/bin/../lib/gcc/nios2-elf/5.3.0/../../../../../H-x86_64-mingw32/nios2-elf/lib/mno-hw-mul\libc.a(lib_a-memcmp.o)
 .comment       0x0000000000000023       0x24 k:/quartus18/nios2eds/bin/gnu/h-x86_64-mingw32/bin/../lib/gcc/nios2-elf/5.3.0/../../../../../H-x86_64-mingw32/nios2-elf/lib/mno-hw-mul\libc.a(lib_a-memcpy.o)
 .comment       0x0000000000000023       0x24 k:/quartus18/nios2eds/bin/gnu/h-x86_64-mingw32/bin/../lib/gcc/nios2-elf/5.3.0/../../../../../H-x86_64-mingw32/nios2-elf/lib/mno-hw-mul\libc.a(lib_a-strlen.o)
 .comment       0x0000000000000023       0x24 k:/quartus18/nios2eds/bin/gnu/h-x86_64-mingw32/bin/../lib/gcc/nios2-elf/5.3.0/../../../../../H-x86_64-mingw32/nios2-elf/lib/mno-hw-mul\libc.a(lib_a-__atexit.o)
 .comment       0x0000000000000023       0x24 k:/quartus18/nios2eds/bin/gnu/h-x86_64-mingw32/bin/../lib/gcc/nios2-elf/5.3.0/../../../../../H-x86_64-mingw32/nios2-elf/lib/mno-hw-mul\libc.a(lib_a-__call_atexit.o)
 .comment       0x0000000000000023       0x24 k:/quartus18/nios2eds/bin/gnu/h-x86_64-mingw32/bin/../lib/gcc/nios2-elf/5.3.0/mno-hw-mul\libgcc.a(lib2-mul.o)
 .comment       0x0000000000000023       0x24 ../Lab5_bsp/\libhal_bsp.a(alt_exit.o)

.debug
 *(.debug)

.line
 *(.line)

.debug_srcinfo
 *(.debug_srcinfo)

.debug_sfnames
 *(.debug_sfnames)

.debug_aranges  0x0000000000000000      0x5d8
 *(.debug_aranges)
 .debug_aranges
                0x0000000000000000       0x28 ../Lab5_bsp//obj/HAL/src/crt0.o
 .debug_aranges
                0x0000000000000028       0x20 obj/default/Lab5.o
 .debug_aranges
                0x0000000000000048       0x20 ../Lab5_bsp/\libhal_bsp.a(alt_load.o)
 .debug_aranges
                0x0000000000000068       0x20 ../Lab5_bsp/\libhal_bsp.a(alt_main.o)
 .debug_aranges
                0x0000000000000088       0x20 ../Lab5_bsp/\libhal_bsp.a(alt_sys_init.o)
 .debug_aranges
                0x00000000000000a8       0x20 ../Lab5_bsp/\libhal_bsp.a(altera_avalon_jtag_uart_fd.o)
 .debug_aranges
                0x00000000000000c8       0x20 ../Lab5_bsp/\libhal_bsp.a(altera_avalon_jtag_uart_init.o)
 .debug_aranges
                0x00000000000000e8       0x20 ../Lab5_bsp/\libhal_bsp.a(altera_avalon_jtag_uart_ioctl.o)
 .debug_aranges
                0x0000000000000108       0x20 ../Lab5_bsp/\libhal_bsp.a(altera_avalon_jtag_uart_read.o)
 .debug_aranges
                0x0000000000000128       0x20 ../Lab5_bsp/\libhal_bsp.a(altera_avalon_jtag_uart_write.o)
 .debug_aranges
                0x0000000000000148       0x20 ../Lab5_bsp/\libhal_bsp.a(altera_avalon_timer_sc.o)
 .debug_aranges
                0x0000000000000168       0x20 ../Lab5_bsp/\libhal_bsp.a(alt_alarm_start.o)
 .debug_aranges
                0x0000000000000188       0x20 ../Lab5_bsp/\libhal_bsp.a(alt_close.o)
 .debug_aranges
                0x00000000000001a8       0x20 ../Lab5_bsp/\libhal_bsp.a(alt_dcache_flush_all.o)
 .debug_aranges
                0x00000000000001c8       0x20 ../Lab5_bsp/\libhal_bsp.a(alt_dev.o)
 .debug_aranges
                0x00000000000001e8       0x20 ../Lab5_bsp/\libhal_bsp.a(alt_dev_llist_insert.o)
 .debug_aranges
                0x0000000000000208       0x20 ../Lab5_bsp/\libhal_bsp.a(alt_do_ctors.o)
 .debug_aranges
                0x0000000000000228       0x20 ../Lab5_bsp/\libhal_bsp.a(alt_do_dtors.o)
 .debug_aranges
                0x0000000000000248       0x18 ../Lab5_bsp/\libhal_bsp.a(alt_errno.o)
 .debug_aranges
                0x0000000000000260       0x20 ../Lab5_bsp/\libhal_bsp.a(alt_icache_flush_all.o)
 .debug_aranges
                0x0000000000000280       0x20 ../Lab5_bsp/\libhal_bsp.a(alt_iic.o)
 .debug_aranges
                0x00000000000002a0       0x20 ../Lab5_bsp/\libhal_bsp.a(alt_iic_isr_register.o)
 .debug_aranges
                0x00000000000002c0       0x20 ../Lab5_bsp/\libhal_bsp.a(alt_io_redirect.o)
 .debug_aranges
                0x00000000000002e0       0x30 ../Lab5_bsp/\libhal_bsp.a(alt_irq_entry.o)
 .debug_aranges
                0x0000000000000310       0x20 ../Lab5_bsp/\libhal_bsp.a(alt_irq_handler.o)
 .debug_aranges
                0x0000000000000330       0x18 ../Lab5_bsp/\libhal_bsp.a(alt_irq_vars.o)
 .debug_aranges
                0x0000000000000348       0x20 ../Lab5_bsp/\libhal_bsp.a(alt_open.o)
 .debug_aranges
                0x0000000000000368       0x20 ../Lab5_bsp/\libhal_bsp.a(alt_release_fd.o)
 .debug_aranges
                0x0000000000000388       0x20 ../Lab5_bsp/\libhal_bsp.a(alt_tick.o)
 .debug_aranges
                0x00000000000003a8       0x20 ../Lab5_bsp/\libhal_bsp.a(altera_nios2_gen2_irq.o)
 .debug_aranges
                0x00000000000003c8       0x38 ../Lab5_bsp/\libhal_bsp.a(alt_exception_entry.o)
 .debug_aranges
                0x0000000000000400       0x20 ../Lab5_bsp/\libhal_bsp.a(alt_find_dev.o)
 .debug_aranges
                0x0000000000000420       0x20 ../Lab5_bsp/\libhal_bsp.a(alt_find_file.o)
 .debug_aranges
                0x0000000000000440       0x20 ../Lab5_bsp/\libhal_bsp.a(alt_get_fd.o)
 .debug_aranges
                0x0000000000000460       0x28 ../Lab5_bsp/\libhal_bsp.a(alt_instruction_exception_entry.o)
 .debug_aranges
                0x0000000000000488       0x20 k:/quartus18/nios2eds/bin/gnu/h-x86_64-mingw32/bin/../lib/gcc/nios2-elf/5.3.0/../../../../../H-x86_64-mingw32/nios2-elf/lib/mno-hw-mul\libc.a(lib_a-atexit.o)
 .debug_aranges
                0x00000000000004a8       0x20 k:/quartus18/nios2eds/bin/gnu/h-x86_64-mingw32/bin/../lib/gcc/nios2-elf/5.3.0/../../../../../H-x86_64-mingw32/nios2-elf/lib/mno-hw-mul\libc.a(lib_a-exit.o)
 .debug_aranges
                0x00000000000004c8       0x18 k:/quartus18/nios2eds/bin/gnu/h-x86_64-mingw32/bin/../lib/gcc/nios2-elf/5.3.0/../../../../../H-x86_64-mingw32/nios2-elf/lib/mno-hw-mul\libc.a(lib_a-impure.o)
 .debug_aranges
                0x00000000000004e0       0x18 k:/quartus18/nios2eds/bin/gnu/h-x86_64-mingw32/bin/../lib/gcc/nios2-elf/5.3.0/../../../../../H-x86_64-mingw32/nios2-elf/lib/mno-hw-mul\libc.a(lib_a-int_errno.o)
 .debug_aranges
                0x00000000000004f8       0x20 k:/quartus18/nios2eds/bin/gnu/h-x86_64-mingw32/bin/../lib/gcc/nios2-elf/5.3.0/../../../../../H-x86_64-mingw32/nios2-elf/lib/mno-hw-mul\libc.a(lib_a-memcmp.o)
 .debug_aranges
                0x0000000000000518       0x20 k:/quartus18/nios2eds/bin/gnu/h-x86_64-mingw32/bin/../lib/gcc/nios2-elf/5.3.0/../../../../../H-x86_64-mingw32/nios2-elf/lib/mno-hw-mul\libc.a(lib_a-memcpy.o)
 .debug_aranges
                0x0000000000000538       0x20 k:/quartus18/nios2eds/bin/gnu/h-x86_64-mingw32/bin/../lib/gcc/nios2-elf/5.3.0/../../../../../H-x86_64-mingw32/nios2-elf/lib/mno-hw-mul\libc.a(lib_a-strlen.o)
 .debug_aranges
                0x0000000000000558       0x20 k:/quartus18/nios2eds/bin/gnu/h-x86_64-mingw32/bin/../lib/gcc/nios2-elf/5.3.0/../../../../../H-x86_64-mingw32/nios2-elf/lib/mno-hw-mul\libc.a(lib_a-__atexit.o)
 .debug_aranges
                0x0000000000000578       0x20 k:/quartus18/nios2eds/bin/gnu/h-x86_64-mingw32/bin/../lib/gcc/nios2-elf/5.3.0/../../../../../H-x86_64-mingw32/nios2-elf/lib/mno-hw-mul\libc.a(lib_a-__call_atexit.o)
 .debug_aranges
                0x0000000000000598       0x20 k:/quartus18/nios2eds/bin/gnu/h-x86_64-mingw32/bin/../lib/gcc/nios2-elf/5.3.0/mno-hw-mul\libgcc.a(lib2-mul.o)
 .debug_aranges
                0x00000000000005b8       0x20 ../Lab5_bsp/\libhal_bsp.a(alt_exit.o)

.debug_pubnames
 *(.debug_pubnames)

.debug_info     0x0000000000000000     0x7779
 *(.debug_info .gnu.linkonce.wi.*)
 .debug_info    0x0000000000000000       0x6f ../Lab5_bsp//obj/HAL/src/crt0.o
 .debug_info    0x000000000000006f       0xf5 obj/default/Lab5.o
 .debug_info    0x0000000000000164      0x145 ../Lab5_bsp/\libhal_bsp.a(alt_load.o)
 .debug_info    0x00000000000002a9      0x131 ../Lab5_bsp/\libhal_bsp.a(alt_main.o)
 .debug_info    0x00000000000003da      0x4d9 ../Lab5_bsp/\libhal_bsp.a(alt_sys_init.o)
 .debug_info    0x00000000000008b3      0x52e ../Lab5_bsp/\libhal_bsp.a(altera_avalon_jtag_uart_fd.o)
 .debug_info    0x0000000000000de1      0x3a0 ../Lab5_bsp/\libhal_bsp.a(altera_avalon_jtag_uart_init.o)
 .debug_info    0x0000000000001181      0x280 ../Lab5_bsp/\libhal_bsp.a(altera_avalon_jtag_uart_ioctl.o)
 .debug_info    0x0000000000001401      0x345 ../Lab5_bsp/\libhal_bsp.a(altera_avalon_jtag_uart_read.o)
 .debug_info    0x0000000000001746      0x340 ../Lab5_bsp/\libhal_bsp.a(altera_avalon_jtag_uart_write.o)
 .debug_info    0x0000000000001a86      0x226 ../Lab5_bsp/\libhal_bsp.a(altera_avalon_timer_sc.o)
 .debug_info    0x0000000000001cac      0x2cc ../Lab5_bsp/\libhal_bsp.a(alt_alarm_start.o)
 .debug_info    0x0000000000001f78      0x321 ../Lab5_bsp/\libhal_bsp.a(alt_close.o)
 .debug_info    0x0000000000002299       0x92 ../Lab5_bsp/\libhal_bsp.a(alt_dcache_flush_all.o)
 .debug_info    0x000000000000232b      0x49c ../Lab5_bsp/\libhal_bsp.a(alt_dev.o)
 .debug_info    0x00000000000027c7      0x1a9 ../Lab5_bsp/\libhal_bsp.a(alt_dev_llist_insert.o)
 .debug_info    0x0000000000002970       0x83 ../Lab5_bsp/\libhal_bsp.a(alt_do_ctors.o)
 .debug_info    0x00000000000029f3       0x83 ../Lab5_bsp/\libhal_bsp.a(alt_do_dtors.o)
 .debug_info    0x0000000000002a76       0xa6 ../Lab5_bsp/\libhal_bsp.a(alt_errno.o)
 .debug_info    0x0000000000002b1c       0x92 ../Lab5_bsp/\libhal_bsp.a(alt_icache_flush_all.o)
 .debug_info    0x0000000000002bae      0x350 ../Lab5_bsp/\libhal_bsp.a(alt_iic.o)
 .debug_info    0x0000000000002efe      0x1ef ../Lab5_bsp/\libhal_bsp.a(alt_iic_isr_register.o)
 .debug_info    0x00000000000030ed      0x4a5 ../Lab5_bsp/\libhal_bsp.a(alt_io_redirect.o)
 .debug_info    0x0000000000003592       0x78 ../Lab5_bsp/\libhal_bsp.a(alt_irq_entry.o)
 .debug_info    0x000000000000360a      0x187 ../Lab5_bsp/\libhal_bsp.a(alt_irq_handler.o)
 .debug_info    0x0000000000003791       0x88 ../Lab5_bsp/\libhal_bsp.a(alt_irq_vars.o)
 .debug_info    0x0000000000003819      0x3bb ../Lab5_bsp/\libhal_bsp.a(alt_open.o)
 .debug_info    0x0000000000003bd4      0x2b0 ../Lab5_bsp/\libhal_bsp.a(alt_release_fd.o)
 .debug_info    0x0000000000003e84      0x299 ../Lab5_bsp/\libhal_bsp.a(alt_tick.o)
 .debug_info    0x000000000000411d       0x92 ../Lab5_bsp/\libhal_bsp.a(altera_nios2_gen2_irq.o)
 .debug_info    0x00000000000041af       0x7e ../Lab5_bsp/\libhal_bsp.a(alt_exception_entry.o)
 .debug_info    0x000000000000422d      0x2e9 ../Lab5_bsp/\libhal_bsp.a(alt_find_dev.o)
 .debug_info    0x0000000000004516      0x2e6 ../Lab5_bsp/\libhal_bsp.a(alt_find_file.o)
 .debug_info    0x00000000000047fc      0x310 ../Lab5_bsp/\libhal_bsp.a(alt_get_fd.o)
 .debug_info    0x0000000000004b0c      0x1e7 ../Lab5_bsp/\libhal_bsp.a(alt_instruction_exception_entry.o)
 .debug_info    0x0000000000004cf3       0xfe k:/quartus18/nios2eds/bin/gnu/h-x86_64-mingw32/bin/../lib/gcc/nios2-elf/5.3.0/../../../../../H-x86_64-mingw32/nios2-elf/lib/mno-hw-mul\libc.a(lib_a-atexit.o)
 .debug_info    0x0000000000004df1      0x8e4 k:/quartus18/nios2eds/bin/gnu/h-x86_64-mingw32/bin/../lib/gcc/nios2-elf/5.3.0/../../../../../H-x86_64-mingw32/nios2-elf/lib/mno-hw-mul\libc.a(lib_a-exit.o)
 .debug_info    0x00000000000056d5      0x8a1 k:/quartus18/nios2eds/bin/gnu/h-x86_64-mingw32/bin/../lib/gcc/nios2-elf/5.3.0/../../../../../H-x86_64-mingw32/nios2-elf/lib/mno-hw-mul\libc.a(lib_a-impure.o)
 .debug_info    0x0000000000005f76       0x8a k:/quartus18/nios2eds/bin/gnu/h-x86_64-mingw32/bin/../lib/gcc/nios2-elf/5.3.0/../../../../../H-x86_64-mingw32/nios2-elf/lib/mno-hw-mul\libc.a(lib_a-int_errno.o)
 .debug_info    0x0000000000006000      0x11a k:/quartus18/nios2eds/bin/gnu/h-x86_64-mingw32/bin/../lib/gcc/nios2-elf/5.3.0/../../../../../H-x86_64-mingw32/nios2-elf/lib/mno-hw-mul\libc.a(lib_a-memcmp.o)
 .debug_info    0x000000000000611a      0x144 k:/quartus18/nios2eds/bin/gnu/h-x86_64-mingw32/bin/../lib/gcc/nios2-elf/5.3.0/../../../../../H-x86_64-mingw32/nios2-elf/lib/mno-hw-mul\libc.a(lib_a-memcpy.o)
 .debug_info    0x000000000000625e       0xe2 k:/quartus18/nios2eds/bin/gnu/h-x86_64-mingw32/bin/../lib/gcc/nios2-elf/5.3.0/../../../../../H-x86_64-mingw32/nios2-elf/lib/mno-hw-mul\libc.a(lib_a-strlen.o)
 .debug_info    0x0000000000006340      0x934 k:/quartus18/nios2eds/bin/gnu/h-x86_64-mingw32/bin/../lib/gcc/nios2-elf/5.3.0/../../../../../H-x86_64-mingw32/nios2-elf/lib/mno-hw-mul\libc.a(lib_a-__atexit.o)
 .debug_info    0x0000000000006c74      0x965 k:/quartus18/nios2eds/bin/gnu/h-x86_64-mingw32/bin/../lib/gcc/nios2-elf/5.3.0/../../../../../H-x86_64-mingw32/nios2-elf/lib/mno-hw-mul\libc.a(lib_a-__call_atexit.o)
 .debug_info    0x00000000000075d9       0xb4 k:/quartus18/nios2eds/bin/gnu/h-x86_64-mingw32/bin/../lib/gcc/nios2-elf/5.3.0/mno-hw-mul\libgcc.a(lib2-mul.o)
 .debug_info    0x000000000000768d       0xec ../Lab5_bsp/\libhal_bsp.a(alt_exit.o)

.debug_abbrev   0x0000000000000000     0x2a67
 *(.debug_abbrev)
 .debug_abbrev  0x0000000000000000       0x12 ../Lab5_bsp//obj/HAL/src/crt0.o
 .debug_abbrev  0x0000000000000012       0x5e obj/default/Lab5.o
 .debug_abbrev  0x0000000000000070       0x9f ../Lab5_bsp/\libhal_bsp.a(alt_load.o)
 .debug_abbrev  0x000000000000010f       0xba ../Lab5_bsp/\libhal_bsp.a(alt_main.o)
 .debug_abbrev  0x00000000000001c9      0x187 ../Lab5_bsp/\libhal_bsp.a(alt_sys_init.o)
 .debug_abbrev  0x0000000000000350      0x127 ../Lab5_bsp/\libhal_bsp.a(altera_avalon_jtag_uart_fd.o)
 .debug_abbrev  0x0000000000000477      0x19e ../Lab5_bsp/\libhal_bsp.a(altera_avalon_jtag_uart_init.o)
 .debug_abbrev  0x0000000000000615      0x111 ../Lab5_bsp/\libhal_bsp.a(altera_avalon_jtag_uart_ioctl.o)
 .debug_abbrev  0x0000000000000726      0x1aa ../Lab5_bsp/\libhal_bsp.a(altera_avalon_jtag_uart_read.o)
 .debug_abbrev  0x00000000000008d0      0x1a8 ../Lab5_bsp/\libhal_bsp.a(altera_avalon_jtag_uart_write.o)
 .debug_abbrev  0x0000000000000a78      0x155 ../Lab5_bsp/\libhal_bsp.a(altera_avalon_timer_sc.o)
 .debug_abbrev  0x0000000000000bcd      0x162 ../Lab5_bsp/\libhal_bsp.a(alt_alarm_start.o)
 .debug_abbrev  0x0000000000000d2f      0x11f ../Lab5_bsp/\libhal_bsp.a(alt_close.o)
 .debug_abbrev  0x0000000000000e4e       0x42 ../Lab5_bsp/\libhal_bsp.a(alt_dcache_flush_all.o)
 .debug_abbrev  0x0000000000000e90       0xd9 ../Lab5_bsp/\libhal_bsp.a(alt_dev.o)
 .debug_abbrev  0x0000000000000f69      0x114 ../Lab5_bsp/\libhal_bsp.a(alt_dev_llist_insert.o)
 .debug_abbrev  0x000000000000107d       0x79 ../Lab5_bsp/\libhal_bsp.a(alt_do_ctors.o)
 .debug_abbrev  0x00000000000010f6       0x79 ../Lab5_bsp/\libhal_bsp.a(alt_do_dtors.o)
 .debug_abbrev  0x000000000000116f       0x5a ../Lab5_bsp/\libhal_bsp.a(alt_errno.o)
 .debug_abbrev  0x00000000000011c9       0x42 ../Lab5_bsp/\libhal_bsp.a(alt_icache_flush_all.o)
 .debug_abbrev  0x000000000000120b      0x163 ../Lab5_bsp/\libhal_bsp.a(alt_iic.o)
 .debug_abbrev  0x000000000000136e      0x169 ../Lab5_bsp/\libhal_bsp.a(alt_iic_isr_register.o)
 .debug_abbrev  0x00000000000014d7      0x114 ../Lab5_bsp/\libhal_bsp.a(alt_io_redirect.o)
 .debug_abbrev  0x00000000000015eb       0x12 ../Lab5_bsp/\libhal_bsp.a(alt_irq_entry.o)
 .debug_abbrev  0x00000000000015fd      0x122 ../Lab5_bsp/\libhal_bsp.a(alt_irq_handler.o)
 .debug_abbrev  0x000000000000171f       0x40 ../Lab5_bsp/\libhal_bsp.a(alt_irq_vars.o)
 .debug_abbrev  0x000000000000175f      0x148 ../Lab5_bsp/\libhal_bsp.a(alt_open.o)
 .debug_abbrev  0x00000000000018a7       0xde ../Lab5_bsp/\libhal_bsp.a(alt_release_fd.o)
 .debug_abbrev  0x0000000000001985      0x15a ../Lab5_bsp/\libhal_bsp.a(alt_tick.o)
 .debug_abbrev  0x0000000000001adf       0x42 ../Lab5_bsp/\libhal_bsp.a(altera_nios2_gen2_irq.o)
 .debug_abbrev  0x0000000000001b21       0x12 ../Lab5_bsp/\libhal_bsp.a(alt_exception_entry.o)
 .debug_abbrev  0x0000000000001b33       0xf0 ../Lab5_bsp/\libhal_bsp.a(alt_find_dev.o)
 .debug_abbrev  0x0000000000001c23       0xf0 ../Lab5_bsp/\libhal_bsp.a(alt_find_file.o)
 .debug_abbrev  0x0000000000001d13      0x10d ../Lab5_bsp/\libhal_bsp.a(alt_get_fd.o)
 .debug_abbrev  0x0000000000001e20       0xdc ../Lab5_bsp/\libhal_bsp.a(alt_instruction_exception_entry.o)
 .debug_abbrev  0x0000000000001efc       0xaa k:/quartus18/nios2eds/bin/gnu/h-x86_64-mingw32/bin/../lib/gcc/nios2-elf/5.3.0/../../../../../H-x86_64-mingw32/nios2-elf/lib/mno-hw-mul\libc.a(lib_a-atexit.o)
 .debug_abbrev  0x0000000000001fa6      0x1e5 k:/quartus18/nios2eds/bin/gnu/h-x86_64-mingw32/bin/../lib/gcc/nios2-elf/5.3.0/../../../../../H-x86_64-mingw32/nios2-elf/lib/mno-hw-mul\libc.a(lib_a-exit.o)
 .debug_abbrev  0x000000000000218b      0x18f k:/quartus18/nios2eds/bin/gnu/h-x86_64-mingw32/bin/../lib/gcc/nios2-elf/5.3.0/../../../../../H-x86_64-mingw32/nios2-elf/lib/mno-hw-mul\libc.a(lib_a-impure.o)
 .debug_abbrev  0x000000000000231a       0x37 k:/quartus18/nios2eds/bin/gnu/h-x86_64-mingw32/bin/../lib/gcc/nios2-elf/5.3.0/../../../../../H-x86_64-mingw32/nios2-elf/lib/mno-hw-mul\libc.a(lib_a-int_errno.o)
 .debug_abbrev  0x0000000000002351       0x7f k:/quartus18/nios2eds/bin/gnu/h-x86_64-mingw32/bin/../lib/gcc/nios2-elf/5.3.0/../../../../../H-x86_64-mingw32/nios2-elf/lib/mno-hw-mul\libc.a(lib_a-memcmp.o)
 .debug_abbrev  0x00000000000023d0       0xa3 k:/quartus18/nios2eds/bin/gnu/h-x86_64-mingw32/bin/../lib/gcc/nios2-elf/5.3.0/../../../../../H-x86_64-mingw32/nios2-elf/lib/mno-hw-mul\libc.a(lib_a-memcpy.o)
 .debug_abbrev  0x0000000000002473       0x90 k:/quartus18/nios2eds/bin/gnu/h-x86_64-mingw32/bin/../lib/gcc/nios2-elf/5.3.0/../../../../../H-x86_64-mingw32/nios2-elf/lib/mno-hw-mul\libc.a(lib_a-strlen.o)
 .debug_abbrev  0x0000000000002503      0x21e k:/quartus18/nios2eds/bin/gnu/h-x86_64-mingw32/bin/../lib/gcc/nios2-elf/5.3.0/../../../../../H-x86_64-mingw32/nios2-elf/lib/mno-hw-mul\libc.a(lib_a-__atexit.o)
 .debug_abbrev  0x0000000000002721      0x22e k:/quartus18/nios2eds/bin/gnu/h-x86_64-mingw32/bin/../lib/gcc/nios2-elf/5.3.0/../../../../../H-x86_64-mingw32/nios2-elf/lib/mno-hw-mul\libc.a(lib_a-__call_atexit.o)
 .debug_abbrev  0x000000000000294f       0x6f k:/quartus18/nios2eds/bin/gnu/h-x86_64-mingw32/bin/../lib/gcc/nios2-elf/5.3.0/mno-hw-mul\libgcc.a(lib2-mul.o)
 .debug_abbrev  0x00000000000029be       0xa9 ../Lab5_bsp/\libhal_bsp.a(alt_exit.o)

.debug_line     0x0000000000000000     0x2b0b
 *(.debug_line)
 .debug_line    0x0000000000000000       0x66 ../Lab5_bsp//obj/HAL/src/crt0.o
 .debug_line    0x0000000000000066       0xfd obj/default/Lab5.o
 .debug_line    0x0000000000000163       0x8e ../Lab5_bsp/\libhal_bsp.a(alt_load.o)
 .debug_line    0x00000000000001f1       0xa4 ../Lab5_bsp/\libhal_bsp.a(alt_main.o)
 .debug_line    0x0000000000000295      0x152 ../Lab5_bsp/\libhal_bsp.a(alt_sys_init.o)
 .debug_line    0x00000000000003e7      0x12f ../Lab5_bsp/\libhal_bsp.a(altera_avalon_jtag_uart_fd.o)
 .debug_line    0x0000000000000516      0x18b ../Lab5_bsp/\libhal_bsp.a(altera_avalon_jtag_uart_init.o)
 .debug_line    0x00000000000006a1      0x131 ../Lab5_bsp/\libhal_bsp.a(altera_avalon_jtag_uart_ioctl.o)
 .debug_line    0x00000000000007d2      0x171 ../Lab5_bsp/\libhal_bsp.a(altera_avalon_jtag_uart_read.o)
 .debug_line    0x0000000000000943      0x170 ../Lab5_bsp/\libhal_bsp.a(altera_avalon_jtag_uart_write.o)
 .debug_line    0x0000000000000ab3       0xfd ../Lab5_bsp/\libhal_bsp.a(altera_avalon_timer_sc.o)
 .debug_line    0x0000000000000bb0       0xf9 ../Lab5_bsp/\libhal_bsp.a(alt_alarm_start.o)
 .debug_line    0x0000000000000ca9      0x15b ../Lab5_bsp/\libhal_bsp.a(alt_close.o)
 .debug_line    0x0000000000000e04       0x51 ../Lab5_bsp/\libhal_bsp.a(alt_dcache_flush_all.o)
 .debug_line    0x0000000000000e55       0xee ../Lab5_bsp/\libhal_bsp.a(alt_dev.o)
 .debug_line    0x0000000000000f43       0xcf ../Lab5_bsp/\libhal_bsp.a(alt_dev_llist_insert.o)
 .debug_line    0x0000000000001012       0x59 ../Lab5_bsp/\libhal_bsp.a(alt_do_ctors.o)
 .debug_line    0x000000000000106b       0x59 ../Lab5_bsp/\libhal_bsp.a(alt_do_dtors.o)
 .debug_line    0x00000000000010c4       0x51 ../Lab5_bsp/\libhal_bsp.a(alt_errno.o)
 .debug_line    0x0000000000001115       0x4f ../Lab5_bsp/\libhal_bsp.a(alt_icache_flush_all.o)
 .debug_line    0x0000000000001164       0xeb ../Lab5_bsp/\libhal_bsp.a(alt_iic.o)
 .debug_line    0x000000000000124f       0xdb ../Lab5_bsp/\libhal_bsp.a(alt_iic_isr_register.o)
 .debug_line    0x000000000000132a      0x12b ../Lab5_bsp/\libhal_bsp.a(alt_io_redirect.o)
 .debug_line    0x0000000000001455       0x6b ../Lab5_bsp/\libhal_bsp.a(alt_irq_entry.o)
 .debug_line    0x00000000000014c0       0xaa ../Lab5_bsp/\libhal_bsp.a(alt_irq_handler.o)
 .debug_line    0x000000000000156a       0x50 ../Lab5_bsp/\libhal_bsp.a(alt_irq_vars.o)
 .debug_line    0x00000000000015ba      0x12b ../Lab5_bsp/\libhal_bsp.a(alt_open.o)
 .debug_line    0x00000000000016e5       0xb0 ../Lab5_bsp/\libhal_bsp.a(alt_release_fd.o)
 .debug_line    0x0000000000001795       0xff ../Lab5_bsp/\libhal_bsp.a(alt_tick.o)
 .debug_line    0x0000000000001894       0x51 ../Lab5_bsp/\libhal_bsp.a(altera_nios2_gen2_irq.o)
 .debug_line    0x00000000000018e5       0xb3 ../Lab5_bsp/\libhal_bsp.a(alt_exception_entry.o)
 .debug_line    0x0000000000001998       0xb5 ../Lab5_bsp/\libhal_bsp.a(alt_find_dev.o)
 .debug_line    0x0000000000001a4d       0xd1 ../Lab5_bsp/\libhal_bsp.a(alt_find_file.o)
 .debug_line    0x0000000000001b1e       0xd7 ../Lab5_bsp/\libhal_bsp.a(alt_get_fd.o)
 .debug_line    0x0000000000001bf5       0xb9 ../Lab5_bsp/\libhal_bsp.a(alt_instruction_exception_entry.o)
 .debug_line    0x0000000000001cae       0xe7 k:/quartus18/nios2eds/bin/gnu/h-x86_64-mingw32/bin/../lib/gcc/nios2-elf/5.3.0/../../../../../H-x86_64-mingw32/nios2-elf/lib/mno-hw-mul\libc.a(lib_a-atexit.o)
 .debug_line    0x0000000000001d95      0x1fc k:/quartus18/nios2eds/bin/gnu/h-x86_64-mingw32/bin/../lib/gcc/nios2-elf/5.3.0/../../../../../H-x86_64-mingw32/nios2-elf/lib/mno-hw-mul\libc.a(lib_a-exit.o)
 .debug_line    0x0000000000001f91      0x160 k:/quartus18/nios2eds/bin/gnu/h-x86_64-mingw32/bin/../lib/gcc/nios2-elf/5.3.0/../../../../../H-x86_64-mingw32/nios2-elf/lib/mno-hw-mul\libc.a(lib_a-impure.o)
 .debug_line    0x00000000000020f1       0x5f k:/quartus18/nios2eds/bin/gnu/h-x86_64-mingw32/bin/../lib/gcc/nios2-elf/5.3.0/../../../../../H-x86_64-mingw32/nios2-elf/lib/mno-hw-mul\libc.a(lib_a-int_errno.o)
 .debug_line    0x0000000000002150      0x176 k:/quartus18/nios2eds/bin/gnu/h-x86_64-mingw32/bin/../lib/gcc/nios2-elf/5.3.0/../../../../../H-x86_64-mingw32/nios2-elf/lib/mno-hw-mul\libc.a(lib_a-memcmp.o)
 .debug_line    0x00000000000022c6      0x18c k:/quartus18/nios2eds/bin/gnu/h-x86_64-mingw32/bin/../lib/gcc/nios2-elf/5.3.0/../../../../../H-x86_64-mingw32/nios2-elf/lib/mno-hw-mul\libc.a(lib_a-memcpy.o)
 .debug_line    0x0000000000002452      0x16f k:/quartus18/nios2eds/bin/gnu/h-x86_64-mingw32/bin/../lib/gcc/nios2-elf/5.3.0/../../../../../H-x86_64-mingw32/nios2-elf/lib/mno-hw-mul\libc.a(lib_a-strlen.o)
 .debug_line    0x00000000000025c1      0x21f k:/quartus18/nios2eds/bin/gnu/h-x86_64-mingw32/bin/../lib/gcc/nios2-elf/5.3.0/../../../../../H-x86_64-mingw32/nios2-elf/lib/mno-hw-mul\libc.a(lib_a-__atexit.o)
 .debug_line    0x00000000000027e0      0x23a k:/quartus18/nios2eds/bin/gnu/h-x86_64-mingw32/bin/../lib/gcc/nios2-elf/5.3.0/../../../../../H-x86_64-mingw32/nios2-elf/lib/mno-hw-mul\libc.a(lib_a-__call_atexit.o)
 .debug_line    0x0000000000002a1a       0x80 k:/quartus18/nios2eds/bin/gnu/h-x86_64-mingw32/bin/../lib/gcc/nios2-elf/5.3.0/mno-hw-mul\libgcc.a(lib2-mul.o)
 .debug_line    0x0000000000002a9a       0x71 ../Lab5_bsp/\libhal_bsp.a(alt_exit.o)

.debug_frame    0x0000000000000000      0xb04
 *(.debug_frame)
 .debug_frame   0x0000000000000000       0x2c obj/default/Lab5.o
 .debug_frame   0x000000000000002c       0x5c ../Lab5_bsp/\libhal_bsp.a(alt_load.o)
 .debug_frame   0x0000000000000088       0x2c ../Lab5_bsp/\libhal_bsp.a(alt_main.o)
 .debug_frame   0x00000000000000b4       0x88 ../Lab5_bsp/\libhal_bsp.a(alt_sys_init.o)
 .debug_frame   0x000000000000013c       0xb0 ../Lab5_bsp/\libhal_bsp.a(altera_avalon_jtag_uart_fd.o)
 .debug_frame   0x00000000000001ec       0xa4 ../Lab5_bsp/\libhal_bsp.a(altera_avalon_jtag_uart_init.o)
 .debug_frame   0x0000000000000290       0x34 ../Lab5_bsp/\libhal_bsp.a(altera_avalon_jtag_uart_ioctl.o)
 .debug_frame   0x00000000000002c4       0x38 ../Lab5_bsp/\libhal_bsp.a(altera_avalon_jtag_uart_read.o)
 .debug_frame   0x00000000000002fc       0x38 ../Lab5_bsp/\libhal_bsp.a(altera_avalon_jtag_uart_write.o)
 .debug_frame   0x0000000000000334       0x60 ../Lab5_bsp/\libhal_bsp.a(altera_avalon_timer_sc.o)
 .debug_frame   0x0000000000000394       0x34 ../Lab5_bsp/\libhal_bsp.a(alt_alarm_start.o)
 .debug_frame   0x00000000000003c8       0x60 ../Lab5_bsp/\libhal_bsp.a(alt_close.o)
 .debug_frame   0x0000000000000428       0x34 ../Lab5_bsp/\libhal_bsp.a(alt_dcache_flush_all.o)
 .debug_frame   0x000000000000045c       0x34 ../Lab5_bsp/\libhal_bsp.a(alt_dev.o)
 .debug_frame   0x0000000000000490       0x60 ../Lab5_bsp/\libhal_bsp.a(alt_dev_llist_insert.o)
 .debug_frame   0x00000000000004f0       0x38 ../Lab5_bsp/\libhal_bsp.a(alt_do_ctors.o)
 .debug_frame   0x0000000000000528       0x38 ../Lab5_bsp/\libhal_bsp.a(alt_do_dtors.o)
 .debug_frame   0x0000000000000560       0x34 ../Lab5_bsp/\libhal_bsp.a(alt_icache_flush_all.o)
 .debug_frame   0x0000000000000594       0xa4 ../Lab5_bsp/\libhal_bsp.a(alt_iic.o)
 .debug_frame   0x0000000000000638       0x38 ../Lab5_bsp/\libhal_bsp.a(alt_iic_isr_register.o)
 .debug_frame   0x0000000000000670       0x64 ../Lab5_bsp/\libhal_bsp.a(alt_io_redirect.o)
 .debug_frame   0x00000000000006d4       0x38 ../Lab5_bsp/\libhal_bsp.a(alt_irq_handler.o)
 .debug_frame   0x000000000000070c       0x8c ../Lab5_bsp/\libhal_bsp.a(alt_open.o)
 .debug_frame   0x0000000000000798       0x3c ../Lab5_bsp/\libhal_bsp.a(alt_release_fd.o)
 .debug_frame   0x00000000000007d4       0x5c ../Lab5_bsp/\libhal_bsp.a(alt_tick.o)
 .debug_frame   0x0000000000000830       0x34 ../Lab5_bsp/\libhal_bsp.a(altera_nios2_gen2_irq.o)
 .debug_frame   0x0000000000000864       0x38 ../Lab5_bsp/\libhal_bsp.a(alt_find_dev.o)
 .debug_frame   0x000000000000089c       0x38 ../Lab5_bsp/\libhal_bsp.a(alt_find_file.o)
 .debug_frame   0x00000000000008d4       0x3c ../Lab5_bsp/\libhal_bsp.a(alt_get_fd.o)
 .debug_frame   0x0000000000000910       0x5c ../Lab5_bsp/\libhal_bsp.a(alt_instruction_exception_entry.o)
 .debug_frame   0x000000000000096c       0x20 k:/quartus18/nios2eds/bin/gnu/h-x86_64-mingw32/bin/../lib/gcc/nios2-elf/5.3.0/../../../../../H-x86_64-mingw32/nios2-elf/lib/mno-hw-mul\libc.a(lib_a-atexit.o)
 .debug_frame   0x000000000000098c       0x28 k:/quartus18/nios2eds/bin/gnu/h-x86_64-mingw32/bin/../lib/gcc/nios2-elf/5.3.0/../../../../../H-x86_64-mingw32/nios2-elf/lib/mno-hw-mul\libc.a(lib_a-exit.o)
 .debug_frame   0x00000000000009b4       0x20 k:/quartus18/nios2eds/bin/gnu/h-x86_64-mingw32/bin/../lib/gcc/nios2-elf/5.3.0/../../../../../H-x86_64-mingw32/nios2-elf/lib/mno-hw-mul\libc.a(lib_a-memcmp.o)
 .debug_frame   0x00000000000009d4       0x38 k:/quartus18/nios2eds/bin/gnu/h-x86_64-mingw32/bin/../lib/gcc/nios2-elf/5.3.0/../../../../../H-x86_64-mingw32/nios2-elf/lib/mno-hw-mul\libc.a(lib_a-memcpy.o)
 .debug_frame   0x0000000000000a0c       0x20 k:/quartus18/nios2eds/bin/gnu/h-x86_64-mingw32/bin/../lib/gcc/nios2-elf/5.3.0/../../../../../H-x86_64-mingw32/nios2-elf/lib/mno-hw-mul\libc.a(lib_a-strlen.o)
 .debug_frame   0x0000000000000a2c       0x38 k:/quartus18/nios2eds/bin/gnu/h-x86_64-mingw32/bin/../lib/gcc/nios2-elf/5.3.0/../../../../../H-x86_64-mingw32/nios2-elf/lib/mno-hw-mul\libc.a(lib_a-__atexit.o)
 .debug_frame   0x0000000000000a64       0x54 k:/quartus18/nios2eds/bin/gnu/h-x86_64-mingw32/bin/../lib/gcc/nios2-elf/5.3.0/../../../../../H-x86_64-mingw32/nios2-elf/lib/mno-hw-mul\libc.a(lib_a-__call_atexit.o)
 .debug_frame   0x0000000000000ab8       0x20 k:/quartus18/nios2eds/bin/gnu/h-x86_64-mingw32/bin/../lib/gcc/nios2-elf/5.3.0/mno-hw-mul\libgcc.a(lib2-mul.o)
 .debug_frame   0x0000000000000ad8       0x2c ../Lab5_bsp/\libhal_bsp.a(alt_exit.o)

.debug_str      0x0000000000000000     0x1c19
 *(.debug_str)
 .debug_str     0x0000000000000000      0x11a obj/default/Lab5.o
                                        0x172 (size before relaxing)
 .debug_str     0x000000000000011a      0x12c ../Lab5_bsp/\libhal_bsp.a(alt_load.o)
                                        0x213 (size before relaxing)
 .debug_str     0x0000000000000246       0x70 ../Lab5_bsp/\libhal_bsp.a(alt_main.o)
                                        0x19e (size before relaxing)
 .debug_str     0x00000000000002b6      0x1d4 ../Lab5_bsp/\libhal_bsp.a(alt_sys_init.o)
                                        0x38b (size before relaxing)
 .debug_str     0x000000000000048a       0xb9 ../Lab5_bsp/\libhal_bsp.a(altera_avalon_jtag_uart_fd.o)
                                        0x3a5 (size before relaxing)
 .debug_str     0x0000000000000543       0xd1 ../Lab5_bsp/\libhal_bsp.a(altera_avalon_jtag_uart_init.o)
                                        0x339 (size before relaxing)
 .debug_str     0x0000000000000614       0x4a ../Lab5_bsp/\libhal_bsp.a(altera_avalon_jtag_uart_ioctl.o)
                                        0x294 (size before relaxing)
 .debug_str     0x000000000000065e       0x7f ../Lab5_bsp/\libhal_bsp.a(altera_avalon_jtag_uart_read.o)
                                        0x2e9 (size before relaxing)
 .debug_str     0x00000000000006dd       0x4a ../Lab5_bsp/\libhal_bsp.a(altera_avalon_jtag_uart_write.o)
                                        0x2ea (size before relaxing)
 .debug_str     0x0000000000000727       0x6d ../Lab5_bsp/\libhal_bsp.a(altera_avalon_timer_sc.o)
                                        0x24c (size before relaxing)
 .debug_str     0x0000000000000794       0x59 ../Lab5_bsp/\libhal_bsp.a(alt_alarm_start.o)
                                        0x27f (size before relaxing)
 .debug_str     0x00000000000007ed       0x44 ../Lab5_bsp/\libhal_bsp.a(alt_close.o)
                                        0x20c (size before relaxing)
 .debug_str     0x0000000000000831       0x34 ../Lab5_bsp/\libhal_bsp.a(alt_dcache_flush_all.o)
                                        0x156 (size before relaxing)
 .debug_str     0x0000000000000865      0x120 ../Lab5_bsp/\libhal_bsp.a(alt_dev.o)
                                        0x306 (size before relaxing)
 .debug_str     0x0000000000000985       0x34 ../Lab5_bsp/\libhal_bsp.a(alt_dev_llist_insert.o)
                                        0x1cd (size before relaxing)
 .debug_str     0x00000000000009b9       0x48 ../Lab5_bsp/\libhal_bsp.a(alt_do_ctors.o)
                                         0xd1 (size before relaxing)
 .debug_str     0x0000000000000a01       0x4c ../Lab5_bsp/\libhal_bsp.a(alt_do_dtors.o)
                                         0xd0 (size before relaxing)
 .debug_str     0x0000000000000a4d       0x14 ../Lab5_bsp/\libhal_bsp.a(alt_errno.o)
                                        0x146 (size before relaxing)
 .debug_str     0x0000000000000a61       0x34 ../Lab5_bsp/\libhal_bsp.a(alt_icache_flush_all.o)
                                        0x156 (size before relaxing)
 .debug_str     0x0000000000000a95       0xc4 ../Lab5_bsp/\libhal_bsp.a(alt_iic.o)
                                        0x23f (size before relaxing)
 .debug_str     0x0000000000000b59       0x4c ../Lab5_bsp/\libhal_bsp.a(alt_iic_isr_register.o)
                                        0x1e9 (size before relaxing)
 .debug_str     0x0000000000000ba5       0x56 ../Lab5_bsp/\libhal_bsp.a(alt_io_redirect.o)
                                        0x317 (size before relaxing)
 .debug_str     0x0000000000000bfb       0x3a ../Lab5_bsp/\libhal_bsp.a(alt_irq_handler.o)
                                        0x198 (size before relaxing)
 .debug_str     0x0000000000000c35       0x17 ../Lab5_bsp/\libhal_bsp.a(alt_irq_vars.o)
                                        0x13b (size before relaxing)
 .debug_str     0x0000000000000c4c       0x2f ../Lab5_bsp/\libhal_bsp.a(alt_open.o)
                                        0x24c (size before relaxing)
 .debug_str     0x0000000000000c7b       0x28 ../Lab5_bsp/\libhal_bsp.a(alt_release_fd.o)
                                        0x1d4 (size before relaxing)
 .debug_str     0x0000000000000ca3       0x4a ../Lab5_bsp/\libhal_bsp.a(alt_tick.o)
                                        0x253 (size before relaxing)
 .debug_str     0x0000000000000ced       0x3b ../Lab5_bsp/\libhal_bsp.a(altera_nios2_gen2_irq.o)
                                        0x15d (size before relaxing)
 .debug_str     0x0000000000000d28       0x24 ../Lab5_bsp/\libhal_bsp.a(alt_find_dev.o)
                                        0x1ed (size before relaxing)
 .debug_str     0x0000000000000d4c       0x26 ../Lab5_bsp/\libhal_bsp.a(alt_find_file.o)
                                        0x1fb (size before relaxing)
 .debug_str     0x0000000000000d72       0x30 ../Lab5_bsp/\libhal_bsp.a(alt_get_fd.o)
                                        0x21d (size before relaxing)
 .debug_str     0x0000000000000da2      0x48b ../Lab5_bsp/\libhal_bsp.a(alt_instruction_exception_entry.o)
                                        0x5a1 (size before relaxing)
 .debug_str     0x000000000000122d      0x17c k:/quartus18/nios2eds/bin/gnu/h-x86_64-mingw32/bin/../lib/gcc/nios2-elf/5.3.0/../../../../../H-x86_64-mingw32/nios2-elf/lib/mno-hw-mul\libc.a(lib_a-atexit.o)
                                        0x221 (size before relaxing)
 .debug_str     0x00000000000013a9      0x3af k:/quartus18/nios2eds/bin/gnu/h-x86_64-mingw32/bin/../lib/gcc/nios2-elf/5.3.0/../../../../../H-x86_64-mingw32/nios2-elf/lib/mno-hw-mul\libc.a(lib_a-exit.o)
                                        0x5be (size before relaxing)
 .debug_str     0x0000000000001758       0xd6 k:/quartus18/nios2eds/bin/gnu/h-x86_64-mingw32/bin/../lib/gcc/nios2-elf/5.3.0/../../../../../H-x86_64-mingw32/nios2-elf/lib/mno-hw-mul\libc.a(lib_a-impure.o)
                                        0x5b5 (size before relaxing)
 .debug_str     0x000000000000182e       0x3f k:/quartus18/nios2eds/bin/gnu/h-x86_64-mingw32/bin/../lib/gcc/nios2-elf/5.3.0/../../../../../H-x86_64-mingw32/nios2-elf/lib/mno-hw-mul\libc.a(lib_a-int_errno.o)
                                        0x1dd (size before relaxing)
 .debug_str     0x000000000000186d       0xda k:/quartus18/nios2eds/bin/gnu/h-x86_64-mingw32/bin/../lib/gcc/nios2-elf/5.3.0/../../../../../H-x86_64-mingw32/nios2-elf/lib/mno-hw-mul\libc.a(lib_a-memcmp.o)
                                        0x1e4 (size before relaxing)
 .debug_str     0x0000000000001947       0x6b k:/quartus18/nios2eds/bin/gnu/h-x86_64-mingw32/bin/../lib/gcc/nios2-elf/5.3.0/../../../../../H-x86_64-mingw32/nios2-elf/lib/mno-hw-mul\libc.a(lib_a-memcpy.o)
                                        0x20b (size before relaxing)
 .debug_str     0x00000000000019b2       0x51 k:/quartus18/nios2eds/bin/gnu/h-x86_64-mingw32/bin/../lib/gcc/nios2-elf/5.3.0/../../../../../H-x86_64-mingw32/nios2-elf/lib/mno-hw-mul\libc.a(lib_a-strlen.o)
                                        0x1f7 (size before relaxing)
 .debug_str     0x0000000000001a03       0x3f k:/quartus18/nios2eds/bin/gnu/h-x86_64-mingw32/bin/../lib/gcc/nios2-elf/5.3.0/../../../../../H-x86_64-mingw32/nios2-elf/lib/mno-hw-mul\libc.a(lib_a-__atexit.o)
                                        0x5f6 (size before relaxing)
 .debug_str     0x0000000000001a42       0x65 k:/quartus18/nios2eds/bin/gnu/h-x86_64-mingw32/bin/../lib/gcc/nios2-elf/5.3.0/../../../../../H-x86_64-mingw32/nios2-elf/lib/mno-hw-mul\libc.a(lib_a-__call_atexit.o)
                                        0x5e2 (size before relaxing)
 .debug_str     0x0000000000001aa7      0x148 k:/quartus18/nios2eds/bin/gnu/h-x86_64-mingw32/bin/../lib/gcc/nios2-elf/5.3.0/mno-hw-mul\libgcc.a(lib2-mul.o)
                                        0x193 (size before relaxing)
 .debug_str     0x0000000000001bef       0x2a ../Lab5_bsp/\libhal_bsp.a(alt_exit.o)
                                        0x152 (size before relaxing)

.debug_loc      0x0000000000000000      0x803
 *(.debug_loc)
 .debug_loc     0x0000000000000000       0x2c k:/quartus18/nios2eds/bin/gnu/h-x86_64-mingw32/bin/../lib/gcc/nios2-elf/5.3.0/../../../../../H-x86_64-mingw32/nios2-elf/lib/mno-hw-mul\libc.a(lib_a-atexit.o)
 .debug_loc     0x000000000000002c       0x1e k:/quartus18/nios2eds/bin/gnu/h-x86_64-mingw32/bin/../lib/gcc/nios2-elf/5.3.0/../../../../../H-x86_64-mingw32/nios2-elf/lib/mno-hw-mul\libc.a(lib_a-exit.o)
 .debug_loc     0x000000000000004a      0x126 k:/quartus18/nios2eds/bin/gnu/h-x86_64-mingw32/bin/../lib/gcc/nios2-elf/5.3.0/../../../../../H-x86_64-mingw32/nios2-elf/lib/mno-hw-mul\libc.a(lib_a-memcmp.o)
 .debug_loc     0x0000000000000170      0x266 k:/quartus18/nios2eds/bin/gnu/h-x86_64-mingw32/bin/../lib/gcc/nios2-elf/5.3.0/../../../../../H-x86_64-mingw32/nios2-elf/lib/mno-hw-mul\libc.a(lib_a-memcpy.o)
 .debug_loc     0x00000000000003d6       0x47 k:/quartus18/nios2eds/bin/gnu/h-x86_64-mingw32/bin/../lib/gcc/nios2-elf/5.3.0/../../../../../H-x86_64-mingw32/nios2-elf/lib/mno-hw-mul\libc.a(lib_a-strlen.o)
 .debug_loc     0x000000000000041d      0x185 k:/quartus18/nios2eds/bin/gnu/h-x86_64-mingw32/bin/../lib/gcc/nios2-elf/5.3.0/../../../../../H-x86_64-mingw32/nios2-elf/lib/mno-hw-mul\libc.a(lib_a-__atexit.o)
 .debug_loc     0x00000000000005a2      0x1ce k:/quartus18/nios2eds/bin/gnu/h-x86_64-mingw32/bin/../lib/gcc/nios2-elf/5.3.0/../../../../../H-x86_64-mingw32/nios2-elf/lib/mno-hw-mul\libc.a(lib_a-__call_atexit.o)
 .debug_loc     0x0000000000000770       0x93 k:/quartus18/nios2eds/bin/gnu/h-x86_64-mingw32/bin/../lib/gcc/nios2-elf/5.3.0/mno-hw-mul\libgcc.a(lib2-mul.o)

.debug_macinfo
 *(.debug_macinfo)

.debug_weaknames
 *(.debug_weaknames)

.debug_funcnames
 *(.debug_funcnames)

.debug_typenames
 *(.debug_typenames)

.debug_varnames
 *(.debug_varnames)

.debug_alt_sim_info
                0x0000000000000000       0x10
 *(.debug_alt_sim_info)
 .debug_alt_sim_info
                0x0000000000000000       0x10 ../Lab5_bsp//obj/HAL/src/crt0.o
                0x0000000001000000                __alt_data_end = 0x1000000
                0x0000000001000000                PROVIDE (__alt_stack_pointer, __alt_data_end)
                [!provide]                        PROVIDE (__alt_stack_limit, __alt_stack_base)
                [!provide]                        PROVIDE (__alt_heap_start, end)
                [!provide]                        PROVIDE (__alt_heap_limit, 0x1000000)
OUTPUT(Lab5.elf elf32-littlenios2)

.debug_ranges   0x0000000000000000      0x178
 .debug_ranges  0x0000000000000000       0x20 ../Lab5_bsp//obj/HAL/src/crt0.o
 .debug_ranges  0x0000000000000020       0x30 ../Lab5_bsp/\libhal_bsp.a(altera_avalon_jtag_uart_init.o)
 .debug_ranges  0x0000000000000050       0x18 ../Lab5_bsp/\libhal_bsp.a(altera_avalon_jtag_uart_read.o)
 .debug_ranges  0x0000000000000068       0x28 ../Lab5_bsp/\libhal_bsp.a(alt_irq_entry.o)
 .debug_ranges  0x0000000000000090       0x10 ../Lab5_bsp/\libhal_bsp.a(alt_irq_handler.o)
 .debug_ranges  0x00000000000000a0       0x30 ../Lab5_bsp/\libhal_bsp.a(alt_exception_entry.o)
 .debug_ranges  0x00000000000000d0       0x18 ../Lab5_bsp/\libhal_bsp.a(alt_instruction_exception_entry.o)
 .debug_ranges  0x00000000000000e8       0x10 k:/quartus18/nios2eds/bin/gnu/h-x86_64-mingw32/bin/../lib/gcc/nios2-elf/5.3.0/../../../../../H-x86_64-mingw32/nios2-elf/lib/mno-hw-mul\libc.a(lib_a-atexit.o)
 .debug_ranges  0x00000000000000f8       0x10 k:/quartus18/nios2eds/bin/gnu/h-x86_64-mingw32/bin/../lib/gcc/nios2-elf/5.3.0/../../../../../H-x86_64-mingw32/nios2-elf/lib/mno-hw-mul\libc.a(lib_a-exit.o)
 .debug_ranges  0x0000000000000108       0x10 k:/quartus18/nios2eds/bin/gnu/h-x86_64-mingw32/bin/../lib/gcc/nios2-elf/5.3.0/../../../../../H-x86_64-mingw32/nios2-elf/lib/mno-hw-mul\libc.a(lib_a-memcmp.o)
 .debug_ranges  0x0000000000000118       0x10 k:/quartus18/nios2eds/bin/gnu/h-x86_64-mingw32/bin/../lib/gcc/nios2-elf/5.3.0/../../../../../H-x86_64-mingw32/nios2-elf/lib/mno-hw-mul\libc.a(lib_a-memcpy.o)
 .debug_ranges  0x0000000000000128       0x10 k:/quartus18/nios2eds/bin/gnu/h-x86_64-mingw32/bin/../lib/gcc/nios2-elf/5.3.0/../../../../../H-x86_64-mingw32/nios2-elf/lib/mno-hw-mul\libc.a(lib_a-strlen.o)
 .debug_ranges  0x0000000000000138       0x10 k:/quartus18/nios2eds/bin/gnu/h-x86_64-mingw32/bin/../lib/gcc/nios2-elf/5.3.0/../../../../../H-x86_64-mingw32/nios2-elf/lib/mno-hw-mul\libc.a(lib_a-__atexit.o)
 .debug_ranges  0x0000000000000148       0x30 k:/quartus18/nios2eds/bin/gnu/h-x86_64-mingw32/bin/../lib/gcc/nios2-elf/5.3.0/../../../../../H-x86_64-mingw32/nios2-elf/lib/mno-hw-mul\libc.a(lib_a-__call_atexit.o)
