Archive member included to satisfy reference by file (symbol)

../Lab4_1_bsp/\libhal_bsp.a(alt_load.o)
                              ../Lab4_1_bsp//obj/HAL/src/crt0.o (alt_load)
../Lab4_1_bsp/\libhal_bsp.a(alt_main.o)
                              ../Lab4_1_bsp//obj/HAL/src/crt0.o (alt_main)
../Lab4_1_bsp/\libhal_bsp.a(alt_usleep.o)
                              obj/default/hello_world.o (usleep)
../Lab4_1_bsp/\libhal_bsp.a(alt_sys_init.o)
                              ../Lab4_1_bsp/\libhal_bsp.a(alt_main.o) (alt_irq_init)
../Lab4_1_bsp/\libhal_bsp.a(altera_avalon_jtag_uart_fd.o)
                              ../Lab4_1_bsp/\libhal_bsp.a(alt_sys_init.o) (altera_avalon_jtag_uart_read_fd)
../Lab4_1_bsp/\libhal_bsp.a(altera_avalon_jtag_uart_init.o)
                              ../Lab4_1_bsp/\libhal_bsp.a(alt_sys_init.o) (altera_avalon_jtag_uart_init)
../Lab4_1_bsp/\libhal_bsp.a(altera_avalon_jtag_uart_ioctl.o)
                              ../Lab4_1_bsp/\libhal_bsp.a(altera_avalon_jtag_uart_fd.o) (altera_avalon_jtag_uart_ioctl)
../Lab4_1_bsp/\libhal_bsp.a(altera_avalon_jtag_uart_read.o)
                              ../Lab4_1_bsp/\libhal_bsp.a(altera_avalon_jtag_uart_fd.o) (altera_avalon_jtag_uart_read)
../Lab4_1_bsp/\libhal_bsp.a(altera_avalon_jtag_uart_write.o)
                              ../Lab4_1_bsp/\libhal_bsp.a(altera_avalon_jtag_uart_fd.o) (altera_avalon_jtag_uart_write)
../Lab4_1_bsp/\libhal_bsp.a(alt_alarm_start.o)
                              ../Lab4_1_bsp/\libhal_bsp.a(altera_avalon_jtag_uart_init.o) (alt_alarm_start)
../Lab4_1_bsp/\libhal_bsp.a(alt_busy_sleep.o)
                              ../Lab4_1_bsp/\libhal_bsp.a(alt_usleep.o) (alt_busy_sleep)
../Lab4_1_bsp/\libhal_bsp.a(alt_close.o)
                              ../Lab4_1_bsp/\libhal_bsp.a(alt_main.o) (close)
../Lab4_1_bsp/\libhal_bsp.a(alt_dcache_flush_all.o)
                              ../Lab4_1_bsp/\libhal_bsp.a(alt_load.o) (alt_dcache_flush_all)
../Lab4_1_bsp/\libhal_bsp.a(alt_dev.o)
                              ../Lab4_1_bsp/\libhal_bsp.a(alt_sys_init.o) (alt_dev_list)
../Lab4_1_bsp/\libhal_bsp.a(alt_dev_llist_insert.o)
                              ../Lab4_1_bsp/\libhal_bsp.a(alt_sys_init.o) (alt_dev_llist_insert)
../Lab4_1_bsp/\libhal_bsp.a(alt_do_ctors.o)
                              ../Lab4_1_bsp/\libhal_bsp.a(alt_main.o) (_do_ctors)
../Lab4_1_bsp/\libhal_bsp.a(alt_do_dtors.o)
                              ../Lab4_1_bsp/\libhal_bsp.a(alt_main.o) (_do_dtors)
../Lab4_1_bsp/\libhal_bsp.a(alt_errno.o)
                              ../Lab4_1_bsp/\libhal_bsp.a(alt_close.o) (alt_errno)
../Lab4_1_bsp/\libhal_bsp.a(alt_icache_flush_all.o)
                              ../Lab4_1_bsp/\libhal_bsp.a(alt_load.o) (alt_icache_flush_all)
../Lab4_1_bsp/\libhal_bsp.a(alt_iic.o)
                              ../Lab4_1_bsp/\libhal_bsp.a(altera_avalon_jtag_uart_init.o) (alt_ic_isr_register)
../Lab4_1_bsp/\libhal_bsp.a(alt_iic_isr_register.o)
                              ../Lab4_1_bsp/\libhal_bsp.a(alt_iic.o) (alt_iic_isr_register)
../Lab4_1_bsp/\libhal_bsp.a(alt_io_redirect.o)
                              ../Lab4_1_bsp/\libhal_bsp.a(alt_main.o) (alt_io_redirect)
../Lab4_1_bsp/\libhal_bsp.a(alt_irq_entry.o)
                              ../Lab4_1_bsp/\libhal_bsp.a(alt_iic_isr_register.o) (alt_irq_entry)
../Lab4_1_bsp/\libhal_bsp.a(alt_irq_handler.o)
                              ../Lab4_1_bsp/\libhal_bsp.a(alt_iic_isr_register.o) (alt_irq)
../Lab4_1_bsp/\libhal_bsp.a(alt_irq_vars.o)
                              ../Lab4_1_bsp/\libhal_bsp.a(alt_iic.o) (alt_irq_active)
../Lab4_1_bsp/\libhal_bsp.a(alt_open.o)
                              ../Lab4_1_bsp/\libhal_bsp.a(alt_io_redirect.o) (open)
../Lab4_1_bsp/\libhal_bsp.a(alt_release_fd.o)
                              ../Lab4_1_bsp/\libhal_bsp.a(alt_close.o) (alt_release_fd)
../Lab4_1_bsp/\libhal_bsp.a(alt_tick.o)
                              ../Lab4_1_bsp/\libhal_bsp.a(altera_avalon_jtag_uart_init.o) (_alt_tick_rate)
../Lab4_1_bsp/\libhal_bsp.a(altera_nios2_gen2_irq.o)
                              ../Lab4_1_bsp/\libhal_bsp.a(alt_sys_init.o) (altera_nios2_gen2_irq_init)
../Lab4_1_bsp/\libhal_bsp.a(alt_exception_entry.o)
                              ../Lab4_1_bsp/\libhal_bsp.a(alt_irq_entry.o) (alt_exception)
../Lab4_1_bsp/\libhal_bsp.a(alt_find_dev.o)
                              ../Lab4_1_bsp/\libhal_bsp.a(alt_open.o) (alt_find_dev)
../Lab4_1_bsp/\libhal_bsp.a(alt_find_file.o)
                              ../Lab4_1_bsp/\libhal_bsp.a(alt_open.o) (alt_find_file)
../Lab4_1_bsp/\libhal_bsp.a(alt_get_fd.o)
                              ../Lab4_1_bsp/\libhal_bsp.a(alt_open.o) (alt_get_fd)
../Lab4_1_bsp/\libhal_bsp.a(alt_instruction_exception_entry.o)
                              ../Lab4_1_bsp/\libhal_bsp.a(alt_exception_entry.o) (alt_instruction_exception_entry)
k:/quartus18/nios2eds/bin/gnu/h-x86_64-mingw32/bin/../lib/gcc/nios2-elf/5.3.0/../../../../../H-x86_64-mingw32/nios2-elf/lib/mno-hw-mul\libc.a(lib_a-atexit.o)
                              ../Lab4_1_bsp/\libhal_bsp.a(alt_main.o) (atexit)
k:/quartus18/nios2eds/bin/gnu/h-x86_64-mingw32/bin/../lib/gcc/nios2-elf/5.3.0/../../../../../H-x86_64-mingw32/nios2-elf/lib/mno-hw-mul\libc.a(lib_a-exit.o)
                              ../Lab4_1_bsp/\libhal_bsp.a(alt_main.o) (exit)
k:/quartus18/nios2eds/bin/gnu/h-x86_64-mingw32/bin/../lib/gcc/nios2-elf/5.3.0/../../../../../H-x86_64-mingw32/nios2-elf/lib/mno-hw-mul\libc.a(lib_a-impure.o)
                              k:/quartus18/nios2eds/bin/gnu/h-x86_64-mingw32/bin/../lib/gcc/nios2-elf/5.3.0/../../../../../H-x86_64-mingw32/nios2-elf/lib/mno-hw-mul\libc.a(lib_a-exit.o) (_global_impure_ptr)
k:/quartus18/nios2eds/bin/gnu/h-x86_64-mingw32/bin/../lib/gcc/nios2-elf/5.3.0/../../../../../H-x86_64-mingw32/nios2-elf/lib/mno-hw-mul\libc.a(lib_a-int_errno.o)
                              ../Lab4_1_bsp/\libhal_bsp.a(alt_close.o) (errno)
k:/quartus18/nios2eds/bin/gnu/h-x86_64-mingw32/bin/../lib/gcc/nios2-elf/5.3.0/../../../../../H-x86_64-mingw32/nios2-elf/lib/mno-hw-mul\libc.a(lib_a-memcmp.o)
                              ../Lab4_1_bsp/\libhal_bsp.a(alt_find_dev.o) (memcmp)
k:/quartus18/nios2eds/bin/gnu/h-x86_64-mingw32/bin/../lib/gcc/nios2-elf/5.3.0/../../../../../H-x86_64-mingw32/nios2-elf/lib/mno-hw-mul\libc.a(lib_a-memcpy.o)
                              ../Lab4_1_bsp/\libhal_bsp.a(altera_avalon_jtag_uart_read.o) (memcpy)
k:/quartus18/nios2eds/bin/gnu/h-x86_64-mingw32/bin/../lib/gcc/nios2-elf/5.3.0/../../../../../H-x86_64-mingw32/nios2-elf/lib/mno-hw-mul\libc.a(lib_a-strlen.o)
                              ../Lab4_1_bsp/\libhal_bsp.a(alt_find_dev.o) (strlen)
k:/quartus18/nios2eds/bin/gnu/h-x86_64-mingw32/bin/../lib/gcc/nios2-elf/5.3.0/../../../../../H-x86_64-mingw32/nios2-elf/lib/mno-hw-mul\libc.a(lib_a-__atexit.o)
                              k:/quartus18/nios2eds/bin/gnu/h-x86_64-mingw32/bin/../lib/gcc/nios2-elf/5.3.0/../../../../../H-x86_64-mingw32/nios2-elf/lib/mno-hw-mul\libc.a(lib_a-atexit.o) (__register_exitproc)
k:/quartus18/nios2eds/bin/gnu/h-x86_64-mingw32/bin/../lib/gcc/nios2-elf/5.3.0/../../../../../H-x86_64-mingw32/nios2-elf/lib/mno-hw-mul\libc.a(lib_a-__call_atexit.o)
                              k:/quartus18/nios2eds/bin/gnu/h-x86_64-mingw32/bin/../lib/gcc/nios2-elf/5.3.0/../../../../../H-x86_64-mingw32/nios2-elf/lib/mno-hw-mul\libc.a(lib_a-exit.o) (__call_exitprocs)
k:/quartus18/nios2eds/bin/gnu/h-x86_64-mingw32/bin/../lib/gcc/nios2-elf/5.3.0/mno-hw-mul\libgcc.a(lib2-divmod.o)
                              ../Lab4_1_bsp/\libhal_bsp.a(alt_busy_sleep.o) (__udivsi3)
k:/quartus18/nios2eds/bin/gnu/h-x86_64-mingw32/bin/../lib/gcc/nios2-elf/5.3.0/mno-hw-mul\libgcc.a(lib2-mul.o)
                              ../Lab4_1_bsp/\libhal_bsp.a(alt_busy_sleep.o) (__mulsi3)
../Lab4_1_bsp/\libhal_bsp.a(alt_exit.o)
                              k:/quartus18/nios2eds/bin/gnu/h-x86_64-mingw32/bin/../lib/gcc/nios2-elf/5.3.0/../../../../../H-x86_64-mingw32/nios2-elf/lib/mno-hw-mul\libc.a(lib_a-exit.o) (_exit)

Allocating common symbols
Common symbol       size              file

alt_irq             0x100             ../Lab4_1_bsp/\libhal_bsp.a(alt_irq_handler.o)
errno               0x4               k:/quartus18/nios2eds/bin/gnu/h-x86_64-mingw32/bin/../lib/gcc/nios2-elf/5.3.0/../../../../../H-x86_64-mingw32/nios2-elf/lib/mno-hw-mul\libc.a(lib_a-int_errno.o)
i                   0x1               obj/default/hello_world.o

Memory Configuration

Name             Origin             Length             Attributes
reset            0x0000000000800000 0x0000000000000020
SDRAM            0x0000000000800020 0x00000000007fffe0
RAM              0x0000000001020000 0x000000000001e000
*default*        0x0000000000000000 0xffffffffffffffff

Linker script and memory map

LOAD ../Lab4_1_bsp//obj/HAL/src/crt0.o
LOAD obj/default/hello_world.o
LOAD k:/quartus18/nios2eds/bin/gnu/h-x86_64-mingw32/bin/../lib/gcc/nios2-elf/5.3.0/../../../../../H-x86_64-mingw32/nios2-elf/lib/mno-hw-mul\libstdc++.a
LOAD k:/quartus18/nios2eds/bin/gnu/h-x86_64-mingw32/bin/../lib/gcc/nios2-elf/5.3.0/../../../../../H-x86_64-mingw32/nios2-elf/lib/mno-hw-mul\libm.a
LOAD k:/quartus18/nios2eds/bin/gnu/h-x86_64-mingw32/bin/../lib/gcc/nios2-elf/5.3.0/mno-hw-mul\libgcc.a
START GROUP
LOAD k:/quartus18/nios2eds/bin/gnu/h-x86_64-mingw32/bin/../lib/gcc/nios2-elf/5.3.0/../../../../../H-x86_64-mingw32/nios2-elf/lib/mno-hw-mul\libc.a
LOAD k:/quartus18/nios2eds/bin/gnu/h-x86_64-mingw32/bin/../lib/gcc/nios2-elf/5.3.0/mno-hw-mul\libgcc.a
LOAD ../Lab4_1_bsp/\libhal_bsp.a
LOAD k:/quartus18/nios2eds/bin/gnu/h-x86_64-mingw32/bin/../lib/gcc/nios2-elf/5.3.0/../../../../../H-x86_64-mingw32/nios2-elf/lib/mno-hw-mul\libm.a
END GROUP
LOAD k:/quartus18/nios2eds/bin/gnu/h-x86_64-mingw32/bin/../lib/gcc/nios2-elf/5.3.0/mno-hw-mul\libgcc.a
                0x0000000000800000                __alt_mem_SDRAM = 0x800000
                0x0000000001020000                __alt_mem_RAM = 0x1020000

.entry          0x0000000000800000       0x20
 *(.entry)
 .entry         0x0000000000800000       0x20 ../Lab4_1_bsp//obj/HAL/src/crt0.o
                0x0000000000800000                __reset

.exceptions     0x0000000000800020      0x210
                0x0000000000800020                PROVIDE (__ram_exceptions_start, ABSOLUTE (.))
                0x0000000000800020                . = ALIGN (0x20)
 *(.irq)
 *(.exceptions.entry.label)
 .exceptions.entry.label
                0x0000000000800020        0x0 ../Lab4_1_bsp/\libhal_bsp.a(alt_irq_entry.o)
                0x0000000000800020                alt_irq_entry
 .exceptions.entry.label
                0x0000000000800020        0x0 ../Lab4_1_bsp/\libhal_bsp.a(alt_exception_entry.o)
                0x0000000000800020                alt_exception
 *(.exceptions.entry.user)
 *(.exceptions.entry.ecc_fatal)
 *(.exceptions.entry)
 .exceptions.entry
                0x0000000000800020       0x54 ../Lab4_1_bsp/\libhal_bsp.a(alt_exception_entry.o)
 *(.exceptions.irqtest.user)
 *(.exceptions.irqtest)
 .exceptions.irqtest
                0x0000000000800074       0x10 ../Lab4_1_bsp/\libhal_bsp.a(alt_irq_entry.o)
 *(.exceptions.irqhandler.user)
 *(.exceptions.irqhandler)
 .exceptions.irqhandler
                0x0000000000800084        0x4 ../Lab4_1_bsp/\libhal_bsp.a(alt_irq_entry.o)
 *(.exceptions.irqreturn.user)
 *(.exceptions.irqreturn)
 .exceptions.irqreturn
                0x0000000000800088        0x4 ../Lab4_1_bsp/\libhal_bsp.a(alt_irq_entry.o)
 *(.exceptions.notirq.label)
 .exceptions.notirq.label
                0x000000000080008c        0x0 ../Lab4_1_bsp/\libhal_bsp.a(alt_irq_entry.o)
 *(.exceptions.notirq.user)
 *(.exceptions.notirq)
 .exceptions.notirq
                0x000000000080008c        0x8 ../Lab4_1_bsp/\libhal_bsp.a(alt_exception_entry.o)
 *(.exceptions.soft.user)
 *(.exceptions.soft)
 *(.exceptions.unknown.user)
 *(.exceptions.unknown)
 .exceptions.unknown
                0x0000000000800094       0x14 ../Lab4_1_bsp/\libhal_bsp.a(alt_exception_entry.o)
 *(.exceptions.exit.label)
 .exceptions.exit.label
                0x00000000008000a8        0x0 ../Lab4_1_bsp/\libhal_bsp.a(alt_irq_entry.o)
 .exceptions.exit.label
                0x00000000008000a8        0x0 ../Lab4_1_bsp/\libhal_bsp.a(alt_exception_entry.o)
 *(.exceptions.exit.user)
 *(.exceptions.exit)
 .exceptions.exit
                0x00000000008000a8       0x54 ../Lab4_1_bsp/\libhal_bsp.a(alt_exception_entry.o)
 *(.exceptions)
 .exceptions    0x00000000008000fc       0xd4 ../Lab4_1_bsp/\libhal_bsp.a(alt_irq_handler.o)
                0x00000000008000fc                alt_irq_handler
 .exceptions    0x00000000008001d0       0x60 ../Lab4_1_bsp/\libhal_bsp.a(alt_instruction_exception_entry.o)
                0x00000000008001d0                alt_instruction_exception_entry
                0x0000000000800230                PROVIDE (__ram_exceptions_end, ABSOLUTE (.))
                0x0000000000800020                PROVIDE (__flash_exceptions_start, LOADADDR (.exceptions))

.text           0x0000000000800230     0x2614
                [!provide]                        PROVIDE (stext, ABSOLUTE (.))
 *(.interp)
 *(.hash)
 *(.dynsym)
 *(.dynstr)
 *(.gnu.version)
 *(.gnu.version_d)
 *(.gnu.version_r)
 *(.rel.init)
 *(.rela.init)
 *(.rel.text .rel.text.* .rel.gnu.linkonce.t.*)
 *(.rela.text .rela.text.* .rela.gnu.linkonce.t.*)
 *(.rel.fini)
 *(.rela.fini)
 *(.rel.rodata .rel.rodata.* .rel.gnu.linkonce.r.*)
 *(.rela.rodata .rela.rodata.* .rela.gnu.linkonce.r.*)
 *(.rel.data .rel.data.* .rel.gnu.linkonce.d.*)
 *(.rela.data .rela.data.* .rela.gnu.linkonce.d.*)
 *(.rel.tdata .rel.tdata.* .rel.gnu.linkonce.td.*)
 *(.rela.tdata .rela.tdata.* .rela.gnu.linkonce.td.*)
 *(.rel.tbss .rel.tbss.* .rel.gnu.linkonce.tb.*)
 *(.rela.tbss .rela.tbss.* .rela.gnu.linkonce.tb.*)
 *(.rel.ctors)
 *(.rela.ctors)
 *(.rel.dtors)
 *(.rela.dtors)
 *(.rel.got)
 *(.rela.got)
 *(.rel.sdata .rel.sdata.* .rel.gnu.linkonce.s.*)
 *(.rela.sdata .rela.sdata.* .rela.gnu.linkonce.s.*)
 *(.rel.sbss .rel.sbss.* .rel.gnu.linkonce.sb.*)
 *(.rela.sbss .rela.sbss.* .rela.gnu.linkonce.sb.*)
 *(.rel.sdata2 .rel.sdata2.* .rel.gnu.linkonce.s2.*)
 *(.rela.sdata2 .rela.sdata2.* .rela.gnu.linkonce.s2.*)
 *(.rel.sbss2 .rel.sbss2.* .rel.gnu.linkonce.sb2.*)
 *(.rela.sbss2 .rela.sbss2.* .rela.gnu.linkonce.sb2.*)
 *(.rel.bss .rel.bss.* .rel.gnu.linkonce.b.*)
 *(.rela.bss .rela.bss.* .rela.gnu.linkonce.b.*)
 *(.rel.plt)
 *(.rela.plt)
 *(.rel.dyn)
 *(.init)
 *(.plt)
 *(.text .stub .text.* .gnu.linkonce.t.*)
 .text          0x0000000000800230       0x3c ../Lab4_1_bsp//obj/HAL/src/crt0.o
                0x0000000000800230                _start
 .text          0x000000000080026c       0x64 obj/default/hello_world.o
                0x000000000080026c                main
 .text          0x00000000008002d0       0xec ../Lab4_1_bsp/\libhal_bsp.a(alt_load.o)
                0x0000000000800338                alt_load
 .text          0x00000000008003bc       0x7c ../Lab4_1_bsp/\libhal_bsp.a(alt_main.o)
                0x00000000008003bc                alt_main
 .text          0x0000000000800438       0x30 ../Lab4_1_bsp/\libhal_bsp.a(alt_usleep.o)
                0x0000000000800438                usleep
 .text          0x0000000000800468       0xb8 ../Lab4_1_bsp/\libhal_bsp.a(alt_sys_init.o)
                0x000000000080049c                alt_irq_init
                0x00000000008004d4                alt_sys_init
 .text          0x0000000000800520      0x164 ../Lab4_1_bsp/\libhal_bsp.a(altera_avalon_jtag_uart_fd.o)
                0x0000000000800520                altera_avalon_jtag_uart_read_fd
                0x0000000000800580                altera_avalon_jtag_uart_write_fd
                0x00000000008005e0                altera_avalon_jtag_uart_close_fd
                0x0000000000800630                altera_avalon_jtag_uart_ioctl_fd
 .text          0x0000000000800684      0x3d4 ../Lab4_1_bsp/\libhal_bsp.a(altera_avalon_jtag_uart_init.o)
                0x0000000000800684                altera_avalon_jtag_uart_init
                0x00000000008009f0                altera_avalon_jtag_uart_close
 .text          0x0000000000800a58       0xf0 ../Lab4_1_bsp/\libhal_bsp.a(altera_avalon_jtag_uart_ioctl.o)
                0x0000000000800a58                altera_avalon_jtag_uart_ioctl
 .text          0x0000000000800b48      0x21c ../Lab4_1_bsp/\libhal_bsp.a(altera_avalon_jtag_uart_read.o)
                0x0000000000800b48                altera_avalon_jtag_uart_read
 .text          0x0000000000800d64      0x224 ../Lab4_1_bsp/\libhal_bsp.a(altera_avalon_jtag_uart_write.o)
                0x0000000000800d64                altera_avalon_jtag_uart_write
 .text          0x0000000000800f88      0x12c ../Lab4_1_bsp/\libhal_bsp.a(alt_alarm_start.o)
                0x0000000000800f88                alt_alarm_start
 .text          0x00000000008010b4      0x158 ../Lab4_1_bsp/\libhal_bsp.a(alt_busy_sleep.o)
                0x00000000008010b4                alt_busy_sleep
 .text          0x000000000080120c      0x114 ../Lab4_1_bsp/\libhal_bsp.a(alt_close.o)
                0x0000000000801248                close
 .text          0x0000000000801320       0x20 ../Lab4_1_bsp/\libhal_bsp.a(alt_dcache_flush_all.o)
                0x0000000000801320                alt_dcache_flush_all
 .text          0x0000000000801340       0x2c ../Lab4_1_bsp/\libhal_bsp.a(alt_dev.o)
 .text          0x000000000080136c       0xe0 ../Lab4_1_bsp/\libhal_bsp.a(alt_dev_llist_insert.o)
                0x00000000008013a8                alt_dev_llist_insert
 .text          0x000000000080144c       0x60 ../Lab4_1_bsp/\libhal_bsp.a(alt_do_ctors.o)
                0x000000000080144c                _do_ctors
 .text          0x00000000008014ac       0x60 ../Lab4_1_bsp/\libhal_bsp.a(alt_do_dtors.o)
                0x00000000008014ac                _do_dtors
 .text          0x000000000080150c        0x0 ../Lab4_1_bsp/\libhal_bsp.a(alt_errno.o)
 .text          0x000000000080150c       0x20 ../Lab4_1_bsp/\libhal_bsp.a(alt_icache_flush_all.o)
                0x000000000080150c                alt_icache_flush_all
 .text          0x000000000080152c      0x1b0 ../Lab4_1_bsp/\libhal_bsp.a(alt_iic.o)
                0x000000000080152c                alt_ic_isr_register
                0x000000000080157c                alt_ic_irq_enable
                0x0000000000801604                alt_ic_irq_disable
                0x0000000000801690                alt_ic_irq_enabled
 .text          0x00000000008016dc       0xf0 ../Lab4_1_bsp/\libhal_bsp.a(alt_iic_isr_register.o)
                0x00000000008016dc                alt_iic_isr_register
 .text          0x00000000008017cc      0x160 ../Lab4_1_bsp/\libhal_bsp.a(alt_io_redirect.o)
                0x00000000008018b0                alt_io_redirect
 .text          0x000000000080192c        0x0 ../Lab4_1_bsp/\libhal_bsp.a(alt_irq_entry.o)
 .text          0x000000000080192c        0x0 ../Lab4_1_bsp/\libhal_bsp.a(alt_irq_handler.o)
 .text          0x000000000080192c        0x0 ../Lab4_1_bsp/\libhal_bsp.a(alt_irq_vars.o)
 .text          0x000000000080192c      0x284 ../Lab4_1_bsp/\libhal_bsp.a(alt_open.o)
                0x0000000000801a54                open
 .text          0x0000000000801bb0       0x84 ../Lab4_1_bsp/\libhal_bsp.a(alt_release_fd.o)
                0x0000000000801bb0                alt_release_fd
 .text          0x0000000000801c34      0x1a4 ../Lab4_1_bsp/\libhal_bsp.a(alt_tick.o)
                0x0000000000801c34                alt_alarm_stop
                0x0000000000801cd0                alt_tick
 .text          0x0000000000801dd8       0x24 ../Lab4_1_bsp/\libhal_bsp.a(altera_nios2_gen2_irq.o)
                0x0000000000801dd8                altera_nios2_gen2_irq_init
 .text          0x0000000000801dfc        0x0 ../Lab4_1_bsp/\libhal_bsp.a(alt_exception_entry.o)
 .text          0x0000000000801dfc       0x90 ../Lab4_1_bsp/\libhal_bsp.a(alt_find_dev.o)
                0x0000000000801dfc                alt_find_dev
 .text          0x0000000000801e8c      0x108 ../Lab4_1_bsp/\libhal_bsp.a(alt_find_file.o)
                0x0000000000801e8c                alt_find_file
 .text          0x0000000000801f94       0xc4 ../Lab4_1_bsp/\libhal_bsp.a(alt_get_fd.o)
                0x0000000000801f94                alt_get_fd
 .text          0x0000000000802058       0x9c ../Lab4_1_bsp/\libhal_bsp.a(alt_instruction_exception_entry.o)
                0x0000000000802058                alt_exception_cause_generated_bad_addr
 .text          0x00000000008020f4        0x0 k:/quartus18/nios2eds/bin/gnu/h-x86_64-mingw32/bin/../lib/gcc/nios2-elf/5.3.0/../../../../../H-x86_64-mingw32/nios2-elf/lib/mno-hw-mul\libc.a(lib_a-atexit.o)
 .text.atexit   0x00000000008020f4       0x14 k:/quartus18/nios2eds/bin/gnu/h-x86_64-mingw32/bin/../lib/gcc/nios2-elf/5.3.0/../../../../../H-x86_64-mingw32/nios2-elf/lib/mno-hw-mul\libc.a(lib_a-atexit.o)
                0x00000000008020f4                atexit
 .text          0x0000000000802108        0x0 k:/quartus18/nios2eds/bin/gnu/h-x86_64-mingw32/bin/../lib/gcc/nios2-elf/5.3.0/../../../../../H-x86_64-mingw32/nios2-elf/lib/mno-hw-mul\libc.a(lib_a-exit.o)
 .text.exit     0x0000000000802108       0x38 k:/quartus18/nios2eds/bin/gnu/h-x86_64-mingw32/bin/../lib/gcc/nios2-elf/5.3.0/../../../../../H-x86_64-mingw32/nios2-elf/lib/mno-hw-mul\libc.a(lib_a-exit.o)
                0x0000000000802108                exit
 .text          0x0000000000802140        0x0 k:/quartus18/nios2eds/bin/gnu/h-x86_64-mingw32/bin/../lib/gcc/nios2-elf/5.3.0/../../../../../H-x86_64-mingw32/nios2-elf/lib/mno-hw-mul\libc.a(lib_a-impure.o)
 .text          0x0000000000802140        0x0 k:/quartus18/nios2eds/bin/gnu/h-x86_64-mingw32/bin/../lib/gcc/nios2-elf/5.3.0/../../../../../H-x86_64-mingw32/nios2-elf/lib/mno-hw-mul\libc.a(lib_a-int_errno.o)
 .text          0x0000000000802140        0x0 k:/quartus18/nios2eds/bin/gnu/h-x86_64-mingw32/bin/../lib/gcc/nios2-elf/5.3.0/../../../../../H-x86_64-mingw32/nios2-elf/lib/mno-hw-mul\libc.a(lib_a-memcmp.o)
 .text.memcmp   0x0000000000802140       0x7c k:/quartus18/nios2eds/bin/gnu/h-x86_64-mingw32/bin/../lib/gcc/nios2-elf/5.3.0/../../../../../H-x86_64-mingw32/nios2-elf/lib/mno-hw-mul\libc.a(lib_a-memcmp.o)
                0x0000000000802140                memcmp
 .text          0x00000000008021bc        0x0 k:/quartus18/nios2eds/bin/gnu/h-x86_64-mingw32/bin/../lib/gcc/nios2-elf/5.3.0/../../../../../H-x86_64-mingw32/nios2-elf/lib/mno-hw-mul\libc.a(lib_a-memcpy.o)
 .text.memcpy   0x00000000008021bc      0x148 k:/quartus18/nios2eds/bin/gnu/h-x86_64-mingw32/bin/../lib/gcc/nios2-elf/5.3.0/../../../../../H-x86_64-mingw32/nios2-elf/lib/mno-hw-mul\libc.a(lib_a-memcpy.o)
                0x00000000008021bc                memcpy
 .text          0x0000000000802304        0x0 k:/quartus18/nios2eds/bin/gnu/h-x86_64-mingw32/bin/../lib/gcc/nios2-elf/5.3.0/../../../../../H-x86_64-mingw32/nios2-elf/lib/mno-hw-mul\libc.a(lib_a-strlen.o)
 .text.strlen   0x0000000000802304       0x98 k:/quartus18/nios2eds/bin/gnu/h-x86_64-mingw32/bin/../lib/gcc/nios2-elf/5.3.0/../../../../../H-x86_64-mingw32/nios2-elf/lib/mno-hw-mul\libc.a(lib_a-strlen.o)
                0x0000000000802304                strlen
 .text          0x000000000080239c        0x0 k:/quartus18/nios2eds/bin/gnu/h-x86_64-mingw32/bin/../lib/gcc/nios2-elf/5.3.0/../../../../../H-x86_64-mingw32/nios2-elf/lib/mno-hw-mul\libc.a(lib_a-__atexit.o)
 .text.__register_exitproc
                0x000000000080239c      0x118 k:/quartus18/nios2eds/bin/gnu/h-x86_64-mingw32/bin/../lib/gcc/nios2-elf/5.3.0/../../../../../H-x86_64-mingw32/nios2-elf/lib/mno-hw-mul\libc.a(lib_a-__atexit.o)
                0x000000000080239c                __register_exitproc
 .text          0x00000000008024b4        0x0 k:/quartus18/nios2eds/bin/gnu/h-x86_64-mingw32/bin/../lib/gcc/nios2-elf/5.3.0/../../../../../H-x86_64-mingw32/nios2-elf/lib/mno-hw-mul\libc.a(lib_a-__call_atexit.o)
 .text.__call_exitprocs
                0x00000000008024b4      0x180 k:/quartus18/nios2eds/bin/gnu/h-x86_64-mingw32/bin/../lib/gcc/nios2-elf/5.3.0/../../../../../H-x86_64-mingw32/nios2-elf/lib/mno-hw-mul\libc.a(lib_a-__call_atexit.o)
                0x00000000008024b4                __call_exitprocs
 .text          0x0000000000802634      0x1b4 k:/quartus18/nios2eds/bin/gnu/h-x86_64-mingw32/bin/../lib/gcc/nios2-elf/5.3.0/mno-hw-mul\libgcc.a(lib2-divmod.o)
                0x0000000000802634                __divsi3
                0x00000000008026b8                __modsi3
                0x000000000080272c                __udivsi3
                0x0000000000802790                __umodsi3
 .text          0x00000000008027e8       0x28 k:/quartus18/nios2eds/bin/gnu/h-x86_64-mingw32/bin/../lib/gcc/nios2-elf/5.3.0/mno-hw-mul\libgcc.a(lib2-mul.o)
                0x00000000008027e8                __mulsi3
 .text          0x0000000000802810       0x34 ../Lab4_1_bsp/\libhal_bsp.a(alt_exit.o)
                0x0000000000802810                _exit
 *(.gnu.warning.*)
 *(.fini)
                [!provide]                        PROVIDE (__etext, ABSOLUTE (.))
                [!provide]                        PROVIDE (_etext, ABSOLUTE (.))
                [!provide]                        PROVIDE (etext, ABSOLUTE (.))
 *(.eh_frame_hdr)
                0x0000000000802844                . = ALIGN (0x4)
                [!provide]                        PROVIDE (__preinit_array_start, ABSOLUTE (.))
 *(.preinit_array)
                [!provide]                        PROVIDE (__preinit_array_end, ABSOLUTE (.))
                [!provide]                        PROVIDE (__init_array_start, ABSOLUTE (.))
 *(.init_array)
                [!provide]                        PROVIDE (__init_array_end, ABSOLUTE (.))
                [!provide]                        PROVIDE (__fini_array_start, ABSOLUTE (.))
 *(.fini_array)
                [!provide]                        PROVIDE (__fini_array_end, ABSOLUTE (.))
 *(.eh_frame)
 *(.gcc_except_table .gcc_except_table.*)
 *(.dynamic)
                0x0000000000802844                PROVIDE (__CTOR_LIST__, ABSOLUTE (.))
 *(.ctors)
 *(SORT(.ctors.*))
                0x0000000000802844                PROVIDE (__CTOR_END__, ABSOLUTE (.))
                0x0000000000802844                PROVIDE (__DTOR_LIST__, ABSOLUTE (.))
 *(.dtors)
 *(SORT(.dtors.*))
                0x0000000000802844                PROVIDE (__DTOR_END__, ABSOLUTE (.))
 *(.jcr)
                0x0000000000802844                . = ALIGN (0x4)

.rodata         0x0000000000802844       0x28
                0x0000000000802844                PROVIDE (__ram_rodata_start, ABSOLUTE (.))
                0x0000000000802844                . = ALIGN (0x4)
 *(.rodata .rodata.* .gnu.linkonce.r.*)
 .rodata        0x0000000000802844        0xb ../Lab4_1_bsp/\libhal_bsp.a(alt_main.o)
 *fill*         0x000000000080284f        0x1 
 .rodata        0x0000000000802850        0xb ../Lab4_1_bsp/\libhal_bsp.a(alt_sys_init.o)
 *fill*         0x000000000080285b        0x1 
 .rodata        0x000000000080285c        0xa ../Lab4_1_bsp/\libhal_bsp.a(alt_dev.o)
 *fill*         0x0000000000802866        0x2 
 .rodata.str1.4
                0x0000000000802868        0x4 k:/quartus18/nios2eds/bin/gnu/h-x86_64-mingw32/bin/../lib/gcc/nios2-elf/5.3.0/../../../../../H-x86_64-mingw32/nios2-elf/lib/mno-hw-mul\libc.a(lib_a-impure.o)
                                          0x2 (size before relaxing)
 *(.rodata1)
                0x000000000080286c                . = ALIGN (0x4)
                0x000000000080286c                PROVIDE (__ram_rodata_end, ABSOLUTE (.))
                0x0000000000802844                PROVIDE (__flash_rodata_start, LOADADDR (.rodata))

.rwdata         0x000000000080286c     0x1668 load address 0x0000000000803ed4
                0x000000000080286c                PROVIDE (__ram_rwdata_start, ABSOLUTE (.))
                0x000000000080286c                . = ALIGN (0x4)
 *(.got.plt)
 *(.got)
 *(.data1)
 *(.data .data.* .gnu.linkonce.d.*)
 .data          0x000000000080286c        0x0 ../Lab4_1_bsp//obj/HAL/src/crt0.o
 .data          0x000000000080286c       0x10 obj/default/hello_world.o
                0x000000000080286c                seven_seg
 .data          0x000000000080287c        0x0 ../Lab4_1_bsp/\libhal_bsp.a(alt_load.o)
 .data          0x000000000080287c        0x0 ../Lab4_1_bsp/\libhal_bsp.a(alt_main.o)
 .data          0x000000000080287c        0x0 ../Lab4_1_bsp/\libhal_bsp.a(alt_usleep.o)
 .data          0x000000000080287c     0x1060 ../Lab4_1_bsp/\libhal_bsp.a(alt_sys_init.o)
 .data          0x00000000008038dc        0x0 ../Lab4_1_bsp/\libhal_bsp.a(altera_avalon_jtag_uart_fd.o)
 .data          0x00000000008038dc        0x0 ../Lab4_1_bsp/\libhal_bsp.a(altera_avalon_jtag_uart_init.o)
 .data          0x00000000008038dc        0x0 ../Lab4_1_bsp/\libhal_bsp.a(altera_avalon_jtag_uart_ioctl.o)
 .data          0x00000000008038dc        0x0 ../Lab4_1_bsp/\libhal_bsp.a(altera_avalon_jtag_uart_read.o)
 .data          0x00000000008038dc        0x0 ../Lab4_1_bsp/\libhal_bsp.a(altera_avalon_jtag_uart_write.o)
 .data          0x00000000008038dc        0x0 ../Lab4_1_bsp/\libhal_bsp.a(alt_alarm_start.o)
 .data          0x00000000008038dc        0x0 ../Lab4_1_bsp/\libhal_bsp.a(alt_busy_sleep.o)
 .data          0x00000000008038dc        0x0 ../Lab4_1_bsp/\libhal_bsp.a(alt_close.o)
 .data          0x00000000008038dc        0x0 ../Lab4_1_bsp/\libhal_bsp.a(alt_dcache_flush_all.o)
 .data          0x00000000008038dc      0x1a8 ../Lab4_1_bsp/\libhal_bsp.a(alt_dev.o)
                0x00000000008038dc                alt_dev_null
                0x0000000000803904                alt_fd_list
 .data          0x0000000000803a84        0x0 ../Lab4_1_bsp/\libhal_bsp.a(alt_dev_llist_insert.o)
 .data          0x0000000000803a84        0x0 ../Lab4_1_bsp/\libhal_bsp.a(alt_do_ctors.o)
 .data          0x0000000000803a84        0x0 ../Lab4_1_bsp/\libhal_bsp.a(alt_do_dtors.o)
 .data          0x0000000000803a84        0x0 ../Lab4_1_bsp/\libhal_bsp.a(alt_errno.o)
 .data          0x0000000000803a84        0x0 ../Lab4_1_bsp/\libhal_bsp.a(alt_icache_flush_all.o)
 .data          0x0000000000803a84        0x0 ../Lab4_1_bsp/\libhal_bsp.a(alt_iic.o)
 .data          0x0000000000803a84        0x0 ../Lab4_1_bsp/\libhal_bsp.a(alt_iic_isr_register.o)
 .data          0x0000000000803a84        0x0 ../Lab4_1_bsp/\libhal_bsp.a(alt_io_redirect.o)
 .data          0x0000000000803a84        0x0 ../Lab4_1_bsp/\libhal_bsp.a(alt_irq_entry.o)
 .data          0x0000000000803a84        0x0 ../Lab4_1_bsp/\libhal_bsp.a(alt_irq_handler.o)
 .data          0x0000000000803a84        0x0 ../Lab4_1_bsp/\libhal_bsp.a(alt_irq_vars.o)
 .data          0x0000000000803a84        0x0 ../Lab4_1_bsp/\libhal_bsp.a(alt_open.o)
 .data          0x0000000000803a84        0x0 ../Lab4_1_bsp/\libhal_bsp.a(alt_release_fd.o)
 .data          0x0000000000803a84        0x0 ../Lab4_1_bsp/\libhal_bsp.a(alt_tick.o)
 .data          0x0000000000803a84        0x0 ../Lab4_1_bsp/\libhal_bsp.a(altera_nios2_gen2_irq.o)
 .data          0x0000000000803a84        0x0 ../Lab4_1_bsp/\libhal_bsp.a(alt_exception_entry.o)
 .data          0x0000000000803a84        0x0 ../Lab4_1_bsp/\libhal_bsp.a(alt_find_dev.o)
 .data          0x0000000000803a84        0x0 ../Lab4_1_bsp/\libhal_bsp.a(alt_find_file.o)
 .data          0x0000000000803a84        0x0 ../Lab4_1_bsp/\libhal_bsp.a(alt_get_fd.o)
 .data          0x0000000000803a84        0x0 ../Lab4_1_bsp/\libhal_bsp.a(alt_instruction_exception_entry.o)
 .data          0x0000000000803a84        0x0 k:/quartus18/nios2eds/bin/gnu/h-x86_64-mingw32/bin/../lib/gcc/nios2-elf/5.3.0/../../../../../H-x86_64-mingw32/nios2-elf/lib/mno-hw-mul\libc.a(lib_a-atexit.o)
 .data          0x0000000000803a84        0x0 k:/quartus18/nios2eds/bin/gnu/h-x86_64-mingw32/bin/../lib/gcc/nios2-elf/5.3.0/../../../../../H-x86_64-mingw32/nios2-elf/lib/mno-hw-mul\libc.a(lib_a-exit.o)
 .data          0x0000000000803a84        0x0 k:/quartus18/nios2eds/bin/gnu/h-x86_64-mingw32/bin/../lib/gcc/nios2-elf/5.3.0/../../../../../H-x86_64-mingw32/nios2-elf/lib/mno-hw-mul\libc.a(lib_a-impure.o)
 .data.impure_data
                0x0000000000803a84      0x424 k:/quartus18/nios2eds/bin/gnu/h-x86_64-mingw32/bin/../lib/gcc/nios2-elf/5.3.0/../../../../../H-x86_64-mingw32/nios2-elf/lib/mno-hw-mul\libc.a(lib_a-impure.o)
 .data          0x0000000000803ea8        0x0 k:/quartus18/nios2eds/bin/gnu/h-x86_64-mingw32/bin/../lib/gcc/nios2-elf/5.3.0/../../../../../H-x86_64-mingw32/nios2-elf/lib/mno-hw-mul\libc.a(lib_a-int_errno.o)
 .data          0x0000000000803ea8        0x0 k:/quartus18/nios2eds/bin/gnu/h-x86_64-mingw32/bin/../lib/gcc/nios2-elf/5.3.0/../../../../../H-x86_64-mingw32/nios2-elf/lib/mno-hw-mul\libc.a(lib_a-memcmp.o)
 .data          0x0000000000803ea8        0x0 k:/quartus18/nios2eds/bin/gnu/h-x86_64-mingw32/bin/../lib/gcc/nios2-elf/5.3.0/../../../../../H-x86_64-mingw32/nios2-elf/lib/mno-hw-mul\libc.a(lib_a-memcpy.o)
 .data          0x0000000000803ea8        0x0 k:/quartus18/nios2eds/bin/gnu/h-x86_64-mingw32/bin/../lib/gcc/nios2-elf/5.3.0/../../../../../H-x86_64-mingw32/nios2-elf/lib/mno-hw-mul\libc.a(lib_a-strlen.o)
 .data          0x0000000000803ea8        0x0 k:/quartus18/nios2eds/bin/gnu/h-x86_64-mingw32/bin/../lib/gcc/nios2-elf/5.3.0/../../../../../H-x86_64-mingw32/nios2-elf/lib/mno-hw-mul\libc.a(lib_a-__atexit.o)
 .data          0x0000000000803ea8        0x0 k:/quartus18/nios2eds/bin/gnu/h-x86_64-mingw32/bin/../lib/gcc/nios2-elf/5.3.0/../../../../../H-x86_64-mingw32/nios2-elf/lib/mno-hw-mul\libc.a(lib_a-__call_atexit.o)
 .data          0x0000000000803ea8        0x0 k:/quartus18/nios2eds/bin/gnu/h-x86_64-mingw32/bin/../lib/gcc/nios2-elf/5.3.0/mno-hw-mul\libgcc.a(lib2-divmod.o)
 .data          0x0000000000803ea8        0x0 k:/quartus18/nios2eds/bin/gnu/h-x86_64-mingw32/bin/../lib/gcc/nios2-elf/5.3.0/mno-hw-mul\libgcc.a(lib2-mul.o)
 .data          0x0000000000803ea8        0x0 ../Lab4_1_bsp/\libhal_bsp.a(alt_exit.o)
                0x000000000080bea8                _gp = ABSOLUTE ((. + 0x8000))
                [!provide]                        PROVIDE (gp, _gp)
 *(.rwdata .rwdata.*)
 *(.sdata .sdata.* .gnu.linkonce.s.*)
 .sdata         0x0000000000803ea8       0x14 ../Lab4_1_bsp/\libhal_bsp.a(alt_dev.o)
                0x0000000000803ea8                alt_fs_list
                0x0000000000803eb0                alt_dev_list
                0x0000000000803eb8                alt_max_fd
 .sdata         0x0000000000803ebc        0x4 ../Lab4_1_bsp/\libhal_bsp.a(alt_errno.o)
                0x0000000000803ebc                alt_errno
 .sdata         0x0000000000803ec0        0x4 ../Lab4_1_bsp/\libhal_bsp.a(alt_irq_vars.o)
                0x0000000000803ec0                alt_priority_mask
 .sdata         0x0000000000803ec4        0x8 ../Lab4_1_bsp/\libhal_bsp.a(alt_tick.o)
                0x0000000000803ec4                alt_alarm_list
 .sdata._global_impure_ptr
                0x0000000000803ecc        0x4 k:/quartus18/nios2eds/bin/gnu/h-x86_64-mingw32/bin/../lib/gcc/nios2-elf/5.3.0/../../../../../H-x86_64-mingw32/nios2-elf/lib/mno-hw-mul\libc.a(lib_a-impure.o)
                0x0000000000803ecc                _global_impure_ptr
 .sdata._impure_ptr
                0x0000000000803ed0        0x4 k:/quartus18/nios2eds/bin/gnu/h-x86_64-mingw32/bin/../lib/gcc/nios2-elf/5.3.0/../../../../../H-x86_64-mingw32/nios2-elf/lib/mno-hw-mul\libc.a(lib_a-impure.o)
                0x0000000000803ed0                _impure_ptr
 *(.sdata2 .sdata2.* .gnu.linkonce.s2.*)
                0x0000000000803ed4                . = ALIGN (0x4)
                0x0000000000803ed4                _edata = ABSOLUTE (.)
                [!provide]                        PROVIDE (edata, ABSOLUTE (.))
                0x0000000000803ed4                PROVIDE (__ram_rwdata_end, ABSOLUTE (.))
                0x0000000000803ed4                PROVIDE (__flash_rwdata_start, LOADADDR (.rwdata))

.bss            0x000000000080553c      0x124
                0x000000000080553c                __bss_start = ABSOLUTE (.)
                [!provide]                        PROVIDE (__sbss_start, ABSOLUTE (.))
                [!provide]                        PROVIDE (___sbss_start, ABSOLUTE (.))
 *(.dynsbss)
 *(.sbss .sbss.* .gnu.linkonce.sb.*)
 .sbss          0x000000000080553c        0x1 obj/default/hello_world.o
                0x000000000080553c                i
 *fill*         0x000000000080553d        0x3 
 .sbss          0x0000000000805540        0xc ../Lab4_1_bsp/\libhal_bsp.a(alt_main.o)
                0x0000000000805540                alt_argc
                0x0000000000805544                alt_argv
                0x0000000000805548                alt_envp
 .sbss          0x000000000080554c        0x4 ../Lab4_1_bsp/\libhal_bsp.a(alt_irq_vars.o)
                0x000000000080554c                alt_irq_active
 .sbss          0x0000000000805550        0x8 ../Lab4_1_bsp/\libhal_bsp.a(alt_tick.o)
                0x0000000000805550                _alt_tick_rate
                0x0000000000805554                _alt_nticks
 .sbss          0x0000000000805558        0x4 ../Lab4_1_bsp/\libhal_bsp.a(alt_instruction_exception_entry.o)
                0x0000000000805558                alt_instruction_exception_handler
 .sbss          0x000000000080555c        0x4 k:/quartus18/nios2eds/bin/gnu/h-x86_64-mingw32/bin/../lib/gcc/nios2-elf/5.3.0/../../../../../H-x86_64-mingw32/nios2-elf/lib/mno-hw-mul\libc.a(lib_a-int_errno.o)
                0x000000000080555c                errno
 *(.sbss2 .sbss2.* .gnu.linkonce.sb2.*)
 *(.scommon)
                [!provide]                        PROVIDE (__sbss_end, ABSOLUTE (.))
                [!provide]                        PROVIDE (___sbss_end, ABSOLUTE (.))
 *(.dynbss)
 *(.bss .bss.* .gnu.linkonce.b.*)
 .bss           0x0000000000805560        0x0 ../Lab4_1_bsp//obj/HAL/src/crt0.o
 .bss           0x0000000000805560        0x0 obj/default/hello_world.o
 .bss           0x0000000000805560        0x0 ../Lab4_1_bsp/\libhal_bsp.a(alt_load.o)
 .bss           0x0000000000805560        0x0 ../Lab4_1_bsp/\libhal_bsp.a(alt_main.o)
 .bss           0x0000000000805560        0x0 ../Lab4_1_bsp/\libhal_bsp.a(alt_usleep.o)
 .bss           0x0000000000805560        0x0 ../Lab4_1_bsp/\libhal_bsp.a(alt_sys_init.o)
 .bss           0x0000000000805560        0x0 ../Lab4_1_bsp/\libhal_bsp.a(altera_avalon_jtag_uart_fd.o)
 .bss           0x0000000000805560        0x0 ../Lab4_1_bsp/\libhal_bsp.a(altera_avalon_jtag_uart_init.o)
 .bss           0x0000000000805560        0x0 ../Lab4_1_bsp/\libhal_bsp.a(altera_avalon_jtag_uart_ioctl.o)
 .bss           0x0000000000805560        0x0 ../Lab4_1_bsp/\libhal_bsp.a(altera_avalon_jtag_uart_read.o)
 .bss           0x0000000000805560        0x0 ../Lab4_1_bsp/\libhal_bsp.a(altera_avalon_jtag_uart_write.o)
 .bss           0x0000000000805560        0x0 ../Lab4_1_bsp/\libhal_bsp.a(alt_alarm_start.o)
 .bss           0x0000000000805560        0x0 ../Lab4_1_bsp/\libhal_bsp.a(alt_busy_sleep.o)
 .bss           0x0000000000805560        0x0 ../Lab4_1_bsp/\libhal_bsp.a(alt_close.o)
 .bss           0x0000000000805560        0x0 ../Lab4_1_bsp/\libhal_bsp.a(alt_dcache_flush_all.o)
 .bss           0x0000000000805560        0x0 ../Lab4_1_bsp/\libhal_bsp.a(alt_dev.o)
 .bss           0x0000000000805560        0x0 ../Lab4_1_bsp/\libhal_bsp.a(alt_dev_llist_insert.o)
 .bss           0x0000000000805560        0x0 ../Lab4_1_bsp/\libhal_bsp.a(alt_do_ctors.o)
 .bss           0x0000000000805560        0x0 ../Lab4_1_bsp/\libhal_bsp.a(alt_do_dtors.o)
 .bss           0x0000000000805560        0x0 ../Lab4_1_bsp/\libhal_bsp.a(alt_errno.o)
 .bss           0x0000000000805560        0x0 ../Lab4_1_bsp/\libhal_bsp.a(alt_icache_flush_all.o)
 .bss           0x0000000000805560        0x0 ../Lab4_1_bsp/\libhal_bsp.a(alt_iic.o)
 .bss           0x0000000000805560        0x0 ../Lab4_1_bsp/\libhal_bsp.a(alt_iic_isr_register.o)
 .bss           0x0000000000805560        0x0 ../Lab4_1_bsp/\libhal_bsp.a(alt_io_redirect.o)
 .bss           0x0000000000805560        0x0 ../Lab4_1_bsp/\libhal_bsp.a(alt_irq_entry.o)
 .bss           0x0000000000805560        0x0 ../Lab4_1_bsp/\libhal_bsp.a(alt_irq_handler.o)
 .bss           0x0000000000805560        0x0 ../Lab4_1_bsp/\libhal_bsp.a(alt_irq_vars.o)
 .bss           0x0000000000805560        0x0 ../Lab4_1_bsp/\libhal_bsp.a(alt_open.o)
 .bss           0x0000000000805560        0x0 ../Lab4_1_bsp/\libhal_bsp.a(alt_release_fd.o)
 .bss           0x0000000000805560        0x0 ../Lab4_1_bsp/\libhal_bsp.a(alt_tick.o)
 .bss           0x0000000000805560        0x0 ../Lab4_1_bsp/\libhal_bsp.a(altera_nios2_gen2_irq.o)
 .bss           0x0000000000805560        0x0 ../Lab4_1_bsp/\libhal_bsp.a(alt_exception_entry.o)
 .bss           0x0000000000805560        0x0 ../Lab4_1_bsp/\libhal_bsp.a(alt_find_dev.o)
 .bss           0x0000000000805560        0x0 ../Lab4_1_bsp/\libhal_bsp.a(alt_find_file.o)
 .bss           0x0000000000805560        0x0 ../Lab4_1_bsp/\libhal_bsp.a(alt_get_fd.o)
 .bss           0x0000000000805560        0x0 ../Lab4_1_bsp/\libhal_bsp.a(alt_instruction_exception_entry.o)
 .bss           0x0000000000805560        0x0 k:/quartus18/nios2eds/bin/gnu/h-x86_64-mingw32/bin/../lib/gcc/nios2-elf/5.3.0/../../../../../H-x86_64-mingw32/nios2-elf/lib/mno-hw-mul\libc.a(lib_a-atexit.o)
 .bss           0x0000000000805560        0x0 k:/quartus18/nios2eds/bin/gnu/h-x86_64-mingw32/bin/../lib/gcc/nios2-elf/5.3.0/../../../../../H-x86_64-mingw32/nios2-elf/lib/mno-hw-mul\libc.a(lib_a-exit.o)
 .bss           0x0000000000805560        0x0 k:/quartus18/nios2eds/bin/gnu/h-x86_64-mingw32/bin/../lib/gcc/nios2-elf/5.3.0/../../../../../H-x86_64-mingw32/nios2-elf/lib/mno-hw-mul\libc.a(lib_a-impure.o)
 .bss           0x0000000000805560        0x0 k:/quartus18/nios2eds/bin/gnu/h-x86_64-mingw32/bin/../lib/gcc/nios2-elf/5.3.0/../../../../../H-x86_64-mingw32/nios2-elf/lib/mno-hw-mul\libc.a(lib_a-int_errno.o)
 .bss           0x0000000000805560        0x0 k:/quartus18/nios2eds/bin/gnu/h-x86_64-mingw32/bin/../lib/gcc/nios2-elf/5.3.0/../../../../../H-x86_64-mingw32/nios2-elf/lib/mno-hw-mul\libc.a(lib_a-memcmp.o)
 .bss           0x0000000000805560        0x0 k:/quartus18/nios2eds/bin/gnu/h-x86_64-mingw32/bin/../lib/gcc/nios2-elf/5.3.0/../../../../../H-x86_64-mingw32/nios2-elf/lib/mno-hw-mul\libc.a(lib_a-memcpy.o)
 .bss           0x0000000000805560        0x0 k:/quartus18/nios2eds/bin/gnu/h-x86_64-mingw32/bin/../lib/gcc/nios2-elf/5.3.0/../../../../../H-x86_64-mingw32/nios2-elf/lib/mno-hw-mul\libc.a(lib_a-strlen.o)
 .bss           0x0000000000805560        0x0 k:/quartus18/nios2eds/bin/gnu/h-x86_64-mingw32/bin/../lib/gcc/nios2-elf/5.3.0/../../../../../H-x86_64-mingw32/nios2-elf/lib/mno-hw-mul\libc.a(lib_a-__atexit.o)
 .bss           0x0000000000805560        0x0 k:/quartus18/nios2eds/bin/gnu/h-x86_64-mingw32/bin/../lib/gcc/nios2-elf/5.3.0/../../../../../H-x86_64-mingw32/nios2-elf/lib/mno-hw-mul\libc.a(lib_a-__call_atexit.o)
 .bss           0x0000000000805560        0x0 k:/quartus18/nios2eds/bin/gnu/h-x86_64-mingw32/bin/../lib/gcc/nios2-elf/5.3.0/mno-hw-mul\libgcc.a(lib2-divmod.o)
 .bss           0x0000000000805560        0x0 k:/quartus18/nios2eds/bin/gnu/h-x86_64-mingw32/bin/../lib/gcc/nios2-elf/5.3.0/mno-hw-mul\libgcc.a(lib2-mul.o)
 .bss           0x0000000000805560        0x0 ../Lab4_1_bsp/\libhal_bsp.a(alt_exit.o)
 *(COMMON)
 COMMON         0x0000000000805560      0x100 ../Lab4_1_bsp/\libhal_bsp.a(alt_irq_handler.o)
                0x0000000000805560                alt_irq
                0x0000000000805660                . = ALIGN (0x4)
                0x0000000000805660                __bss_end = ABSOLUTE (.)

.SDRAM          0x0000000000805660        0x0
                [!provide]                        PROVIDE (_alt_partition_SDRAM_start, ABSOLUTE (.))
 *(.SDRAM .SDRAM. SDRAM.*)
                0x0000000000805660                . = ALIGN (0x4)
                [!provide]                        PROVIDE (_alt_partition_SDRAM_end, ABSOLUTE (.))
                0x0000000000805660                _end = ABSOLUTE (.)
                0x0000000000805660                end = ABSOLUTE (.)
                0x0000000000805660                __alt_stack_base = ABSOLUTE (.)
                [!provide]                        PROVIDE (_alt_partition_SDRAM_load_addr, LOADADDR (.SDRAM))

.RAM            0x0000000001020000        0x0 load address 0x0000000000805660
                [!provide]                        PROVIDE (_alt_partition_RAM_start, ABSOLUTE (.))
 *(.RAM .RAM. RAM.*)
                0x0000000001020000                . = ALIGN (0x4)
                [!provide]                        PROVIDE (_alt_partition_RAM_end, ABSOLUTE (.))
                [!provide]                        PROVIDE (_alt_partition_RAM_load_addr, LOADADDR (.RAM))

.stab
 *(.stab)

.stabstr
 *(.stabstr)

.stab.excl
 *(.stab.excl)

.stab.exclstr
 *(.stab.exclstr)

.stab.index
 *(.stab.index)

.stab.indexstr
 *(.stab.indexstr)

.comment        0x0000000000000000       0x23
 *(.comment)
 .comment       0x0000000000000000       0x23 obj/default/hello_world.o
                                         0x24 (size before relaxing)
 .comment       0x0000000000000023       0x24 ../Lab4_1_bsp/\libhal_bsp.a(alt_load.o)
 .comment       0x0000000000000023       0x24 ../Lab4_1_bsp/\libhal_bsp.a(alt_main.o)
 .comment       0x0000000000000023       0x24 ../Lab4_1_bsp/\libhal_bsp.a(alt_usleep.o)
 .comment       0x0000000000000023       0x24 ../Lab4_1_bsp/\libhal_bsp.a(alt_sys_init.o)
 .comment       0x0000000000000023       0x24 ../Lab4_1_bsp/\libhal_bsp.a(altera_avalon_jtag_uart_fd.o)
 .comment       0x0000000000000023       0x24 ../Lab4_1_bsp/\libhal_bsp.a(altera_avalon_jtag_uart_init.o)
 .comment       0x0000000000000023       0x24 ../Lab4_1_bsp/\libhal_bsp.a(altera_avalon_jtag_uart_ioctl.o)
 .comment       0x0000000000000023       0x24 ../Lab4_1_bsp/\libhal_bsp.a(altera_avalon_jtag_uart_read.o)
 .comment       0x0000000000000023       0x24 ../Lab4_1_bsp/\libhal_bsp.a(altera_avalon_jtag_uart_write.o)
 .comment       0x0000000000000023       0x24 ../Lab4_1_bsp/\libhal_bsp.a(alt_alarm_start.o)
 .comment       0x0000000000000023       0x24 ../Lab4_1_bsp/\libhal_bsp.a(alt_busy_sleep.o)
 .comment       0x0000000000000023       0x24 ../Lab4_1_bsp/\libhal_bsp.a(alt_close.o)
 .comment       0x0000000000000023       0x24 ../Lab4_1_bsp/\libhal_bsp.a(alt_dcache_flush_all.o)
 .comment       0x0000000000000023       0x24 ../Lab4_1_bsp/\libhal_bsp.a(alt_dev.o)
 .comment       0x0000000000000023       0x24 ../Lab4_1_bsp/\libhal_bsp.a(alt_dev_llist_insert.o)
 .comment       0x0000000000000023       0x24 ../Lab4_1_bsp/\libhal_bsp.a(alt_do_ctors.o)
 .comment       0x0000000000000023       0x24 ../Lab4_1_bsp/\libhal_bsp.a(alt_do_dtors.o)
 .comment       0x0000000000000023       0x24 ../Lab4_1_bsp/\libhal_bsp.a(alt_errno.o)
 .comment       0x0000000000000023       0x24 ../Lab4_1_bsp/\libhal_bsp.a(alt_icache_flush_all.o)
 .comment       0x0000000000000023       0x24 ../Lab4_1_bsp/\libhal_bsp.a(alt_iic.o)
 .comment       0x0000000000000023       0x24 ../Lab4_1_bsp/\libhal_bsp.a(alt_iic_isr_register.o)
 .comment       0x0000000000000023       0x24 ../Lab4_1_bsp/\libhal_bsp.a(alt_io_redirect.o)
 .comment       0x0000000000000023       0x24 ../Lab4_1_bsp/\libhal_bsp.a(alt_irq_handler.o)
 .comment       0x0000000000000023       0x24 ../Lab4_1_bsp/\libhal_bsp.a(alt_irq_vars.o)
 .comment       0x0000000000000023       0x24 ../Lab4_1_bsp/\libhal_bsp.a(alt_open.o)
 .comment       0x0000000000000023       0x24 ../Lab4_1_bsp/\libhal_bsp.a(alt_release_fd.o)
 .comment       0x0000000000000023       0x24 ../Lab4_1_bsp/\libhal_bsp.a(alt_tick.o)
 .comment       0x0000000000000023       0x24 ../Lab4_1_bsp/\libhal_bsp.a(altera_nios2_gen2_irq.o)
 .comment       0x0000000000000023       0x24 ../Lab4_1_bsp/\libhal_bsp.a(alt_find_dev.o)
 .comment       0x0000000000000023       0x24 ../Lab4_1_bsp/\libhal_bsp.a(alt_find_file.o)
 .comment       0x0000000000000023       0x24 ../Lab4_1_bsp/\libhal_bsp.a(alt_get_fd.o)
 .comment       0x0000000000000023       0x24 ../Lab4_1_bsp/\libhal_bsp.a(alt_instruction_exception_entry.o)
 .comment       0x0000000000000023       0x24 k:/quartus18/nios2eds/bin/gnu/h-x86_64-mingw32/bin/../lib/gcc/nios2-elf/5.3.0/../../../../../H-x86_64-mingw32/nios2-elf/lib/mno-hw-mul\libc.a(lib_a-atexit.o)
 .comment       0x0000000000000023       0x24 k:/quartus18/nios2eds/bin/gnu/h-x86_64-mingw32/bin/../lib/gcc/nios2-elf/5.3.0/../../../../../H-x86_64-mingw32/nios2-elf/lib/mno-hw-mul\libc.a(lib_a-exit.o)
 .comment       0x0000000000000023       0x24 k:/quartus18/nios2eds/bin/gnu/h-x86_64-mingw32/bin/../lib/gcc/nios2-elf/5.3.0/../../../../../H-x86_64-mingw32/nios2-elf/lib/mno-hw-mul\libc.a(lib_a-impure.o)
 .comment       0x0000000000000023       0x24 k:/quartus18/nios2eds/bin/gnu/h-x86_64-mingw32/bin/../lib/gcc/nios2-elf/5.3.0/../../../../../H-x86_64-mingw32/nios2-elf/lib/mno-hw-mul\libc.a(lib_a-int_errno.o)
 .comment       0x0000000000000023       0x24 k:/quartus18/nios2eds/bin/gnu/h-x86_64-mingw32/bin/../lib/gcc/nios2-elf/5.3.0/../../../../../H-x86_64-mingw32/nios2-elf/lib/mno-hw-mul\libc.a(lib_a-memcmp.o)
 .comment       0x0000000000000023       0x24 k:/quartus18/nios2eds/bin/gnu/h-x86_64-mingw32/bin/../lib/gcc/nios2-elf/5.3.0/../../../../../H-x86_64-mingw32/nios2-elf/lib/mno-hw-mul\libc.a(lib_a-memcpy.o)
 .comment       0x0000000000000023       0x24 k:/quartus18/nios2eds/bin/gnu/h-x86_64-mingw32/bin/../lib/gcc/nios2-elf/5.3.0/../../../../../H-x86_64-mingw32/nios2-elf/lib/mno-hw-mul\libc.a(lib_a-strlen.o)
 .comment       0x0000000000000023       0x24 k:/quartus18/nios2eds/bin/gnu/h-x86_64-mingw32/bin/../lib/gcc/nios2-elf/5.3.0/../../../../../H-x86_64-mingw32/nios2-elf/lib/mno-hw-mul\libc.a(lib_a-__atexit.o)
 .comment       0x0000000000000023       0x24 k:/quartus18/nios2eds/bin/gnu/h-x86_64-mingw32/bin/../lib/gcc/nios2-elf/5.3.0/../../../../../H-x86_64-mingw32/nios2-elf/lib/mno-hw-mul\libc.a(lib_a-__call_atexit.o)
 .comment       0x0000000000000023       0x24 k:/quartus18/nios2eds/bin/gnu/h-x86_64-mingw32/bin/../lib/gcc/nios2-elf/5.3.0/mno-hw-mul\libgcc.a(lib2-divmod.o)
 .comment       0x0000000000000023       0x24 k:/quartus18/nios2eds/bin/gnu/h-x86_64-mingw32/bin/../lib/gcc/nios2-elf/5.3.0/mno-hw-mul\libgcc.a(lib2-mul.o)
 .comment       0x0000000000000023       0x24 ../Lab4_1_bsp/\libhal_bsp.a(alt_exit.o)

.debug
 *(.debug)

.line
 *(.line)

.debug_srcinfo
 *(.debug_srcinfo)

.debug_sfnames
 *(.debug_sfnames)

.debug_aranges  0x0000000000000000      0x618
 *(.debug_aranges)
 .debug_aranges
                0x0000000000000000       0x28 ../Lab4_1_bsp//obj/HAL/src/crt0.o
 .debug_aranges
                0x0000000000000028       0x20 obj/default/hello_world.o
 .debug_aranges
                0x0000000000000048       0x20 ../Lab4_1_bsp/\libhal_bsp.a(alt_load.o)
 .debug_aranges
                0x0000000000000068       0x20 ../Lab4_1_bsp/\libhal_bsp.a(alt_main.o)
 .debug_aranges
                0x0000000000000088       0x20 ../Lab4_1_bsp/\libhal_bsp.a(alt_usleep.o)
 .debug_aranges
                0x00000000000000a8       0x20 ../Lab4_1_bsp/\libhal_bsp.a(alt_sys_init.o)
 .debug_aranges
                0x00000000000000c8       0x20 ../Lab4_1_bsp/\libhal_bsp.a(altera_avalon_jtag_uart_fd.o)
 .debug_aranges
                0x00000000000000e8       0x20 ../Lab4_1_bsp/\libhal_bsp.a(altera_avalon_jtag_uart_init.o)
 .debug_aranges
                0x0000000000000108       0x20 ../Lab4_1_bsp/\libhal_bsp.a(altera_avalon_jtag_uart_ioctl.o)
 .debug_aranges
                0x0000000000000128       0x20 ../Lab4_1_bsp/\libhal_bsp.a(altera_avalon_jtag_uart_read.o)
 .debug_aranges
                0x0000000000000148       0x20 ../Lab4_1_bsp/\libhal_bsp.a(altera_avalon_jtag_uart_write.o)
 .debug_aranges
                0x0000000000000168       0x20 ../Lab4_1_bsp/\libhal_bsp.a(alt_alarm_start.o)
 .debug_aranges
                0x0000000000000188       0x20 ../Lab4_1_bsp/\libhal_bsp.a(alt_busy_sleep.o)
 .debug_aranges
                0x00000000000001a8       0x20 ../Lab4_1_bsp/\libhal_bsp.a(alt_close.o)
 .debug_aranges
                0x00000000000001c8       0x20 ../Lab4_1_bsp/\libhal_bsp.a(alt_dcache_flush_all.o)
 .debug_aranges
                0x00000000000001e8       0x20 ../Lab4_1_bsp/\libhal_bsp.a(alt_dev.o)
 .debug_aranges
                0x0000000000000208       0x20 ../Lab4_1_bsp/\libhal_bsp.a(alt_dev_llist_insert.o)
 .debug_aranges
                0x0000000000000228       0x20 ../Lab4_1_bsp/\libhal_bsp.a(alt_do_ctors.o)
 .debug_aranges
                0x0000000000000248       0x20 ../Lab4_1_bsp/\libhal_bsp.a(alt_do_dtors.o)
 .debug_aranges
                0x0000000000000268       0x18 ../Lab4_1_bsp/\libhal_bsp.a(alt_errno.o)
 .debug_aranges
                0x0000000000000280       0x20 ../Lab4_1_bsp/\libhal_bsp.a(alt_icache_flush_all.o)
 .debug_aranges
                0x00000000000002a0       0x20 ../Lab4_1_bsp/\libhal_bsp.a(alt_iic.o)
 .debug_aranges
                0x00000000000002c0       0x20 ../Lab4_1_bsp/\libhal_bsp.a(alt_iic_isr_register.o)
 .debug_aranges
                0x00000000000002e0       0x20 ../Lab4_1_bsp/\libhal_bsp.a(alt_io_redirect.o)
 .debug_aranges
                0x0000000000000300       0x30 ../Lab4_1_bsp/\libhal_bsp.a(alt_irq_entry.o)
 .debug_aranges
                0x0000000000000330       0x20 ../Lab4_1_bsp/\libhal_bsp.a(alt_irq_handler.o)
 .debug_aranges
                0x0000000000000350       0x18 ../Lab4_1_bsp/\libhal_bsp.a(alt_irq_vars.o)
 .debug_aranges
                0x0000000000000368       0x20 ../Lab4_1_bsp/\libhal_bsp.a(alt_open.o)
 .debug_aranges
                0x0000000000000388       0x20 ../Lab4_1_bsp/\libhal_bsp.a(alt_release_fd.o)
 .debug_aranges
                0x00000000000003a8       0x20 ../Lab4_1_bsp/\libhal_bsp.a(alt_tick.o)
 .debug_aranges
                0x00000000000003c8       0x20 ../Lab4_1_bsp/\libhal_bsp.a(altera_nios2_gen2_irq.o)
 .debug_aranges
                0x00000000000003e8       0x38 ../Lab4_1_bsp/\libhal_bsp.a(alt_exception_entry.o)
 .debug_aranges
                0x0000000000000420       0x20 ../Lab4_1_bsp/\libhal_bsp.a(alt_find_dev.o)
 .debug_aranges
                0x0000000000000440       0x20 ../Lab4_1_bsp/\libhal_bsp.a(alt_find_file.o)
 .debug_aranges
                0x0000000000000460       0x20 ../Lab4_1_bsp/\libhal_bsp.a(alt_get_fd.o)
 .debug_aranges
                0x0000000000000480       0x28 ../Lab4_1_bsp/\libhal_bsp.a(alt_instruction_exception_entry.o)
 .debug_aranges
                0x00000000000004a8       0x20 k:/quartus18/nios2eds/bin/gnu/h-x86_64-mingw32/bin/../lib/gcc/nios2-elf/5.3.0/../../../../../H-x86_64-mingw32/nios2-elf/lib/mno-hw-mul\libc.a(lib_a-atexit.o)
 .debug_aranges
                0x00000000000004c8       0x20 k:/quartus18/nios2eds/bin/gnu/h-x86_64-mingw32/bin/../lib/gcc/nios2-elf/5.3.0/../../../../../H-x86_64-mingw32/nios2-elf/lib/mno-hw-mul\libc.a(lib_a-exit.o)
 .debug_aranges
                0x00000000000004e8       0x18 k:/quartus18/nios2eds/bin/gnu/h-x86_64-mingw32/bin/../lib/gcc/nios2-elf/5.3.0/../../../../../H-x86_64-mingw32/nios2-elf/lib/mno-hw-mul\libc.a(lib_a-impure.o)
 .debug_aranges
                0x0000000000000500       0x18 k:/quartus18/nios2eds/bin/gnu/h-x86_64-mingw32/bin/../lib/gcc/nios2-elf/5.3.0/../../../../../H-x86_64-mingw32/nios2-elf/lib/mno-hw-mul\libc.a(lib_a-int_errno.o)
 .debug_aranges
                0x0000000000000518       0x20 k:/quartus18/nios2eds/bin/gnu/h-x86_64-mingw32/bin/../lib/gcc/nios2-elf/5.3.0/../../../../../H-x86_64-mingw32/nios2-elf/lib/mno-hw-mul\libc.a(lib_a-memcmp.o)
 .debug_aranges
                0x0000000000000538       0x20 k:/quartus18/nios2eds/bin/gnu/h-x86_64-mingw32/bin/../lib/gcc/nios2-elf/5.3.0/../../../../../H-x86_64-mingw32/nios2-elf/lib/mno-hw-mul\libc.a(lib_a-memcpy.o)
 .debug_aranges
                0x0000000000000558       0x20 k:/quartus18/nios2eds/bin/gnu/h-x86_64-mingw32/bin/../lib/gcc/nios2-elf/5.3.0/../../../../../H-x86_64-mingw32/nios2-elf/lib/mno-hw-mul\libc.a(lib_a-strlen.o)
 .debug_aranges
                0x0000000000000578       0x20 k:/quartus18/nios2eds/bin/gnu/h-x86_64-mingw32/bin/../lib/gcc/nios2-elf/5.3.0/../../../../../H-x86_64-mingw32/nios2-elf/lib/mno-hw-mul\libc.a(lib_a-__atexit.o)
 .debug_aranges
                0x0000000000000598       0x20 k:/quartus18/nios2eds/bin/gnu/h-x86_64-mingw32/bin/../lib/gcc/nios2-elf/5.3.0/../../../../../H-x86_64-mingw32/nios2-elf/lib/mno-hw-mul\libc.a(lib_a-__call_atexit.o)
 .debug_aranges
                0x00000000000005b8       0x20 k:/quartus18/nios2eds/bin/gnu/h-x86_64-mingw32/bin/../lib/gcc/nios2-elf/5.3.0/mno-hw-mul\libgcc.a(lib2-divmod.o)
 .debug_aranges
                0x00000000000005d8       0x20 k:/quartus18/nios2eds/bin/gnu/h-x86_64-mingw32/bin/../lib/gcc/nios2-elf/5.3.0/mno-hw-mul\libgcc.a(lib2-mul.o)
 .debug_aranges
                0x00000000000005f8       0x20 ../Lab4_1_bsp/\libhal_bsp.a(alt_exit.o)

.debug_pubnames
 *(.debug_pubnames)

.debug_info     0x0000000000000000     0x79c2
 *(.debug_info .gnu.linkonce.wi.*)
 .debug_info    0x0000000000000000       0x7d ../Lab4_1_bsp//obj/HAL/src/crt0.o
 .debug_info    0x000000000000007d      0x103 obj/default/hello_world.o
 .debug_info    0x0000000000000180      0x145 ../Lab4_1_bsp/\libhal_bsp.a(alt_load.o)
 .debug_info    0x00000000000002c5      0x131 ../Lab4_1_bsp/\libhal_bsp.a(alt_main.o)
 .debug_info    0x00000000000003f6       0xb0 ../Lab4_1_bsp/\libhal_bsp.a(alt_usleep.o)
 .debug_info    0x00000000000004a6      0x4c3 ../Lab4_1_bsp/\libhal_bsp.a(alt_sys_init.o)
 .debug_info    0x0000000000000969      0x52e ../Lab4_1_bsp/\libhal_bsp.a(altera_avalon_jtag_uart_fd.o)
 .debug_info    0x0000000000000e97      0x3a0 ../Lab4_1_bsp/\libhal_bsp.a(altera_avalon_jtag_uart_init.o)
 .debug_info    0x0000000000001237      0x280 ../Lab4_1_bsp/\libhal_bsp.a(altera_avalon_jtag_uart_ioctl.o)
 .debug_info    0x00000000000014b7      0x345 ../Lab4_1_bsp/\libhal_bsp.a(altera_avalon_jtag_uart_read.o)
 .debug_info    0x00000000000017fc      0x340 ../Lab4_1_bsp/\libhal_bsp.a(altera_avalon_jtag_uart_write.o)
 .debug_info    0x0000000000001b3c      0x2cc ../Lab4_1_bsp/\libhal_bsp.a(alt_alarm_start.o)
 .debug_info    0x0000000000001e08       0xd7 ../Lab4_1_bsp/\libhal_bsp.a(alt_busy_sleep.o)
 .debug_info    0x0000000000001edf      0x321 ../Lab4_1_bsp/\libhal_bsp.a(alt_close.o)
 .debug_info    0x0000000000002200       0x92 ../Lab4_1_bsp/\libhal_bsp.a(alt_dcache_flush_all.o)
 .debug_info    0x0000000000002292      0x49c ../Lab4_1_bsp/\libhal_bsp.a(alt_dev.o)
 .debug_info    0x000000000000272e      0x1a9 ../Lab4_1_bsp/\libhal_bsp.a(alt_dev_llist_insert.o)
 .debug_info    0x00000000000028d7       0x83 ../Lab4_1_bsp/\libhal_bsp.a(alt_do_ctors.o)
 .debug_info    0x000000000000295a       0x83 ../Lab4_1_bsp/\libhal_bsp.a(alt_do_dtors.o)
 .debug_info    0x00000000000029dd       0xa6 ../Lab4_1_bsp/\libhal_bsp.a(alt_errno.o)
 .debug_info    0x0000000000002a83       0x92 ../Lab4_1_bsp/\libhal_bsp.a(alt_icache_flush_all.o)
 .debug_info    0x0000000000002b15      0x350 ../Lab4_1_bsp/\libhal_bsp.a(alt_iic.o)
 .debug_info    0x0000000000002e65      0x1ef ../Lab4_1_bsp/\libhal_bsp.a(alt_iic_isr_register.o)
 .debug_info    0x0000000000003054      0x4a5 ../Lab4_1_bsp/\libhal_bsp.a(alt_io_redirect.o)
 .debug_info    0x00000000000034f9       0x86 ../Lab4_1_bsp/\libhal_bsp.a(alt_irq_entry.o)
 .debug_info    0x000000000000357f      0x187 ../Lab4_1_bsp/\libhal_bsp.a(alt_irq_handler.o)
 .debug_info    0x0000000000003706       0x88 ../Lab4_1_bsp/\libhal_bsp.a(alt_irq_vars.o)
 .debug_info    0x000000000000378e      0x3bb ../Lab4_1_bsp/\libhal_bsp.a(alt_open.o)
 .debug_info    0x0000000000003b49      0x2b0 ../Lab4_1_bsp/\libhal_bsp.a(alt_release_fd.o)
 .debug_info    0x0000000000003df9      0x299 ../Lab4_1_bsp/\libhal_bsp.a(alt_tick.o)
 .debug_info    0x0000000000004092       0x92 ../Lab4_1_bsp/\libhal_bsp.a(altera_nios2_gen2_irq.o)
 .debug_info    0x0000000000004124       0x8c ../Lab4_1_bsp/\libhal_bsp.a(alt_exception_entry.o)
 .debug_info    0x00000000000041b0      0x2e9 ../Lab4_1_bsp/\libhal_bsp.a(alt_find_dev.o)
 .debug_info    0x0000000000004499      0x2e6 ../Lab4_1_bsp/\libhal_bsp.a(alt_find_file.o)
 .debug_info    0x000000000000477f      0x310 ../Lab4_1_bsp/\libhal_bsp.a(alt_get_fd.o)
 .debug_info    0x0000000000004a8f      0x1e7 ../Lab4_1_bsp/\libhal_bsp.a(alt_instruction_exception_entry.o)
 .debug_info    0x0000000000004c76       0xfe k:/quartus18/nios2eds/bin/gnu/h-x86_64-mingw32/bin/../lib/gcc/nios2-elf/5.3.0/../../../../../H-x86_64-mingw32/nios2-elf/lib/mno-hw-mul\libc.a(lib_a-atexit.o)
 .debug_info    0x0000000000004d74      0x8e4 k:/quartus18/nios2eds/bin/gnu/h-x86_64-mingw32/bin/../lib/gcc/nios2-elf/5.3.0/../../../../../H-x86_64-mingw32/nios2-elf/lib/mno-hw-mul\libc.a(lib_a-exit.o)
 .debug_info    0x0000000000005658      0x8a1 k:/quartus18/nios2eds/bin/gnu/h-x86_64-mingw32/bin/../lib/gcc/nios2-elf/5.3.0/../../../../../H-x86_64-mingw32/nios2-elf/lib/mno-hw-mul\libc.a(lib_a-impure.o)
 .debug_info    0x0000000000005ef9       0x8a k:/quartus18/nios2eds/bin/gnu/h-x86_64-mingw32/bin/../lib/gcc/nios2-elf/5.3.0/../../../../../H-x86_64-mingw32/nios2-elf/lib/mno-hw-mul\libc.a(lib_a-int_errno.o)
 .debug_info    0x0000000000005f83      0x11a k:/quartus18/nios2eds/bin/gnu/h-x86_64-mingw32/bin/../lib/gcc/nios2-elf/5.3.0/../../../../../H-x86_64-mingw32/nios2-elf/lib/mno-hw-mul\libc.a(lib_a-memcmp.o)
 .debug_info    0x000000000000609d      0x144 k:/quartus18/nios2eds/bin/gnu/h-x86_64-mingw32/bin/../lib/gcc/nios2-elf/5.3.0/../../../../../H-x86_64-mingw32/nios2-elf/lib/mno-hw-mul\libc.a(lib_a-memcpy.o)
 .debug_info    0x00000000000061e1       0xe2 k:/quartus18/nios2eds/bin/gnu/h-x86_64-mingw32/bin/../lib/gcc/nios2-elf/5.3.0/../../../../../H-x86_64-mingw32/nios2-elf/lib/mno-hw-mul\libc.a(lib_a-strlen.o)
 .debug_info    0x00000000000062c3      0x934 k:/quartus18/nios2eds/bin/gnu/h-x86_64-mingw32/bin/../lib/gcc/nios2-elf/5.3.0/../../../../../H-x86_64-mingw32/nios2-elf/lib/mno-hw-mul\libc.a(lib_a-__atexit.o)
 .debug_info    0x0000000000006bf7      0x965 k:/quartus18/nios2eds/bin/gnu/h-x86_64-mingw32/bin/../lib/gcc/nios2-elf/5.3.0/../../../../../H-x86_64-mingw32/nios2-elf/lib/mno-hw-mul\libc.a(lib_a-__call_atexit.o)
 .debug_info    0x000000000000755c      0x2c6 k:/quartus18/nios2eds/bin/gnu/h-x86_64-mingw32/bin/../lib/gcc/nios2-elf/5.3.0/mno-hw-mul\libgcc.a(lib2-divmod.o)
 .debug_info    0x0000000000007822       0xb4 k:/quartus18/nios2eds/bin/gnu/h-x86_64-mingw32/bin/../lib/gcc/nios2-elf/5.3.0/mno-hw-mul\libgcc.a(lib2-mul.o)
 .debug_info    0x00000000000078d6       0xec ../Lab4_1_bsp/\libhal_bsp.a(alt_exit.o)

.debug_abbrev   0x0000000000000000     0x2b34
 *(.debug_abbrev)
 .debug_abbrev  0x0000000000000000       0x12 ../Lab4_1_bsp//obj/HAL/src/crt0.o
 .debug_abbrev  0x0000000000000012       0x94 obj/default/hello_world.o
 .debug_abbrev  0x00000000000000a6       0x9f ../Lab4_1_bsp/\libhal_bsp.a(alt_load.o)
 .debug_abbrev  0x0000000000000145       0xba ../Lab4_1_bsp/\libhal_bsp.a(alt_main.o)
 .debug_abbrev  0x00000000000001ff       0x60 ../Lab4_1_bsp/\libhal_bsp.a(alt_usleep.o)
 .debug_abbrev  0x000000000000025f      0x187 ../Lab4_1_bsp/\libhal_bsp.a(alt_sys_init.o)
 .debug_abbrev  0x00000000000003e6      0x127 ../Lab4_1_bsp/\libhal_bsp.a(altera_avalon_jtag_uart_fd.o)
 .debug_abbrev  0x000000000000050d      0x19e ../Lab4_1_bsp/\libhal_bsp.a(altera_avalon_jtag_uart_init.o)
 .debug_abbrev  0x00000000000006ab      0x111 ../Lab4_1_bsp/\libhal_bsp.a(altera_avalon_jtag_uart_ioctl.o)
 .debug_abbrev  0x00000000000007bc      0x1aa ../Lab4_1_bsp/\libhal_bsp.a(altera_avalon_jtag_uart_read.o)
 .debug_abbrev  0x0000000000000966      0x1a8 ../Lab4_1_bsp/\libhal_bsp.a(altera_avalon_jtag_uart_write.o)
 .debug_abbrev  0x0000000000000b0e      0x162 ../Lab4_1_bsp/\libhal_bsp.a(alt_alarm_start.o)
 .debug_abbrev  0x0000000000000c70       0x7e ../Lab4_1_bsp/\libhal_bsp.a(alt_busy_sleep.o)
 .debug_abbrev  0x0000000000000cee      0x11f ../Lab4_1_bsp/\libhal_bsp.a(alt_close.o)
 .debug_abbrev  0x0000000000000e0d       0x42 ../Lab4_1_bsp/\libhal_bsp.a(alt_dcache_flush_all.o)
 .debug_abbrev  0x0000000000000e4f       0xd9 ../Lab4_1_bsp/\libhal_bsp.a(alt_dev.o)
 .debug_abbrev  0x0000000000000f28      0x114 ../Lab4_1_bsp/\libhal_bsp.a(alt_dev_llist_insert.o)
 .debug_abbrev  0x000000000000103c       0x79 ../Lab4_1_bsp/\libhal_bsp.a(alt_do_ctors.o)
 .debug_abbrev  0x00000000000010b5       0x79 ../Lab4_1_bsp/\libhal_bsp.a(alt_do_dtors.o)
 .debug_abbrev  0x000000000000112e       0x5a ../Lab4_1_bsp/\libhal_bsp.a(alt_errno.o)
 .debug_abbrev  0x0000000000001188       0x42 ../Lab4_1_bsp/\libhal_bsp.a(alt_icache_flush_all.o)
 .debug_abbrev  0x00000000000011ca      0x163 ../Lab4_1_bsp/\libhal_bsp.a(alt_iic.o)
 .debug_abbrev  0x000000000000132d      0x169 ../Lab4_1_bsp/\libhal_bsp.a(alt_iic_isr_register.o)
 .debug_abbrev  0x0000000000001496      0x114 ../Lab4_1_bsp/\libhal_bsp.a(alt_io_redirect.o)
 .debug_abbrev  0x00000000000015aa       0x12 ../Lab4_1_bsp/\libhal_bsp.a(alt_irq_entry.o)
 .debug_abbrev  0x00000000000015bc      0x122 ../Lab4_1_bsp/\libhal_bsp.a(alt_irq_handler.o)
 .debug_abbrev  0x00000000000016de       0x40 ../Lab4_1_bsp/\libhal_bsp.a(alt_irq_vars.o)
 .debug_abbrev  0x000000000000171e      0x148 ../Lab4_1_bsp/\libhal_bsp.a(alt_open.o)
 .debug_abbrev  0x0000000000001866       0xde ../Lab4_1_bsp/\libhal_bsp.a(alt_release_fd.o)
 .debug_abbrev  0x0000000000001944      0x15a ../Lab4_1_bsp/\libhal_bsp.a(alt_tick.o)
 .debug_abbrev  0x0000000000001a9e       0x42 ../Lab4_1_bsp/\libhal_bsp.a(altera_nios2_gen2_irq.o)
 .debug_abbrev  0x0000000000001ae0       0x12 ../Lab4_1_bsp/\libhal_bsp.a(alt_exception_entry.o)
 .debug_abbrev  0x0000000000001af2       0xf0 ../Lab4_1_bsp/\libhal_bsp.a(alt_find_dev.o)
 .debug_abbrev  0x0000000000001be2       0xf0 ../Lab4_1_bsp/\libhal_bsp.a(alt_find_file.o)
 .debug_abbrev  0x0000000000001cd2      0x10d ../Lab4_1_bsp/\libhal_bsp.a(alt_get_fd.o)
 .debug_abbrev  0x0000000000001ddf       0xdc ../Lab4_1_bsp/\libhal_bsp.a(alt_instruction_exception_entry.o)
 .debug_abbrev  0x0000000000001ebb       0xaa k:/quartus18/nios2eds/bin/gnu/h-x86_64-mingw32/bin/../lib/gcc/nios2-elf/5.3.0/../../../../../H-x86_64-mingw32/nios2-elf/lib/mno-hw-mul\libc.a(lib_a-atexit.o)
 .debug_abbrev  0x0000000000001f65      0x1e5 k:/quartus18/nios2eds/bin/gnu/h-x86_64-mingw32/bin/../lib/gcc/nios2-elf/5.3.0/../../../../../H-x86_64-mingw32/nios2-elf/lib/mno-hw-mul\libc.a(lib_a-exit.o)
 .debug_abbrev  0x000000000000214a      0x18f k:/quartus18/nios2eds/bin/gnu/h-x86_64-mingw32/bin/../lib/gcc/nios2-elf/5.3.0/../../../../../H-x86_64-mingw32/nios2-elf/lib/mno-hw-mul\libc.a(lib_a-impure.o)
 .debug_abbrev  0x00000000000022d9       0x37 k:/quartus18/nios2eds/bin/gnu/h-x86_64-mingw32/bin/../lib/gcc/nios2-elf/5.3.0/../../../../../H-x86_64-mingw32/nios2-elf/lib/mno-hw-mul\libc.a(lib_a-int_errno.o)
 .debug_abbrev  0x0000000000002310       0x7f k:/quartus18/nios2eds/bin/gnu/h-x86_64-mingw32/bin/../lib/gcc/nios2-elf/5.3.0/../../../../../H-x86_64-mingw32/nios2-elf/lib/mno-hw-mul\libc.a(lib_a-memcmp.o)
 .debug_abbrev  0x000000000000238f       0xa3 k:/quartus18/nios2eds/bin/gnu/h-x86_64-mingw32/bin/../lib/gcc/nios2-elf/5.3.0/../../../../../H-x86_64-mingw32/nios2-elf/lib/mno-hw-mul\libc.a(lib_a-memcpy.o)
 .debug_abbrev  0x0000000000002432       0x90 k:/quartus18/nios2eds/bin/gnu/h-x86_64-mingw32/bin/../lib/gcc/nios2-elf/5.3.0/../../../../../H-x86_64-mingw32/nios2-elf/lib/mno-hw-mul\libc.a(lib_a-strlen.o)
 .debug_abbrev  0x00000000000024c2      0x21e k:/quartus18/nios2eds/bin/gnu/h-x86_64-mingw32/bin/../lib/gcc/nios2-elf/5.3.0/../../../../../H-x86_64-mingw32/nios2-elf/lib/mno-hw-mul\libc.a(lib_a-__atexit.o)
 .debug_abbrev  0x00000000000026e0      0x22e k:/quartus18/nios2eds/bin/gnu/h-x86_64-mingw32/bin/../lib/gcc/nios2-elf/5.3.0/../../../../../H-x86_64-mingw32/nios2-elf/lib/mno-hw-mul\libc.a(lib_a-__call_atexit.o)
 .debug_abbrev  0x000000000000290e      0x10e k:/quartus18/nios2eds/bin/gnu/h-x86_64-mingw32/bin/../lib/gcc/nios2-elf/5.3.0/mno-hw-mul\libgcc.a(lib2-divmod.o)
 .debug_abbrev  0x0000000000002a1c       0x6f k:/quartus18/nios2eds/bin/gnu/h-x86_64-mingw32/bin/../lib/gcc/nios2-elf/5.3.0/mno-hw-mul\libgcc.a(lib2-mul.o)
 .debug_abbrev  0x0000000000002a8b       0xa9 ../Lab4_1_bsp/\libhal_bsp.a(alt_exit.o)

.debug_line     0x0000000000000000     0x2c31
 *(.debug_line)
 .debug_line    0x0000000000000000       0x66 ../Lab4_1_bsp//obj/HAL/src/crt0.o
 .debug_line    0x0000000000000066       0xf1 obj/default/hello_world.o
 .debug_line    0x0000000000000157       0x8e ../Lab4_1_bsp/\libhal_bsp.a(alt_load.o)
 .debug_line    0x00000000000001e5       0xa4 ../Lab4_1_bsp/\libhal_bsp.a(alt_main.o)
 .debug_line    0x0000000000000289       0xa3 ../Lab4_1_bsp/\libhal_bsp.a(alt_usleep.o)
 .debug_line    0x000000000000032c      0x137 ../Lab4_1_bsp/\libhal_bsp.a(alt_sys_init.o)
 .debug_line    0x0000000000000463      0x12f ../Lab4_1_bsp/\libhal_bsp.a(altera_avalon_jtag_uart_fd.o)
 .debug_line    0x0000000000000592      0x18b ../Lab4_1_bsp/\libhal_bsp.a(altera_avalon_jtag_uart_init.o)
 .debug_line    0x000000000000071d      0x131 ../Lab4_1_bsp/\libhal_bsp.a(altera_avalon_jtag_uart_ioctl.o)
 .debug_line    0x000000000000084e      0x171 ../Lab4_1_bsp/\libhal_bsp.a(altera_avalon_jtag_uart_read.o)
 .debug_line    0x00000000000009bf      0x170 ../Lab4_1_bsp/\libhal_bsp.a(altera_avalon_jtag_uart_write.o)
 .debug_line    0x0000000000000b2f       0xf9 ../Lab4_1_bsp/\libhal_bsp.a(alt_alarm_start.o)
 .debug_line    0x0000000000000c28       0xa2 ../Lab4_1_bsp/\libhal_bsp.a(alt_busy_sleep.o)
 .debug_line    0x0000000000000cca      0x15b ../Lab4_1_bsp/\libhal_bsp.a(alt_close.o)
 .debug_line    0x0000000000000e25       0x51 ../Lab4_1_bsp/\libhal_bsp.a(alt_dcache_flush_all.o)
 .debug_line    0x0000000000000e76       0xee ../Lab4_1_bsp/\libhal_bsp.a(alt_dev.o)
 .debug_line    0x0000000000000f64       0xcf ../Lab4_1_bsp/\libhal_bsp.a(alt_dev_llist_insert.o)
 .debug_line    0x0000000000001033       0x59 ../Lab4_1_bsp/\libhal_bsp.a(alt_do_ctors.o)
 .debug_line    0x000000000000108c       0x59 ../Lab4_1_bsp/\libhal_bsp.a(alt_do_dtors.o)
 .debug_line    0x00000000000010e5       0x51 ../Lab4_1_bsp/\libhal_bsp.a(alt_errno.o)
 .debug_line    0x0000000000001136       0x4f ../Lab4_1_bsp/\libhal_bsp.a(alt_icache_flush_all.o)
 .debug_line    0x0000000000001185       0xeb ../Lab4_1_bsp/\libhal_bsp.a(alt_iic.o)
 .debug_line    0x0000000000001270       0xdb ../Lab4_1_bsp/\libhal_bsp.a(alt_iic_isr_register.o)
 .debug_line    0x000000000000134b      0x12b ../Lab4_1_bsp/\libhal_bsp.a(alt_io_redirect.o)
 .debug_line    0x0000000000001476       0x6b ../Lab4_1_bsp/\libhal_bsp.a(alt_irq_entry.o)
 .debug_line    0x00000000000014e1       0xaa ../Lab4_1_bsp/\libhal_bsp.a(alt_irq_handler.o)
 .debug_line    0x000000000000158b       0x50 ../Lab4_1_bsp/\libhal_bsp.a(alt_irq_vars.o)
 .debug_line    0x00000000000015db      0x12b ../Lab4_1_bsp/\libhal_bsp.a(alt_open.o)
 .debug_line    0x0000000000001706       0xb0 ../Lab4_1_bsp/\libhal_bsp.a(alt_release_fd.o)
 .debug_line    0x00000000000017b6       0xff ../Lab4_1_bsp/\libhal_bsp.a(alt_tick.o)
 .debug_line    0x00000000000018b5       0x51 ../Lab4_1_bsp/\libhal_bsp.a(altera_nios2_gen2_irq.o)
 .debug_line    0x0000000000001906       0xb3 ../Lab4_1_bsp/\libhal_bsp.a(alt_exception_entry.o)
 .debug_line    0x00000000000019b9       0xb5 ../Lab4_1_bsp/\libhal_bsp.a(alt_find_dev.o)
 .debug_line    0x0000000000001a6e       0xd1 ../Lab4_1_bsp/\libhal_bsp.a(alt_find_file.o)
 .debug_line    0x0000000000001b3f       0xd7 ../Lab4_1_bsp/\libhal_bsp.a(alt_get_fd.o)
 .debug_line    0x0000000000001c16       0xb9 ../Lab4_1_bsp/\libhal_bsp.a(alt_instruction_exception_entry.o)
 .debug_line    0x0000000000001ccf       0xe7 k:/quartus18/nios2eds/bin/gnu/h-x86_64-mingw32/bin/../lib/gcc/nios2-elf/5.3.0/../../../../../H-x86_64-mingw32/nios2-elf/lib/mno-hw-mul\libc.a(lib_a-atexit.o)
 .debug_line    0x0000000000001db6      0x1fc k:/quartus18/nios2eds/bin/gnu/h-x86_64-mingw32/bin/../lib/gcc/nios2-elf/5.3.0/../../../../../H-x86_64-mingw32/nios2-elf/lib/mno-hw-mul\libc.a(lib_a-exit.o)
 .debug_line    0x0000000000001fb2      0x160 k:/quartus18/nios2eds/bin/gnu/h-x86_64-mingw32/bin/../lib/gcc/nios2-elf/5.3.0/../../../../../H-x86_64-mingw32/nios2-elf/lib/mno-hw-mul\libc.a(lib_a-impure.o)
 .debug_line    0x0000000000002112       0x5f k:/quartus18/nios2eds/bin/gnu/h-x86_64-mingw32/bin/../lib/gcc/nios2-elf/5.3.0/../../../../../H-x86_64-mingw32/nios2-elf/lib/mno-hw-mul\libc.a(lib_a-int_errno.o)
 .debug_line    0x0000000000002171      0x176 k:/quartus18/nios2eds/bin/gnu/h-x86_64-mingw32/bin/../lib/gcc/nios2-elf/5.3.0/../../../../../H-x86_64-mingw32/nios2-elf/lib/mno-hw-mul\libc.a(lib_a-memcmp.o)
 .debug_line    0x00000000000022e7      0x18c k:/quartus18/nios2eds/bin/gnu/h-x86_64-mingw32/bin/../lib/gcc/nios2-elf/5.3.0/../../../../../H-x86_64-mingw32/nios2-elf/lib/mno-hw-mul\libc.a(lib_a-memcpy.o)
 .debug_line    0x0000000000002473      0x16f k:/quartus18/nios2eds/bin/gnu/h-x86_64-mingw32/bin/../lib/gcc/nios2-elf/5.3.0/../../../../../H-x86_64-mingw32/nios2-elf/lib/mno-hw-mul\libc.a(lib_a-strlen.o)
 .debug_line    0x00000000000025e2      0x21f k:/quartus18/nios2eds/bin/gnu/h-x86_64-mingw32/bin/../lib/gcc/nios2-elf/5.3.0/../../../../../H-x86_64-mingw32/nios2-elf/lib/mno-hw-mul\libc.a(lib_a-__atexit.o)
 .debug_line    0x0000000000002801      0x23a k:/quartus18/nios2eds/bin/gnu/h-x86_64-mingw32/bin/../lib/gcc/nios2-elf/5.3.0/../../../../../H-x86_64-mingw32/nios2-elf/lib/mno-hw-mul\libc.a(lib_a-__call_atexit.o)
 .debug_line    0x0000000000002a3b      0x105 k:/quartus18/nios2eds/bin/gnu/h-x86_64-mingw32/bin/../lib/gcc/nios2-elf/5.3.0/mno-hw-mul\libgcc.a(lib2-divmod.o)
 .debug_line    0x0000000000002b40       0x80 k:/quartus18/nios2eds/bin/gnu/h-x86_64-mingw32/bin/../lib/gcc/nios2-elf/5.3.0/mno-hw-mul\libgcc.a(lib2-mul.o)
 .debug_line    0x0000000000002bc0       0x71 ../Lab4_1_bsp/\libhal_bsp.a(alt_exit.o)

.debug_frame    0x0000000000000000      0xb64
 *(.debug_frame)
 .debug_frame   0x0000000000000000       0x2c obj/default/hello_world.o
 .debug_frame   0x000000000000002c       0x5c ../Lab4_1_bsp/\libhal_bsp.a(alt_load.o)
 .debug_frame   0x0000000000000088       0x2c ../Lab4_1_bsp/\libhal_bsp.a(alt_main.o)
 .debug_frame   0x00000000000000b4       0x38 ../Lab4_1_bsp/\libhal_bsp.a(alt_usleep.o)
 .debug_frame   0x00000000000000ec       0x88 ../Lab4_1_bsp/\libhal_bsp.a(alt_sys_init.o)
 .debug_frame   0x0000000000000174       0xb0 ../Lab4_1_bsp/\libhal_bsp.a(altera_avalon_jtag_uart_fd.o)
 .debug_frame   0x0000000000000224       0xa4 ../Lab4_1_bsp/\libhal_bsp.a(altera_avalon_jtag_uart_init.o)
 .debug_frame   0x00000000000002c8       0x34 ../Lab4_1_bsp/\libhal_bsp.a(altera_avalon_jtag_uart_ioctl.o)
 .debug_frame   0x00000000000002fc       0x38 ../Lab4_1_bsp/\libhal_bsp.a(altera_avalon_jtag_uart_read.o)
 .debug_frame   0x0000000000000334       0x38 ../Lab4_1_bsp/\libhal_bsp.a(altera_avalon_jtag_uart_write.o)
 .debug_frame   0x000000000000036c       0x34 ../Lab4_1_bsp/\libhal_bsp.a(alt_alarm_start.o)
 .debug_frame   0x00000000000003a0       0x38 ../Lab4_1_bsp/\libhal_bsp.a(alt_busy_sleep.o)
 .debug_frame   0x00000000000003d8       0x60 ../Lab4_1_bsp/\libhal_bsp.a(alt_close.o)
 .debug_frame   0x0000000000000438       0x34 ../Lab4_1_bsp/\libhal_bsp.a(alt_dcache_flush_all.o)
 .debug_frame   0x000000000000046c       0x34 ../Lab4_1_bsp/\libhal_bsp.a(alt_dev.o)
 .debug_frame   0x00000000000004a0       0x60 ../Lab4_1_bsp/\libhal_bsp.a(alt_dev_llist_insert.o)
 .debug_frame   0x0000000000000500       0x38 ../Lab4_1_bsp/\libhal_bsp.a(alt_do_ctors.o)
 .debug_frame   0x0000000000000538       0x38 ../Lab4_1_bsp/\libhal_bsp.a(alt_do_dtors.o)
 .debug_frame   0x0000000000000570       0x34 ../Lab4_1_bsp/\libhal_bsp.a(alt_icache_flush_all.o)
 .debug_frame   0x00000000000005a4       0xa4 ../Lab4_1_bsp/\libhal_bsp.a(alt_iic.o)
 .debug_frame   0x0000000000000648       0x38 ../Lab4_1_bsp/\libhal_bsp.a(alt_iic_isr_register.o)
 .debug_frame   0x0000000000000680       0x64 ../Lab4_1_bsp/\libhal_bsp.a(alt_io_redirect.o)
 .debug_frame   0x00000000000006e4       0x38 ../Lab4_1_bsp/\libhal_bsp.a(alt_irq_handler.o)
 .debug_frame   0x000000000000071c       0x8c ../Lab4_1_bsp/\libhal_bsp.a(alt_open.o)
 .debug_frame   0x00000000000007a8       0x3c ../Lab4_1_bsp/\libhal_bsp.a(alt_release_fd.o)
 .debug_frame   0x00000000000007e4       0x5c ../Lab4_1_bsp/\libhal_bsp.a(alt_tick.o)
 .debug_frame   0x0000000000000840       0x34 ../Lab4_1_bsp/\libhal_bsp.a(altera_nios2_gen2_irq.o)
 .debug_frame   0x0000000000000874       0x38 ../Lab4_1_bsp/\libhal_bsp.a(alt_find_dev.o)
 .debug_frame   0x00000000000008ac       0x38 ../Lab4_1_bsp/\libhal_bsp.a(alt_find_file.o)
 .debug_frame   0x00000000000008e4       0x3c ../Lab4_1_bsp/\libhal_bsp.a(alt_get_fd.o)
 .debug_frame   0x0000000000000920       0x5c ../Lab4_1_bsp/\libhal_bsp.a(alt_instruction_exception_entry.o)
 .debug_frame   0x000000000000097c       0x20 k:/quartus18/nios2eds/bin/gnu/h-x86_64-mingw32/bin/../lib/gcc/nios2-elf/5.3.0/../../../../../H-x86_64-mingw32/nios2-elf/lib/mno-hw-mul\libc.a(lib_a-atexit.o)
 .debug_frame   0x000000000000099c       0x28 k:/quartus18/nios2eds/bin/gnu/h-x86_64-mingw32/bin/../lib/gcc/nios2-elf/5.3.0/../../../../../H-x86_64-mingw32/nios2-elf/lib/mno-hw-mul\libc.a(lib_a-exit.o)
 .debug_frame   0x00000000000009c4       0x20 k:/quartus18/nios2eds/bin/gnu/h-x86_64-mingw32/bin/../lib/gcc/nios2-elf/5.3.0/../../../../../H-x86_64-mingw32/nios2-elf/lib/mno-hw-mul\libc.a(lib_a-memcmp.o)
 .debug_frame   0x00000000000009e4       0x38 k:/quartus18/nios2eds/bin/gnu/h-x86_64-mingw32/bin/../lib/gcc/nios2-elf/5.3.0/../../../../../H-x86_64-mingw32/nios2-elf/lib/mno-hw-mul\libc.a(lib_a-memcpy.o)
 .debug_frame   0x0000000000000a1c       0x20 k:/quartus18/nios2eds/bin/gnu/h-x86_64-mingw32/bin/../lib/gcc/nios2-elf/5.3.0/../../../../../H-x86_64-mingw32/nios2-elf/lib/mno-hw-mul\libc.a(lib_a-strlen.o)
 .debug_frame   0x0000000000000a3c       0x38 k:/quartus18/nios2eds/bin/gnu/h-x86_64-mingw32/bin/../lib/gcc/nios2-elf/5.3.0/../../../../../H-x86_64-mingw32/nios2-elf/lib/mno-hw-mul\libc.a(lib_a-__atexit.o)
 .debug_frame   0x0000000000000a74       0x54 k:/quartus18/nios2eds/bin/gnu/h-x86_64-mingw32/bin/../lib/gcc/nios2-elf/5.3.0/../../../../../H-x86_64-mingw32/nios2-elf/lib/mno-hw-mul\libc.a(lib_a-__call_atexit.o)
 .debug_frame   0x0000000000000ac8       0x50 k:/quartus18/nios2eds/bin/gnu/h-x86_64-mingw32/bin/../lib/gcc/nios2-elf/5.3.0/mno-hw-mul\libgcc.a(lib2-divmod.o)
 .debug_frame   0x0000000000000b18       0x20 k:/quartus18/nios2eds/bin/gnu/h-x86_64-mingw32/bin/../lib/gcc/nios2-elf/5.3.0/mno-hw-mul\libgcc.a(lib2-mul.o)
 .debug_frame   0x0000000000000b38       0x2c ../Lab4_1_bsp/\libhal_bsp.a(alt_exit.o)

.debug_str      0x0000000000000000     0x1c77
 *(.debug_str)
 .debug_str     0x0000000000000000      0x121 obj/default/hello_world.o
                                        0x171 (size before relaxing)
 .debug_str     0x0000000000000121      0x13a ../Lab4_1_bsp/\libhal_bsp.a(alt_load.o)
                                        0x221 (size before relaxing)
 .debug_str     0x000000000000025b       0x70 ../Lab4_1_bsp/\libhal_bsp.a(alt_main.o)
                                        0x1ac (size before relaxing)
 .debug_str     0x00000000000002cb       0x27 ../Lab4_1_bsp/\libhal_bsp.a(alt_usleep.o)
                                        0x157 (size before relaxing)
 .debug_str     0x00000000000002f2      0x19c ../Lab4_1_bsp/\libhal_bsp.a(alt_sys_init.o)
                                        0x361 (size before relaxing)
 .debug_str     0x000000000000048e       0xb9 ../Lab4_1_bsp/\libhal_bsp.a(altera_avalon_jtag_uart_fd.o)
                                        0x3b3 (size before relaxing)
 .debug_str     0x0000000000000547       0xd1 ../Lab4_1_bsp/\libhal_bsp.a(altera_avalon_jtag_uart_init.o)
                                        0x347 (size before relaxing)
 .debug_str     0x0000000000000618       0x4a ../Lab4_1_bsp/\libhal_bsp.a(altera_avalon_jtag_uart_ioctl.o)
                                        0x2a2 (size before relaxing)
 .debug_str     0x0000000000000662       0x7f ../Lab4_1_bsp/\libhal_bsp.a(altera_avalon_jtag_uart_read.o)
                                        0x2f7 (size before relaxing)
 .debug_str     0x00000000000006e1       0x4a ../Lab4_1_bsp/\libhal_bsp.a(altera_avalon_jtag_uart_write.o)
                                        0x2f8 (size before relaxing)
 .debug_str     0x000000000000072b       0x59 ../Lab4_1_bsp/\libhal_bsp.a(alt_alarm_start.o)
                                        0x28d (size before relaxing)
 .debug_str     0x0000000000000784       0x42 ../Lab4_1_bsp/\libhal_bsp.a(alt_busy_sleep.o)
                                        0x17a (size before relaxing)
 .debug_str     0x00000000000007c6       0x44 ../Lab4_1_bsp/\libhal_bsp.a(alt_close.o)
                                        0x21a (size before relaxing)
 .debug_str     0x000000000000080a       0x34 ../Lab4_1_bsp/\libhal_bsp.a(alt_dcache_flush_all.o)
                                        0x164 (size before relaxing)
 .debug_str     0x000000000000083e      0x120 ../Lab4_1_bsp/\libhal_bsp.a(alt_dev.o)
                                        0x314 (size before relaxing)
 .debug_str     0x000000000000095e       0x34 ../Lab4_1_bsp/\libhal_bsp.a(alt_dev_llist_insert.o)
                                        0x1db (size before relaxing)
 .debug_str     0x0000000000000992       0x48 ../Lab4_1_bsp/\libhal_bsp.a(alt_do_ctors.o)
                                         0xdf (size before relaxing)
 .debug_str     0x00000000000009da       0x4c ../Lab4_1_bsp/\libhal_bsp.a(alt_do_dtors.o)
                                         0xde (size before relaxing)
 .debug_str     0x0000000000000a26       0x14 ../Lab4_1_bsp/\libhal_bsp.a(alt_errno.o)
                                        0x154 (size before relaxing)
 .debug_str     0x0000000000000a3a       0x34 ../Lab4_1_bsp/\libhal_bsp.a(alt_icache_flush_all.o)
                                        0x164 (size before relaxing)
 .debug_str     0x0000000000000a6e       0xc4 ../Lab4_1_bsp/\libhal_bsp.a(alt_iic.o)
                                        0x24d (size before relaxing)
 .debug_str     0x0000000000000b32       0x4c ../Lab4_1_bsp/\libhal_bsp.a(alt_iic_isr_register.o)
                                        0x1f7 (size before relaxing)
 .debug_str     0x0000000000000b7e       0x56 ../Lab4_1_bsp/\libhal_bsp.a(alt_io_redirect.o)
                                        0x325 (size before relaxing)
 .debug_str     0x0000000000000bd4       0x3a ../Lab4_1_bsp/\libhal_bsp.a(alt_irq_handler.o)
                                        0x1a6 (size before relaxing)
 .debug_str     0x0000000000000c0e       0x17 ../Lab4_1_bsp/\libhal_bsp.a(alt_irq_vars.o)
                                        0x149 (size before relaxing)
 .debug_str     0x0000000000000c25       0x2f ../Lab4_1_bsp/\libhal_bsp.a(alt_open.o)
                                        0x25a (size before relaxing)
 .debug_str     0x0000000000000c54       0x28 ../Lab4_1_bsp/\libhal_bsp.a(alt_release_fd.o)
                                        0x1e2 (size before relaxing)
 .debug_str     0x0000000000000c7c       0x4a ../Lab4_1_bsp/\libhal_bsp.a(alt_tick.o)
                                        0x261 (size before relaxing)
 .debug_str     0x0000000000000cc6       0x3b ../Lab4_1_bsp/\libhal_bsp.a(altera_nios2_gen2_irq.o)
                                        0x16b (size before relaxing)
 .debug_str     0x0000000000000d01       0x24 ../Lab4_1_bsp/\libhal_bsp.a(alt_find_dev.o)
                                        0x1fb (size before relaxing)
 .debug_str     0x0000000000000d25       0x26 ../Lab4_1_bsp/\libhal_bsp.a(alt_find_file.o)
                                        0x209 (size before relaxing)
 .debug_str     0x0000000000000d4b       0x30 ../Lab4_1_bsp/\libhal_bsp.a(alt_get_fd.o)
                                        0x22b (size before relaxing)
 .debug_str     0x0000000000000d7b      0x48b ../Lab4_1_bsp/\libhal_bsp.a(alt_instruction_exception_entry.o)
                                        0x5af (size before relaxing)
 .debug_str     0x0000000000001206      0x17c k:/quartus18/nios2eds/bin/gnu/h-x86_64-mingw32/bin/../lib/gcc/nios2-elf/5.3.0/../../../../../H-x86_64-mingw32/nios2-elf/lib/mno-hw-mul\libc.a(lib_a-atexit.o)
                                        0x221 (size before relaxing)
 .debug_str     0x0000000000001382      0x3b5 k:/quartus18/nios2eds/bin/gnu/h-x86_64-mingw32/bin/../lib/gcc/nios2-elf/5.3.0/../../../../../H-x86_64-mingw32/nios2-elf/lib/mno-hw-mul\libc.a(lib_a-exit.o)
                                        0x5be (size before relaxing)
 .debug_str     0x0000000000001737       0xd6 k:/quartus18/nios2eds/bin/gnu/h-x86_64-mingw32/bin/../lib/gcc/nios2-elf/5.3.0/../../../../../H-x86_64-mingw32/nios2-elf/lib/mno-hw-mul\libc.a(lib_a-impure.o)
                                        0x5b5 (size before relaxing)
 .debug_str     0x000000000000180d       0x3f k:/quartus18/nios2eds/bin/gnu/h-x86_64-mingw32/bin/../lib/gcc/nios2-elf/5.3.0/../../../../../H-x86_64-mingw32/nios2-elf/lib/mno-hw-mul\libc.a(lib_a-int_errno.o)
                                        0x1dd (size before relaxing)
 .debug_str     0x000000000000184c       0xda k:/quartus18/nios2eds/bin/gnu/h-x86_64-mingw32/bin/../lib/gcc/nios2-elf/5.3.0/../../../../../H-x86_64-mingw32/nios2-elf/lib/mno-hw-mul\libc.a(lib_a-memcmp.o)
                                        0x1e4 (size before relaxing)
 .debug_str     0x0000000000001926       0x6b k:/quartus18/nios2eds/bin/gnu/h-x86_64-mingw32/bin/../lib/gcc/nios2-elf/5.3.0/../../../../../H-x86_64-mingw32/nios2-elf/lib/mno-hw-mul\libc.a(lib_a-memcpy.o)
                                        0x20b (size before relaxing)
 .debug_str     0x0000000000001991       0x51 k:/quartus18/nios2eds/bin/gnu/h-x86_64-mingw32/bin/../lib/gcc/nios2-elf/5.3.0/../../../../../H-x86_64-mingw32/nios2-elf/lib/mno-hw-mul\libc.a(lib_a-strlen.o)
                                        0x1f7 (size before relaxing)
 .debug_str     0x00000000000019e2       0x3f k:/quartus18/nios2eds/bin/gnu/h-x86_64-mingw32/bin/../lib/gcc/nios2-elf/5.3.0/../../../../../H-x86_64-mingw32/nios2-elf/lib/mno-hw-mul\libc.a(lib_a-__atexit.o)
                                        0x5f6 (size before relaxing)
 .debug_str     0x0000000000001a21       0x65 k:/quartus18/nios2eds/bin/gnu/h-x86_64-mingw32/bin/../lib/gcc/nios2-elf/5.3.0/../../../../../H-x86_64-mingw32/nios2-elf/lib/mno-hw-mul\libc.a(lib_a-__call_atexit.o)
                                        0x5e2 (size before relaxing)
 .debug_str     0x0000000000001a86      0x187 k:/quartus18/nios2eds/bin/gnu/h-x86_64-mingw32/bin/../lib/gcc/nios2-elf/5.3.0/mno-hw-mul\libgcc.a(lib2-divmod.o)
                                        0x1d2 (size before relaxing)
 .debug_str     0x0000000000001c0d       0x40 k:/quartus18/nios2eds/bin/gnu/h-x86_64-mingw32/bin/../lib/gcc/nios2-elf/5.3.0/mno-hw-mul\libgcc.a(lib2-mul.o)
                                        0x193 (size before relaxing)
 .debug_str     0x0000000000001c4d       0x2a ../Lab4_1_bsp/\libhal_bsp.a(alt_exit.o)
                                        0x160 (size before relaxing)

.debug_loc      0x0000000000000000      0xcd1
 *(.debug_loc)
 .debug_loc     0x0000000000000000       0x2c k:/quartus18/nios2eds/bin/gnu/h-x86_64-mingw32/bin/../lib/gcc/nios2-elf/5.3.0/../../../../../H-x86_64-mingw32/nios2-elf/lib/mno-hw-mul\libc.a(lib_a-atexit.o)
 .debug_loc     0x000000000000002c       0x1e k:/quartus18/nios2eds/bin/gnu/h-x86_64-mingw32/bin/../lib/gcc/nios2-elf/5.3.0/../../../../../H-x86_64-mingw32/nios2-elf/lib/mno-hw-mul\libc.a(lib_a-exit.o)
 .debug_loc     0x000000000000004a      0x126 k:/quartus18/nios2eds/bin/gnu/h-x86_64-mingw32/bin/../lib/gcc/nios2-elf/5.3.0/../../../../../H-x86_64-mingw32/nios2-elf/lib/mno-hw-mul\libc.a(lib_a-memcmp.o)
 .debug_loc     0x0000000000000170      0x266 k:/quartus18/nios2eds/bin/gnu/h-x86_64-mingw32/bin/../lib/gcc/nios2-elf/5.3.0/../../../../../H-x86_64-mingw32/nios2-elf/lib/mno-hw-mul\libc.a(lib_a-memcpy.o)
 .debug_loc     0x00000000000003d6       0x47 k:/quartus18/nios2eds/bin/gnu/h-x86_64-mingw32/bin/../lib/gcc/nios2-elf/5.3.0/../../../../../H-x86_64-mingw32/nios2-elf/lib/mno-hw-mul\libc.a(lib_a-strlen.o)
 .debug_loc     0x000000000000041d      0x185 k:/quartus18/nios2eds/bin/gnu/h-x86_64-mingw32/bin/../lib/gcc/nios2-elf/5.3.0/../../../../../H-x86_64-mingw32/nios2-elf/lib/mno-hw-mul\libc.a(lib_a-__atexit.o)
 .debug_loc     0x00000000000005a2      0x1ce k:/quartus18/nios2eds/bin/gnu/h-x86_64-mingw32/bin/../lib/gcc/nios2-elf/5.3.0/../../../../../H-x86_64-mingw32/nios2-elf/lib/mno-hw-mul\libc.a(lib_a-__call_atexit.o)
 .debug_loc     0x0000000000000770      0x4ce k:/quartus18/nios2eds/bin/gnu/h-x86_64-mingw32/bin/../lib/gcc/nios2-elf/5.3.0/mno-hw-mul\libgcc.a(lib2-divmod.o)
 .debug_loc     0x0000000000000c3e       0x93 k:/quartus18/nios2eds/bin/gnu/h-x86_64-mingw32/bin/../lib/gcc/nios2-elf/5.3.0/mno-hw-mul\libgcc.a(lib2-mul.o)

.debug_macinfo
 *(.debug_macinfo)

.debug_weaknames
 *(.debug_weaknames)

.debug_funcnames
 *(.debug_funcnames)

.debug_typenames
 *(.debug_typenames)

.debug_varnames
 *(.debug_varnames)

.debug_alt_sim_info
                0x0000000000000000       0x40
 *(.debug_alt_sim_info)
 .debug_alt_sim_info
                0x0000000000000000       0x10 ../Lab4_1_bsp//obj/HAL/src/crt0.o
 .debug_alt_sim_info
                0x0000000000000010       0x30 ../Lab4_1_bsp/\libhal_bsp.a(alt_busy_sleep.o)
                0x0000000001000000                __alt_data_end = 0x1000000
                0x0000000001000000                PROVIDE (__alt_stack_pointer, __alt_data_end)
                [!provide]                        PROVIDE (__alt_stack_limit, __alt_stack_base)
                [!provide]                        PROVIDE (__alt_heap_start, end)
                [!provide]                        PROVIDE (__alt_heap_limit, 0x1000000)
OUTPUT(Lab4_1.elf elf32-littlenios2)

.debug_ranges   0x0000000000000000      0x1d8
 .debug_ranges  0x0000000000000000       0x20 ../Lab4_1_bsp//obj/HAL/src/crt0.o
 .debug_ranges  0x0000000000000020       0x30 ../Lab4_1_bsp/\libhal_bsp.a(altera_avalon_jtag_uart_init.o)
 .debug_ranges  0x0000000000000050       0x18 ../Lab4_1_bsp/\libhal_bsp.a(altera_avalon_jtag_uart_read.o)
 .debug_ranges  0x0000000000000068       0x28 ../Lab4_1_bsp/\libhal_bsp.a(alt_irq_entry.o)
 .debug_ranges  0x0000000000000090       0x10 ../Lab4_1_bsp/\libhal_bsp.a(alt_irq_handler.o)
 .debug_ranges  0x00000000000000a0       0x30 ../Lab4_1_bsp/\libhal_bsp.a(alt_exception_entry.o)
 .debug_ranges  0x00000000000000d0       0x18 ../Lab4_1_bsp/\libhal_bsp.a(alt_instruction_exception_entry.o)
 .debug_ranges  0x00000000000000e8       0x10 k:/quartus18/nios2eds/bin/gnu/h-x86_64-mingw32/bin/../lib/gcc/nios2-elf/5.3.0/../../../../../H-x86_64-mingw32/nios2-elf/lib/mno-hw-mul\libc.a(lib_a-atexit.o)
 .debug_ranges  0x00000000000000f8       0x10 k:/quartus18/nios2eds/bin/gnu/h-x86_64-mingw32/bin/../lib/gcc/nios2-elf/5.3.0/../../../../../H-x86_64-mingw32/nios2-elf/lib/mno-hw-mul\libc.a(lib_a-exit.o)
 .debug_ranges  0x0000000000000108       0x10 k:/quartus18/nios2eds/bin/gnu/h-x86_64-mingw32/bin/../lib/gcc/nios2-elf/5.3.0/../../../../../H-x86_64-mingw32/nios2-elf/lib/mno-hw-mul\libc.a(lib_a-memcmp.o)
 .debug_ranges  0x0000000000000118       0x10 k:/quartus18/nios2eds/bin/gnu/h-x86_64-mingw32/bin/../lib/gcc/nios2-elf/5.3.0/../../../../../H-x86_64-mingw32/nios2-elf/lib/mno-hw-mul\libc.a(lib_a-memcpy.o)
 .debug_ranges  0x0000000000000128       0x10 k:/quartus18/nios2eds/bin/gnu/h-x86_64-mingw32/bin/../lib/gcc/nios2-elf/5.3.0/../../../../../H-x86_64-mingw32/nios2-elf/lib/mno-hw-mul\libc.a(lib_a-strlen.o)
 .debug_ranges  0x0000000000000138       0x10 k:/quartus18/nios2eds/bin/gnu/h-x86_64-mingw32/bin/../lib/gcc/nios2-elf/5.3.0/../../../../../H-x86_64-mingw32/nios2-elf/lib/mno-hw-mul\libc.a(lib_a-__atexit.o)
 .debug_ranges  0x0000000000000148       0x30 k:/quartus18/nios2eds/bin/gnu/h-x86_64-mingw32/bin/../lib/gcc/nios2-elf/5.3.0/../../../../../H-x86_64-mingw32/nios2-elf/lib/mno-hw-mul\libc.a(lib_a-__call_atexit.o)
 .debug_ranges  0x0000000000000178       0x60 k:/quartus18/nios2eds/bin/gnu/h-x86_64-mingw32/bin/../lib/gcc/nios2-elf/5.3.0/mno-hw-mul\libgcc.a(lib2-divmod.o)
