Info: Starting: Create block symbol file (.bsf)
Info: qsys-generate C:\Users\USER\Desktop\2025_2_NioII_SoC_Lab\Lab4_DE10\Nios2_2.qsys --block-symbol-file --output-directory=C:\Users\USER\Desktop\2025_2_NioII_SoC_Lab\Lab4_DE10\Nios2_2 --family="Cyclone V" --part=5CSXFC6D6F31C6
Progress: Loading Lab4_DE10/Nios2_2.qsys
Progress: Reading input file
Progress: Adding CLK [clock_source 18.1]
Progress: Parameterizing module CLK
Progress: Adding CPU [altera_nios2_gen2 18.1]
Progress: Parameterizing module CPU
Progress: Adding JUART [altera_avalon_jtag_uart 18.1]
Progress: Parameterizing module JUART
Progress: Adding PIO_LED [altera_avalon_pio 18.1]
Progress: Parameterizing module PIO_LED
Progress: Adding PIO_SW [altera_avalon_pio 18.1]
Progress: Parameterizing module PIO_SW
Progress: Adding PLL [altera_pll 18.1]
Progress: Parameterizing module PLL
Progress: Adding RAM [altera_avalon_onchip_memory2 18.1]
Progress: Parameterizing module RAM
Progress: Adding SDRAM [altera_avalon_new_sdram_controller 18.1]
Progress: Parameterizing module SDRAM
Progress: Adding SEG7 [SEG7_LUT_6_Ava 1.0]
Progress: Parameterizing module SEG7
Progress: Adding sysid_qsys_0 [altera_avalon_sysid_qsys 18.1]
Progress: Parameterizing module sysid_qsys_0
Progress: Building connections
Progress: Parameterizing connections
Progress: Validating
Progress: Done reading input file
Info: Nios2_2.JUART: JTAG UART IP input clock need to be at least double (2x) the operating frequency of JTAG TCK on board
Info: Nios2_2.PIO_SW: PIO inputs are not hardwired in test bench. Undefined values will be read from PIO inputs during simulation.
Info: Nios2_2.PLL: The legal reference clock frequency is 5.0 MHz..800.0 MHz
Warning: Nios2_2.PLL: Able to implement PLL - Actual settings differ from Requested settings
Info: Nios2_2.SDRAM: SDRAM Controller will only be supported in Quartus Prime Standard Edition in the future release.
Info: Nios2_2.sysid_qsys_0: System ID is not assigned automatically. Edit the System ID parameter to provide a unique ID
Info: Nios2_2.sysid_qsys_0: Time stamp will be automatically updated when this component is generated.
Info: qsys-generate succeeded.
Info: Finished: Create block symbol file (.bsf)
Info: 
Info: Starting: Create HDL design files for synthesis
Info: qsys-generate C:\Users\USER\Desktop\2025_2_NioII_SoC_Lab\Lab4_DE10\Nios2_2.qsys --synthesis=VHDL --output-directory=C:\Users\USER\Desktop\2025_2_NioII_SoC_Lab\Lab4_DE10\Nios2_2\synthesis --family="Cyclone V" --part=5CSXFC6D6F31C6
Progress: Loading Lab4_DE10/Nios2_2.qsys
Progress: Reading input file
Progress: Adding CLK [clock_source 18.1]
Progress: Parameterizing module CLK
Progress: Adding CPU [altera_nios2_gen2 18.1]
Progress: Parameterizing module CPU
Progress: Adding JUART [altera_avalon_jtag_uart 18.1]
Progress: Parameterizing module JUART
Progress: Adding PIO_LED [altera_avalon_pio 18.1]
Progress: Parameterizing module PIO_LED
Progress: Adding PIO_SW [altera_avalon_pio 18.1]
Progress: Parameterizing module PIO_SW
Progress: Adding PLL [altera_pll 18.1]
Progress: Parameterizing module PLL
Progress: Adding RAM [altera_avalon_onchip_memory2 18.1]
Progress: Parameterizing module RAM
Progress: Adding SDRAM [altera_avalon_new_sdram_controller 18.1]
Progress: Parameterizing module SDRAM
Progress: Adding SEG7 [SEG7_LUT_6_Ava 1.0]
Progress: Parameterizing module SEG7
Progress: Adding sysid_qsys_0 [altera_avalon_sysid_qsys 18.1]
Progress: Parameterizing module sysid_qsys_0
Progress: Building connections
Progress: Parameterizing connections
Progress: Validating
Progress: Done reading input file
Info: Nios2_2.JUART: JTAG UART IP input clock need to be at least double (2x) the operating frequency of JTAG TCK on board
Info: Nios2_2.PIO_SW: PIO inputs are not hardwired in test bench. Undefined values will be read from PIO inputs during simulation.
Info: Nios2_2.PLL: The legal reference clock frequency is 5.0 MHz..800.0 MHz
Warning: Nios2_2.PLL: Able to implement PLL - Actual settings differ from Requested settings
Info: Nios2_2.SDRAM: SDRAM Controller will only be supported in Quartus Prime Standard Edition in the future release.
Info: Nios2_2.sysid_qsys_0: System ID is not assigned automatically. Edit the System ID parameter to provide a unique ID
Info: Nios2_2.sysid_qsys_0: Time stamp will be automatically updated when this component is generated.
Info: Nios2_2: Generating Nios2_2 "Nios2_2" for QUARTUS_SYNTH
Info: Inserting clock-crossing logic between cmd_demux.src7 and cmd_mux_007.sink0
Info: Inserting clock-crossing logic between cmd_demux_001.src6 and cmd_mux_007.sink1
Info: Inserting clock-crossing logic between rsp_demux_007.src0 and rsp_mux.sink7
Info: Inserting clock-crossing logic between rsp_demux_007.src1 and rsp_mux_001.sink6
Info: CPU: "Nios2_2" instantiated altera_nios2_gen2 "CPU"
Info: JUART: Starting RTL generation for module 'Nios2_2_JUART'
Info: JUART:   Generation command is [exec K:/quartus18/quartus/bin64/perl/bin/perl.exe -I K:/quartus18/quartus/bin64/perl/lib -I K:/quartus18/quartus/sopc_builder/bin/europa -I K:/quartus18/quartus/sopc_builder/bin/perl_lib -I K:/quartus18/quartus/sopc_builder/bin -I K:/quartus18/quartus/../ip/altera/sopc_builder_ip/common -I K:/quartus18/quartus/../ip/altera/sopc_builder_ip/altera_avalon_jtag_uart -- K:/quartus18/quartus/../ip/altera/sopc_builder_ip/altera_avalon_jtag_uart/generate_rtl.pl --name=Nios2_2_JUART --dir=C:/Users/USER/AppData/Local/Temp/alt0514_4839386137800214768.dir/0009_JUART_gen/ --quartus_dir=K:/quartus18/quartus --verilog --config=C:/Users/USER/AppData/Local/Temp/alt0514_4839386137800214768.dir/0009_JUART_gen//Nios2_2_JUART_component_configuration.pl  --do_build_sim=0  ]
Info: JUART: Done RTL generation for module 'Nios2_2_JUART'
Info: JUART: "Nios2_2" instantiated altera_avalon_jtag_uart "JUART"
Info: PIO_LED: Starting RTL generation for module 'Nios2_2_PIO_LED'
Info: PIO_LED:   Generation command is [exec K:/quartus18/quartus/bin64/perl/bin/perl.exe -I K:/quartus18/quartus/bin64/perl/lib -I K:/quartus18/quartus/sopc_builder/bin/europa -I K:/quartus18/quartus/sopc_builder/bin/perl_lib -I K:/quartus18/quartus/sopc_builder/bin -I K:/quartus18/quartus/../ip/altera/sopc_builder_ip/common -I K:/quartus18/quartus/../ip/altera/sopc_builder_ip/altera_avalon_pio -- K:/quartus18/quartus/../ip/altera/sopc_builder_ip/altera_avalon_pio/generate_rtl.pl --name=Nios2_2_PIO_LED --dir=C:/Users/USER/AppData/Local/Temp/alt0514_4839386137800214768.dir/0010_PIO_LED_gen/ --quartus_dir=K:/quartus18/quartus --verilog --config=C:/Users/USER/AppData/Local/Temp/alt0514_4839386137800214768.dir/0010_PIO_LED_gen//Nios2_2_PIO_LED_component_configuration.pl  --do_build_sim=0  ]
Info: PIO_LED: Done RTL generation for module 'Nios2_2_PIO_LED'
Info: PIO_LED: "Nios2_2" instantiated altera_avalon_pio "PIO_LED"
Info: PIO_SW: Starting RTL generation for module 'Nios2_2_PIO_SW'
Info: PIO_SW:   Generation command is [exec K:/quartus18/quartus/bin64/perl/bin/perl.exe -I K:/quartus18/quartus/bin64/perl/lib -I K:/quartus18/quartus/sopc_builder/bin/europa -I K:/quartus18/quartus/sopc_builder/bin/perl_lib -I K:/quartus18/quartus/sopc_builder/bin -I K:/quartus18/quartus/../ip/altera/sopc_builder_ip/common -I K:/quartus18/quartus/../ip/altera/sopc_builder_ip/altera_avalon_pio -- K:/quartus18/quartus/../ip/altera/sopc_builder_ip/altera_avalon_pio/generate_rtl.pl --name=Nios2_2_PIO_SW --dir=C:/Users/USER/AppData/Local/Temp/alt0514_4839386137800214768.dir/0011_PIO_SW_gen/ --quartus_dir=K:/quartus18/quartus --verilog --config=C:/Users/USER/AppData/Local/Temp/alt0514_4839386137800214768.dir/0011_PIO_SW_gen//Nios2_2_PIO_SW_component_configuration.pl  --do_build_sim=0  ]
Info: PIO_SW: Done RTL generation for module 'Nios2_2_PIO_SW'
Info: PIO_SW: "Nios2_2" instantiated altera_avalon_pio "PIO_SW"
Info: PLL: "Nios2_2" instantiated altera_pll "PLL"
Info: RAM: Starting RTL generation for module 'Nios2_2_RAM'
Info: RAM:   Generation command is [exec K:/quartus18/quartus/bin64/perl/bin/perl.exe -I K:/quartus18/quartus/bin64/perl/lib -I K:/quartus18/quartus/sopc_builder/bin/europa -I K:/quartus18/quartus/sopc_builder/bin/perl_lib -I K:/quartus18/quartus/sopc_builder/bin -I K:/quartus18/quartus/../ip/altera/sopc_builder_ip/common -I K:/quartus18/quartus/../ip/altera/sopc_builder_ip/altera_avalon_onchip_memory2 -- K:/quartus18/quartus/../ip/altera/sopc_builder_ip/altera_avalon_onchip_memory2/generate_rtl.pl --name=Nios2_2_RAM --dir=C:/Users/USER/AppData/Local/Temp/alt0514_4839386137800214768.dir/0013_RAM_gen/ --quartus_dir=K:/quartus18/quartus --verilog --config=C:/Users/USER/AppData/Local/Temp/alt0514_4839386137800214768.dir/0013_RAM_gen//Nios2_2_RAM_component_configuration.pl  --do_build_sim=0  ]
Info: RAM: Done RTL generation for module 'Nios2_2_RAM'
Info: RAM: "Nios2_2" instantiated altera_avalon_onchip_memory2 "RAM"
Info: SDRAM: Starting RTL generation for module 'Nios2_2_SDRAM'
Info: SDRAM:   Generation command is [exec K:/quartus18/quartus/bin64/perl/bin/perl.exe -I K:/quartus18/quartus/bin64/perl/lib -I K:/quartus18/quartus/sopc_builder/bin/europa -I K:/quartus18/quartus/sopc_builder/bin/perl_lib -I K:/quartus18/quartus/sopc_builder/bin -I K:/quartus18/quartus/../ip/altera/sopc_builder_ip/common -I K:/quartus18/quartus/../ip/altera/sopc_builder_ip/altera_avalon_new_sdram_controller -- K:/quartus18/quartus/../ip/altera/sopc_builder_ip/altera_avalon_new_sdram_controller/generate_rtl.pl --name=Nios2_2_SDRAM --dir=C:/Users/USER/AppData/Local/Temp/alt0514_4839386137800214768.dir/0014_SDRAM_gen/ --quartus_dir=K:/quartus18/quartus --verilog --config=C:/Users/USER/AppData/Local/Temp/alt0514_4839386137800214768.dir/0014_SDRAM_gen//Nios2_2_SDRAM_component_configuration.pl  --do_build_sim=0  ]
Info: SDRAM: Done RTL generation for module 'Nios2_2_SDRAM'
Info: SDRAM: "Nios2_2" instantiated altera_avalon_new_sdram_controller "SDRAM"
Info: SEG7: "Nios2_2" instantiated SEG7_LUT_6_Ava "SEG7"
Info: sysid_qsys_0: "Nios2_2" instantiated altera_avalon_sysid_qsys "sysid_qsys_0"
Info: avalon_st_adapter: Inserting error_adapter: error_adapter_0
Info: avalon_st_adapter_001: Inserting error_adapter: error_adapter_0
Info: avalon_st_adapter_002: Inserting error_adapter: error_adapter_0
Info: avalon_st_adapter_003: Inserting error_adapter: error_adapter_0
Info: avalon_st_adapter_004: Inserting error_adapter: error_adapter_0
Info: avalon_st_adapter_005: Inserting error_adapter: error_adapter_0
Info: avalon_st_adapter_006: Inserting error_adapter: error_adapter_0
Info: avalon_st_adapter_007: Inserting error_adapter: error_adapter_0
Info: mm_interconnect_0: "Nios2_2" instantiated altera_mm_interconnect "mm_interconnect_0"
Info: irq_mapper: "Nios2_2" instantiated altera_irq_mapper "irq_mapper"
Info: rst_controller: "Nios2_2" instantiated altera_reset_controller "rst_controller"
Info: cpu: Starting RTL generation for module 'Nios2_2_CPU_cpu'
Info: cpu:   Generation command is [exec K:/Quartus18/quartus/bin64//eperlcmd.exe -I K:/Quartus18/quartus/bin64//perl/lib -I K:/quartus18/quartus/sopc_builder/bin/europa -I K:/quartus18/quartus/sopc_builder/bin/perl_lib -I K:/quartus18/quartus/sopc_builder/bin -I K:/quartus18/quartus/../ip/altera/nios2_ip/altera_nios2_gen2/cpu_lib -I K:/quartus18/quartus/../ip/altera/nios2_ip/altera_nios2_gen2/nios_lib -I K:/quartus18/quartus/../ip/altera/nios2_ip/altera_nios2_gen2 -I K:/quartus18/quartus/../ip/altera/nios2_ip/altera_nios2_gen2 -- K:/quartus18/quartus/../ip/altera/nios2_ip/altera_nios2_gen2/generate_rtl.epl --name=Nios2_2_CPU_cpu --dir=C:/Users/USER/AppData/Local/Temp/alt0514_4839386137800214768.dir/0019_cpu_gen/ --quartus_bindir=K:/Quartus18/quartus/bin64/ --verilog --config=C:/Users/USER/AppData/Local/Temp/alt0514_4839386137800214768.dir/0019_cpu_gen//Nios2_2_CPU_cpu_processor_configuration.pl  --do_build_sim=0  ]
Info: cpu: # 2026.03.02 17:27:56 (*) Starting Nios II generation
Info: cpu: # 2026.03.02 17:27:56 (*)   Checking for plaintext license.
Info: cpu: # 2026.03.02 17:27:57 (*)   Couldn't query license setup in Quartus directory K:/Quartus18/quartus/bin64/
Info: cpu: # 2026.03.02 17:27:57 (*)   Defaulting to contents of LM_LICENSE_FILE environment variable
Info: cpu: # 2026.03.02 17:27:57 (*)   Plaintext license not found.
Info: cpu: # 2026.03.02 17:27:57 (*)   No license required to generate encrypted Nios II/e.
Info: cpu: # 2026.03.02 17:27:57 (*)   Elaborating CPU configuration settings
Info: cpu: # 2026.03.02 17:27:57 (*)   Creating all objects for CPU
Info: cpu: # 2026.03.02 17:27:59 (*)   Generating RTL from CPU objects
Info: cpu: # 2026.03.02 17:27:59 (*)   Creating plain-text RTL
Info: cpu: # 2026.03.02 17:28:00 (*) Done Nios II generation
Info: cpu: Done RTL generation for module 'Nios2_2_CPU_cpu'
Info: cpu: "CPU" instantiated altera_nios2_gen2_unit "cpu"
Info: CPU_data_master_translator: "mm_interconnect_0" instantiated altera_merlin_master_translator "CPU_data_master_translator"
Info: JUART_avalon_jtag_slave_translator: "mm_interconnect_0" instantiated altera_merlin_slave_translator "JUART_avalon_jtag_slave_translator"
Info: CPU_data_master_agent: "mm_interconnect_0" instantiated altera_merlin_master_agent "CPU_data_master_agent"
Info: JUART_avalon_jtag_slave_agent: "mm_interconnect_0" instantiated altera_merlin_slave_agent "JUART_avalon_jtag_slave_agent"
Info: JUART_avalon_jtag_slave_agent_rsp_fifo: "mm_interconnect_0" instantiated altera_avalon_sc_fifo "JUART_avalon_jtag_slave_agent_rsp_fifo"
Info: router: "mm_interconnect_0" instantiated altera_merlin_router "router"
Info: router_001: "mm_interconnect_0" instantiated altera_merlin_router "router_001"
Info: router_002: "mm_interconnect_0" instantiated altera_merlin_router "router_002"
Info: router_003: "mm_interconnect_0" instantiated altera_merlin_router "router_003"
Info: router_009: "mm_interconnect_0" instantiated altera_merlin_router "router_009"
Info: SDRAM_s1_burst_adapter: "mm_interconnect_0" instantiated altera_merlin_burst_adapter "SDRAM_s1_burst_adapter"
Info: cmd_demux: "mm_interconnect_0" instantiated altera_merlin_demultiplexer "cmd_demux"
Info: cmd_demux_001: "mm_interconnect_0" instantiated altera_merlin_demultiplexer "cmd_demux_001"
Info: cmd_mux: "mm_interconnect_0" instantiated altera_merlin_multiplexer "cmd_mux"
Info: cmd_mux_001: "mm_interconnect_0" instantiated altera_merlin_multiplexer "cmd_mux_001"
Info: Reusing file C:/Users/USER/Desktop/2025_2_NioII_SoC_Lab/Lab4_DE10/Nios2_2/synthesis/submodules/altera_merlin_arbitrator.sv
Info: rsp_demux: "mm_interconnect_0" instantiated altera_merlin_demultiplexer "rsp_demux"
Info: rsp_demux_001: "mm_interconnect_0" instantiated altera_merlin_demultiplexer "rsp_demux_001"
Info: rsp_demux_007: "mm_interconnect_0" instantiated altera_merlin_demultiplexer "rsp_demux_007"
Info: rsp_mux: "mm_interconnect_0" instantiated altera_merlin_multiplexer "rsp_mux"
Info: Reusing file C:/Users/USER/Desktop/2025_2_NioII_SoC_Lab/Lab4_DE10/Nios2_2/synthesis/submodules/altera_merlin_arbitrator.sv
Info: rsp_mux_001: "mm_interconnect_0" instantiated altera_merlin_multiplexer "rsp_mux_001"
Info: Reusing file C:/Users/USER/Desktop/2025_2_NioII_SoC_Lab/Lab4_DE10/Nios2_2/synthesis/submodules/altera_merlin_arbitrator.sv
Info: SDRAM_s1_rsp_width_adapter: "mm_interconnect_0" instantiated altera_merlin_width_adapter "SDRAM_s1_rsp_width_adapter"
Info: Reusing file C:/Users/USER/Desktop/2025_2_NioII_SoC_Lab/Lab4_DE10/Nios2_2/synthesis/submodules/altera_merlin_address_alignment.sv
Info: Reusing file C:/Users/USER/Desktop/2025_2_NioII_SoC_Lab/Lab4_DE10/Nios2_2/synthesis/submodules/altera_merlin_burst_uncompressor.sv
Info: crosser: "mm_interconnect_0" instantiated altera_avalon_st_handshake_clock_crosser "crosser"
Info: Reusing file C:/Users/USER/Desktop/2025_2_NioII_SoC_Lab/Lab4_DE10/Nios2_2/synthesis/submodules/altera_avalon_st_pipeline_base.v
Info: avalon_st_adapter: "mm_interconnect_0" instantiated altera_avalon_st_adapter "avalon_st_adapter"
Info: avalon_st_adapter_007: "mm_interconnect_0" instantiated altera_avalon_st_adapter "avalon_st_adapter_007"
Info: error_adapter_0: "avalon_st_adapter" instantiated error_adapter "error_adapter_0"
Info: error_adapter_0: "avalon_st_adapter_007" instantiated error_adapter "error_adapter_0"
Info: Nios2_2: Done "Nios2_2" with 40 modules, 69 files
Info: qsys-generate succeeded.
Info: Finished: Create HDL design files for synthesis
