13:54:29 **** Incremental Build of configuration Nios II for project Lab3_2_1 ****
make all 
Info: Building ../Lab3_2_1_bsp/
K:/Quartus18/nios2eds/bin/gnu/H-x86_64-mingw32/bin/make --no-print-directory -C ../Lab3_2_1_bsp/
[BSP build complete]
Info: Compiling hello_world.c to obj/default/hello_world.o
nios2-elf-gcc -xc -MP -MMD -c -I../Lab3_2_1_bsp//HAL/inc -I../Lab3_2_1_bsp/ -I../Lab3_2_1_bsp//drivers/inc  -pipe -D__hal__ -DALT_NO_INSTRUCTION_EMULATION -DALT_SINGLE_THREADED    -O0 -g -Wall   -mno-hw-div -mno-hw-mul -mno-hw-mulx -mgpopt=global  -o obj/default/hello_world.o hello_world.c
hello_world.c:24:29: warning: missing braces around initializer [-Wmissing-braces]
 unsigned char LED_TBL[6][8]={
                             ^
hello_world.c:24:29: note: (near initialization for 'LED_TBL')
hello_world.c: In function 'main':
hello_world.c:38:17: warning: unused variable 'led' [-Wunused-variable]
   int32_t       led   = 0;
                 ^
hello_world.c:37:17: warning: unused variable 'count' [-Wunused-variable]
   int32_t       count = 0;
                 ^
hello_world.c:36:17: warning: unused variable 'j' [-Wunused-variable]
   unsigned char j     = 0x01;
                 ^
Info: Linking Lab3_2_1.elf
nios2-elf-g++  -T'../Lab3_2_1_bsp//linker.x' -msys-crt0='../Lab3_2_1_bsp//obj/HAL/src/crt0.o' -msys-lib=hal_bsp -L../Lab3_2_1_bsp/   -Wl,-Map=Lab3_2_1.map   -O0 -g -Wall   -mno-hw-div -mno-hw-mul -mno-hw-mulx -mgpopt=global  -o Lab3_2_1.elf obj/default/hello_world.o -lm -msys-lib=m
nios2-elf-insert Lab3_2_1.elf --thread_model hal --cpu_name CPU --qsys true --simulation_enabled false --id 0 --sidp 0x1041050 --timestamp 1772427266 --stderr_dev JUART --stdin_dev JUART --stdout_dev JUART --sopc_system_name Nios2 --quartus_project_dir "C:/Users/USER/Desktop/2025_2_NioII_SoC_Lab/Lab3_DE10" --jdi ../..//output_files/Nios2.jdi --sopcinfo C:/Users/USER/Desktop/2025_2_NioII_SoC_Lab/Lab3_DE10/software/Lab3_2_1_bsp/../../Nios2.sopcinfo
Info: (Lab3_2_1.elf) 16 KBytes program size (code + initialized data).
Info:                8170 KBytes free for stack + heap.
Info: Creating Lab3_2_1.objdump
nios2-elf-objdump --disassemble --syms --all-header --source Lab3_2_1.elf >Lab3_2_1.objdump
[Lab3_2_1 build complete]
13:54:43 **** Build of configuration Nios II for project Lab3_2_1 ****
make all 
Info: Building ../Lab3_2_1_bsp/
K:/Quartus18/nios2eds/bin/gnu/H-x86_64-mingw32/bin/make --no-print-directory -C ../Lab3_2_1_bsp/
[BSP build complete]
[Lab3_2_1 build complete]
13:54:45 **** Incremental Build of configuration Nios II for project Lab3_2_1 ****
make all 
Info: Building ../Lab3_2_1_bsp/
K:/Quartus18/nios2eds/bin/gnu/H-x86_64-mingw32/bin/make --no-print-directory -C ../Lab3_2_1_bsp/
[BSP build complete]
[Lab3_2_1 build complete]
